Archive member included to satisfy reference by file (symbol)

/usr/bin/../lib/gcc/arm-none-eabi/14.2.1/../../../../arm-none-eabi/lib/thumb/v7-m/nofp/libg.a(libc_a-exit.o)
                              /usr/bin/../lib/gcc/arm-none-eabi/14.2.1/../../../../arm-none-eabi/lib/thumb/v7-m/nofp/crt0.o (exit)
/usr/bin/../lib/gcc/arm-none-eabi/14.2.1/../../../../arm-none-eabi/lib/thumb/v7-m/nofp/libg.a(libc_a-findfp.o)
                              CMakeFiles/stm32project2.elf.dir/Middlewares/Third_Party/FreeRTOS/Source/tasks.c.obj (__sf)
/usr/bin/../lib/gcc/arm-none-eabi/14.2.1/../../../../arm-none-eabi/lib/thumb/v7-m/nofp/libg.a(libc_a-fwalk.o)
                              /usr/bin/../lib/gcc/arm-none-eabi/14.2.1/../../../../arm-none-eabi/lib/thumb/v7-m/nofp/libg.a(libc_a-findfp.o) (_fwalk_sglue)
/usr/bin/../lib/gcc/arm-none-eabi/14.2.1/../../../../arm-none-eabi/lib/thumb/v7-m/nofp/libg.a(libc_a-stdio.o)
                              /usr/bin/../lib/gcc/arm-none-eabi/14.2.1/../../../../arm-none-eabi/lib/thumb/v7-m/nofp/libg.a(libc_a-findfp.o) (__sread)
/usr/bin/../lib/gcc/arm-none-eabi/14.2.1/../../../../arm-none-eabi/lib/thumb/v7-m/nofp/libg.a(libc_a-memset.o)
                              /usr/bin/../lib/gcc/arm-none-eabi/14.2.1/../../../../arm-none-eabi/lib/thumb/v7-m/nofp/crt0.o (memset)
/usr/bin/../lib/gcc/arm-none-eabi/14.2.1/../../../../arm-none-eabi/lib/thumb/v7-m/nofp/libg.a(libc_a-closer.o)
                              /usr/bin/../lib/gcc/arm-none-eabi/14.2.1/../../../../arm-none-eabi/lib/thumb/v7-m/nofp/libg.a(libc_a-stdio.o) (_close_r)
/usr/bin/../lib/gcc/arm-none-eabi/14.2.1/../../../../arm-none-eabi/lib/thumb/v7-m/nofp/libg.a(libc_a-reent.o)
                              CMakeFiles/stm32project2.elf.dir/Middlewares/Third_Party/FreeRTOS/Source/tasks.c.obj (_reclaim_reent)
/usr/bin/../lib/gcc/arm-none-eabi/14.2.1/../../../../arm-none-eabi/lib/thumb/v7-m/nofp/libg.a(libc_a-impure.o)
                              CMakeFiles/stm32project2.elf.dir/Middlewares/Third_Party/FreeRTOS/Source/tasks.c.obj (_impure_ptr)
/usr/bin/../lib/gcc/arm-none-eabi/14.2.1/../../../../arm-none-eabi/lib/thumb/v7-m/nofp/libg.a(libc_a-lseekr.o)
                              /usr/bin/../lib/gcc/arm-none-eabi/14.2.1/../../../../arm-none-eabi/lib/thumb/v7-m/nofp/libg.a(libc_a-stdio.o) (_lseek_r)
/usr/bin/../lib/gcc/arm-none-eabi/14.2.1/../../../../arm-none-eabi/lib/thumb/v7-m/nofp/libg.a(libc_a-readr.o)
                              /usr/bin/../lib/gcc/arm-none-eabi/14.2.1/../../../../arm-none-eabi/lib/thumb/v7-m/nofp/libg.a(libc_a-stdio.o) (_read_r)
/usr/bin/../lib/gcc/arm-none-eabi/14.2.1/../../../../arm-none-eabi/lib/thumb/v7-m/nofp/libg.a(libc_a-writer.o)
                              /usr/bin/../lib/gcc/arm-none-eabi/14.2.1/../../../../arm-none-eabi/lib/thumb/v7-m/nofp/libg.a(libc_a-stdio.o) (_write_r)
/usr/bin/../lib/gcc/arm-none-eabi/14.2.1/../../../../arm-none-eabi/lib/thumb/v7-m/nofp/libg.a(libc_a-errno.o)
                              CMakeFiles/stm32project2.elf.dir/Core/Src/syscalls.c.obj (__errno)
/usr/bin/../lib/gcc/arm-none-eabi/14.2.1/../../../../arm-none-eabi/lib/thumb/v7-m/nofp/libg.a(libc_a-init.o)
                              /usr/bin/../lib/gcc/arm-none-eabi/14.2.1/../../../../arm-none-eabi/lib/thumb/v7-m/nofp/crt0.o (__libc_init_array)
/usr/bin/../lib/gcc/arm-none-eabi/14.2.1/../../../../arm-none-eabi/lib/thumb/v7-m/nofp/libg.a(libc_a-lock.o)
                              /usr/bin/../lib/gcc/arm-none-eabi/14.2.1/../../../../arm-none-eabi/lib/thumb/v7-m/nofp/libg.a(libc_a-findfp.o) (__retarget_lock_init_recursive)
/usr/bin/../lib/gcc/arm-none-eabi/14.2.1/../../../../arm-none-eabi/lib/thumb/v7-m/nofp/libg.a(libc_a-memcpy.o)
                              CMakeFiles/stm32project2.elf.dir/Middlewares/Third_Party/FreeRTOS/Source/CMSIS_RTOS_V2/cmsis_os2.c.obj (memcpy)
/usr/bin/../lib/gcc/arm-none-eabi/14.2.1/../../../../arm-none-eabi/lib/thumb/v7-m/nofp/libg.a(libc_a-__call_atexit.o)
                              /usr/bin/../lib/gcc/arm-none-eabi/14.2.1/../../../../arm-none-eabi/lib/thumb/v7-m/nofp/libg.a(libc_a-exit.o) (__call_exitprocs)
/usr/bin/../lib/gcc/arm-none-eabi/14.2.1/../../../../arm-none-eabi/lib/thumb/v7-m/nofp/libg.a(libc_a-atexit.o)
                              /usr/bin/../lib/gcc/arm-none-eabi/14.2.1/../../../../arm-none-eabi/lib/thumb/v7-m/nofp/libg.a(libc_a-__call_atexit.o) (atexit)
/usr/bin/../lib/gcc/arm-none-eabi/14.2.1/../../../../arm-none-eabi/lib/thumb/v7-m/nofp/libg.a(libc_a-freer.o)
                              /usr/bin/../lib/gcc/arm-none-eabi/14.2.1/../../../../arm-none-eabi/lib/thumb/v7-m/nofp/libg.a(libc_a-reent.o) (_free_r)
/usr/bin/../lib/gcc/arm-none-eabi/14.2.1/../../../../arm-none-eabi/lib/thumb/v7-m/nofp/libg.a(libc_a-mallocr.o)
                              /usr/bin/../lib/gcc/arm-none-eabi/14.2.1/../../../../arm-none-eabi/lib/thumb/v7-m/nofp/libg.a(libc_a-findfp.o) (_malloc_r)
[...]
Memory Configuration

Name             Origin             Length             Attributes
RAM              0x20000000         0x00010000         xrw
FLASH            0x08000000         0x00080000         xr
*default*        0x00000000         0xffffffff

Linker script and memory map

LOAD /usr/bin/../lib/gcc/arm-none-eabi/14.2.1/thumb/v7-m/nofp/crti.o
LOAD /usr/bin/../lib/gcc/arm-none-eabi/14.2.1/thumb/v7-m/nofp/crtbegin.o
LOAD /usr/bin/../lib/gcc/arm-none-eabi/14.2.1/../../../../arm-none-eabi/lib/thumb/v7-m/nofp/crt0.o
LOAD CMakeFiles/stm32project2.elf.dir/Core/Src/can.c.obj
LOAD CMakeFiles/stm32project2.elf.dir/Core/Src/freertos.c.obj
LOAD CMakeFiles/stm32project2.elf.dir/Core/Src/gpio.c.obj
LOAD CMakeFiles/stm32project2.elf.dir/Core/Src/main.c.obj
LOAD CMakeFiles/stm32project2.elf.dir/Core/Src/stm32f1xx_hal_msp.c.obj
LOAD CMakeFiles/stm32project2.elf.dir/Core/Src/stm32f1xx_hal_timebase_tim.c.obj
LOAD CMakeFiles/stm32project2.elf.dir/Core/Src/stm32f1xx_it.c.obj
LOAD CMakeFiles/stm32project2.elf.dir/Core/Src/syscalls.c.obj
LOAD CMakeFiles/stm32project2.elf.dir/Core/Src/sysmem.c.obj
LOAD CMakeFiles/stm32project2.elf.dir/Core/Src/system_stm32f1xx.c.obj
LOAD CMakeFiles/stm32project2.elf.dir/Core/Src/tim.c.obj
LOAD CMakeFiles/stm32project2.elf.dir/Core/Src/usart.c.obj
LOAD CMakeFiles/stm32project2.elf.dir/Core/Startup/startup_stm32f103zetx.s.obj
LOAD CMakeFiles/stm32project2.elf.dir/Drivers/STM32F1xx_HAL_Driver/Src/stm32f1xx_hal.c.obj
LOAD CMakeFiles/stm32project2.elf.dir/Drivers/STM32F1xx_HAL_Driver/Src/stm32f1xx_hal_can.c.obj
LOAD CMakeFiles/stm32project2.elf.dir/Drivers/STM32F1xx_HAL_Driver/Src/stm32f1xx_hal_cortex.c.obj
LOAD CMakeFiles/stm32project2.elf.dir/Drivers/STM32F1xx_HAL_Driver/Src/stm32f1xx_hal_dma.c.obj
LOAD CMakeFiles/stm32project2.elf.dir/Drivers/STM32F1xx_HAL_Driver/Src/stm32f1xx_hal_exti.c.obj
LOAD CMakeFiles/stm32project2.elf.dir/Drivers/STM32F1xx_HAL_Driver/Src/stm32f1xx_hal_flash.c.obj
LOAD CMakeFiles/stm32project2.elf.dir/Drivers/STM32F1xx_HAL_Driver/Src/stm32f1xx_hal_flash_ex.c.obj
LOAD CMakeFiles/stm32project2.elf.dir/Drivers/STM32F1xx_HAL_Driver/Src/stm32f1xx_hal_gpio.c.obj
LOAD CMakeFiles/stm32project2.elf.dir/Drivers/STM32F1xx_HAL_Driver/Src/stm32f1xx_hal_gpio_ex.c.obj
LOAD CMakeFiles/stm32project2.elf.dir/Drivers/STM32F1xx_HAL_Driver/Src/stm32f1xx_hal_pwr.c.obj
LOAD CMakeFiles/stm32project2.elf.dir/Drivers/STM32F1xx_HAL_Driver/Src/stm32f1xx_hal_rcc.c.obj
LOAD CMakeFiles/stm32project2.elf.dir/Drivers/STM32F1xx_HAL_Driver/Src/stm32f1xx_hal_rcc_ex.c.obj
LOAD CMakeFiles/stm32project2.elf.dir/Drivers/STM32F1xx_HAL_Driver/Src/stm32f1xx_hal_tim.c.obj
LOAD CMakeFiles/stm32project2.elf.dir/Drivers/STM32F1xx_HAL_Driver/Src/stm32f1xx_hal_tim_ex.c.obj
LOAD CMakeFiles/stm32project2.elf.dir/Drivers/STM32F1xx_HAL_Driver/Src/stm32f1xx_hal_uart.c.obj
LOAD CMakeFiles/stm32project2.elf.dir/Middlewares/Third_Party/FreeRTOS/Source/CMSIS_RTOS_V2/cmsis_os2.c.obj
LOAD CMakeFiles/stm32project2.elf.dir/Middlewares/Third_Party/FreeRTOS/Source/croutine.c.obj
LOAD CMakeFiles/stm32project2.elf.dir/Middlewares/Third_Party/FreeRTOS/Source/event_groups.c.obj
LOAD CMakeFiles/stm32project2.elf.dir/Middlewares/Third_Party/FreeRTOS/Source/list.c.obj
LOAD CMakeFiles/stm32project2.elf.dir/Middlewares/Third_Party/FreeRTOS/Source/portable/GCC/ARM_CM3/port.c.obj
LOAD CMakeFiles/stm32project2.elf.dir/Middlewares/Third_Party/FreeRTOS/Source/portable/MemMang/heap_4.c.obj
LOAD CMakeFiles/stm32project2.elf.dir/Middlewares/Third_Party/FreeRTOS/Source/queue.c.obj
LOAD CMakeFiles/stm32project2.elf.dir/Middlewares/Third_Party/FreeRTOS/Source/stream_buffer.c.obj
LOAD CMakeFiles/stm32project2.elf.dir/Middlewares/Third_Party/FreeRTOS/Source/tasks.c.obj
LOAD CMakeFiles/stm32project2.elf.dir/Middlewares/Third_Party/FreeRTOS/Source/timers.c.obj
LOAD CMakeFiles/stm32project2.elf.dir/New/Src/i2c.c.obj
LOAD CMakeFiles/stm32project2.elf.dir/New/Src/oled.c.obj
START GROUP
LOAD /usr/bin/../lib/gcc/arm-none-eabi/14.2.1/thumb/v7-m/nofp/libgcc.a
LOAD /usr/bin/../lib/gcc/arm-none-eabi/14.2.1/../../../../arm-none-eabi/lib/thumb/v7-m/nofp/libg.a
LOAD /usr/bin/../lib/gcc/arm-none-eabi/14.2.1/../../../../arm-none-eabi/lib/thumb/v7-m/nofp/libc.a
END GROUP
LOAD /usr/bin/../lib/gcc/arm-none-eabi/14.2.1/thumb/v7-m/nofp/crtend.o
LOAD /usr/bin/../lib/gcc/arm-none-eabi/14.2.1/thumb/v7-m/nofp/crtn.o
                0x20010000                        _estack = (ORIGIN (RAM) + LENGTH (RAM))
                0x00000400                        _Min_Heap_Size = 0x400
                0x00000400                        _Min_Stack_Size = 0x400

.isr_vector     0x08000000      0x1e4
                0x08000000                        . = ALIGN (0x4)
 *(.isr_vector)
 .isr_vector    0x08000000      0x1e4 CMakeFiles/stm32project2.elf.dir/Core/Startup/startup_stm32f103zetx.s.obj
                0x08000000                g_pfnVectors
                0x080001e4                        . = ALIGN (0x4)

.text           0x080001f0     0x5318
                0x080001f0                        . = ALIGN (0x4)
 *(.text)
 .text          0x080001f0       0xec /usr/bin/../lib/gcc/arm-none-eabi/14.2.1/../../../../arm-none-eabi/lib/thumb/v7-m/nofp/libg.a(libc_a-memcpy.o)
                0x080001f0                memcpy
 *(.text*)
 .text.deregister_tm_clones
                0x080002dc       0x1c /usr/bin/../lib/gcc/arm-none-eabi/14.2.1/thumb/v7-m/nofp/crtbegin.o
 .text.register_tm_clones
                0x080002f8       0x24 /usr/bin/../lib/gcc/arm-none-eabi/14.2.1/thumb/v7-m/nofp/crtbegin.o
 .text.__do_global_dtors_aux
                0x0800031c       0x28 /usr/bin/../lib/gcc/arm-none-eabi/14.2.1/thumb/v7-m/nofp/crtbegin.o
 .text.frame_dummy
                0x08000344       0x24 /usr/bin/../lib/gcc/arm-none-eabi/14.2.1/thumb/v7-m/nofp/crtbegin.o
 .text.MX_CAN_Init
                0x08000368       0x38 CMakeFiles/stm32project2.elf.dir/Core/Src/can.c.obj
                0x08000368                MX_CAN_Init
 .text.HAL_CAN_MspInit
                0x080003a0       0x90 CMakeFiles/stm32project2.elf.dir/Core/Src/can.c.obj
                0x080003a0                HAL_CAN_MspInit
 .text.StartTask02
                0x08000430        0xa CMakeFiles/stm32project2.elf.dir/Core/Src/freertos.c.obj
                0x08000430                StartTask02
 *fill*         0x0800043a        0x2 
 .text.MX_FREERTOS_Init
                0x0800043c       0x38 CMakeFiles/stm32project2.elf.dir/Core/Src/freertos.c.obj
                0x0800043c                MX_FREERTOS_Init
 .text.StopMotor
                0x08000474       0x1c CMakeFiles/stm32project2.elf.dir/Core/Src/freertos.c.obj
                0x08000474                StopMotor
 .text.StartMotor
                0x08000490       0x10 CMakeFiles/stm32project2.elf.dir/Core/Src/freertos.c.obj
                0x08000490                StartMotor
 .text.BlinkLEDs
                0x080004a0       0x74 CMakeFiles/stm32project2.elf.dir/Core/Src/freertos.c.obj
                0x080004a0                BlinkLEDs
 .text.StartDefaultTask
                0x08000514       0xe8 CMakeFiles/stm32project2.elf.dir/Core/Src/freertos.c.obj
                0x08000514                StartDefaultTask
 .text.MX_GPIO_Init
                0x080005fc      0x14c CMakeFiles/stm32project2.elf.dir/Core/Src/gpio.c.obj
                0x080005fc                MX_GPIO_Init
 .text.HAL_TIM_PeriodElapsedCallback
                0x08000748       0x58 CMakeFiles/stm32project2.elf.dir/Core/Src/main.c.obj
                0x08000748                HAL_TIM_PeriodElapsedCallback
 .text.Error_Handler
                0x080007a0        0x4 CMakeFiles/stm32project2.elf.dir/Core/Src/main.c.obj
                0x080007a0                Error_Handler
 .text.SystemClock_Config
                0x080007a4       0x64 CMakeFiles/stm32project2.elf.dir/Core/Src/main.c.obj
                0x080007a4                SystemClock_Config
 .text.main     0x08000808       0x44 CMakeFiles/stm32project2.elf.dir/Core/Src/main.c.obj
                0x08000808                main
 .text.HAL_MspInit
                0x0800084c       0x54 CMakeFiles/stm32project2.elf.dir/Core/Src/stm32f1xx_hal_msp.c.obj
                0x0800084c                HAL_MspInit
 .text.HAL_InitTick
                0x080008a0       0xa0 CMakeFiles/stm32project2.elf.dir/Core/Src/stm32f1xx_hal_timebase_tim.c.obj
                0x080008a0                HAL_InitTick
 .text.NMI_Handler
                0x08000940        0x2 CMakeFiles/stm32project2.elf.dir/Core/Src/stm32f1xx_it.c.obj
                0x08000940                NMI_Handler
 .text.HardFault_Handler
                0x08000942        0x2 CMakeFiles/stm32project2.elf.dir/Core/Src/stm32f1xx_it.c.obj
                0x08000942                HardFault_Handler
 .text.MemManage_Handler
                0x08000944        0x2 CMakeFiles/stm32project2.elf.dir/Core/Src/stm32f1xx_it.c.obj
                0x08000944                MemManage_Handler
 .text.BusFault_Handler
                0x08000946        0x2 CMakeFiles/stm32project2.elf.dir/Core/Src/stm32f1xx_it.c.obj
                0x08000946                BusFault_Handler
 .text.UsageFault_Handler
                0x08000948        0x2 CMakeFiles/stm32project2.elf.dir/Core/Src/stm32f1xx_it.c.obj
                0x08000948                UsageFault_Handler
 .text.DebugMon_Handler
                0x0800094a        0x2 CMakeFiles/stm32project2.elf.dir/Core/Src/stm32f1xx_it.c.obj
                0x0800094a                DebugMon_Handler
 .text.USB_LP_CAN1_RX0_IRQHandler
                0x0800094c       0x10 CMakeFiles/stm32project2.elf.dir/Core/Src/stm32f1xx_it.c.obj
                0x0800094c                USB_LP_CAN1_RX0_IRQHandler
 .text.TIM1_TRG_COM_IRQHandler
                0x0800095c       0x10 CMakeFiles/stm32project2.elf.dir/Core/Src/stm32f1xx_it.c.obj
                0x0800095c                TIM1_TRG_COM_IRQHandler
 .text.TIM1_CC_IRQHandler
                0x0800096c       0x10 CMakeFiles/stm32project2.elf.dir/Core/Src/stm32f1xx_it.c.obj
                0x0800096c                TIM1_CC_IRQHandler
 .text.TIM2_IRQHandler
                0x0800097c       0x10 CMakeFiles/stm32project2.elf.dir/Core/Src/stm32f1xx_it.c.obj
                0x0800097c                TIM2_IRQHandler
 .text.USART1_IRQHandler
                0x0800098c       0x10 CMakeFiles/stm32project2.elf.dir/Core/Src/stm32f1xx_it.c.obj
                0x0800098c                USART1_IRQHandler
 .text.TIM5_IRQHandler
                0x0800099c       0x10 CMakeFiles/stm32project2.elf.dir/Core/Src/stm32f1xx_it.c.obj
                0x0800099c                TIM5_IRQHandler
 .text._sbrk    0x080009ac       0x48 CMakeFiles/stm32project2.elf.dir/Core/Src/sysmem.c.obj
                0x080009ac                _sbrk
 .text.SystemInit
                0x080009f4        0x2 CMakeFiles/stm32project2.elf.dir/Core/Src/system_stm32f1xx.c.obj
                0x080009f4                SystemInit
 *fill*         0x080009f6        0x2 
 .text.MX_TIM4_Init
                0x080009f8       0x74 CMakeFiles/stm32project2.elf.dir/Core/Src/tim.c.obj
                0x080009f8                MX_TIM4_Init
 .text.MX_TIM5_Init
                0x08000a6c       0x9c CMakeFiles/stm32project2.elf.dir/Core/Src/tim.c.obj
                0x08000a6c                MX_TIM5_Init
 .text.HAL_TIM_Base_MspInit
                0x08000b08      0x100 CMakeFiles/stm32project2.elf.dir/Core/Src/tim.c.obj
                0x08000b08                HAL_TIM_Base_MspInit
 .text.HAL_TIM_MspPostInit
                0x08000c08       0xa8 CMakeFiles/stm32project2.elf.dir/Core/Src/tim.c.obj
                0x08000c08                HAL_TIM_MspPostInit
 .text.MX_TIM1_Init
                0x08000cb0      0x144 CMakeFiles/stm32project2.elf.dir/Core/Src/tim.c.obj
                0x08000cb0                MX_TIM1_Init
 .text.MX_TIM3_Init
                0x08000df4       0xc0 CMakeFiles/stm32project2.elf.dir/Core/Src/tim.c.obj
                0x08000df4                MX_TIM3_Init
 .text.HAL_TIM_Base_MspDeInit
                0x08000eb4       0x88 CMakeFiles/stm32project2.elf.dir/Core/Src/tim.c.obj
                0x08000eb4                HAL_TIM_Base_MspDeInit
 .text.HAL_TIM_OC_DelayElapsedCallback
                0x08000f3c       0x24 CMakeFiles/stm32project2.elf.dir/Core/Src/tim.c.obj
                0x08000f3c                HAL_TIM_OC_DelayElapsedCallback
 .text.MX_USART1_UART_Init
                0x08000f60       0x34 CMakeFiles/stm32project2.elf.dir/Core/Src/usart.c.obj
                0x08000f60                MX_USART1_UART_Init
 .text.HAL_UART_MspInit
                0x08000f94       0x8c CMakeFiles/stm32project2.elf.dir/Core/Src/usart.c.obj
                0x08000f94                HAL_UART_MspInit
 .text.Reset_Handler
                0x08001020       0x48 CMakeFiles/stm32project2.elf.dir/Core/Startup/startup_stm32f103zetx.s.obj
                0x08001020                Reset_Handler
 .text.Default_Handler
                0x08001068        0x2 CMakeFiles/stm32project2.elf.dir/Core/Startup/startup_stm32f103zetx.s.obj
                0x08001068                RTC_Alarm_IRQHandler
                0x08001068                EXTI2_IRQHandler
                0x08001068                TIM8_TRG_COM_IRQHandler
                0x08001068                TIM8_CC_IRQHandler
                0x08001068                TIM6_IRQHandler
                0x08001068                PVD_IRQHandler
                0x08001068                SDIO_IRQHandler
                0x08001068                EXTI3_IRQHandler
                0x08001068                EXTI0_IRQHandler
                0x08001068                I2C2_EV_IRQHandler
                0x08001068                ADC1_2_IRQHandler
                0x08001068                SPI1_IRQHandler
                0x08001068                TAMPER_IRQHandler
                0x08001068                TIM8_UP_IRQHandler
                0x08001068                DMA2_Channel2_IRQHandler
                0x08001068                DMA1_Channel4_IRQHandler
                0x08001068                USART3_IRQHandler
                0x08001068                RTC_IRQHandler
                0x08001068                DMA1_Channel7_IRQHandler
                0x08001068                CAN1_RX1_IRQHandler
                0x08001068                UART5_IRQHandler
                0x08001068                ADC3_IRQHandler
                0x08001068                TIM4_IRQHandler
                0x08001068                DMA2_Channel1_IRQHandler
                0x08001068                I2C1_EV_IRQHandler
                0x08001068                DMA1_Channel6_IRQHandler
                0x08001068                UART4_IRQHandler
                0x08001068                TIM3_IRQHandler
                0x08001068                RCC_IRQHandler
                0x08001068                DMA1_Channel1_IRQHandler
                0x08001068                Default_Handler
                0x08001068                EXTI15_10_IRQHandler
                0x08001068                TIM7_IRQHandler
                0x08001068                EXTI9_5_IRQHandler
                0x08001068                SPI2_IRQHandler
                0x08001068                DMA1_Channel5_IRQHandler
                0x08001068                EXTI4_IRQHandler
                0x08001068                USB_HP_CAN1_TX_IRQHandler
                0x08001068                DMA1_Channel3_IRQHandler
                0x08001068                FSMC_IRQHandler
                0x08001068                TIM1_UP_IRQHandler
                0x08001068                WWDG_IRQHandler
                0x08001068                TIM1_BRK_IRQHandler
                0x08001068                EXTI1_IRQHandler
                0x08001068                DMA2_Channel4_5_IRQHandler
                0x08001068                USART2_IRQHandler
                0x08001068                I2C2_ER_IRQHandler
                0x08001068                DMA1_Channel2_IRQHandler
                0x08001068                TIM8_BRK_IRQHandler
                0x08001068                CAN1_SCE_IRQHandler
                0x08001068                FLASH_IRQHandler
                0x08001068                SPI3_IRQHandler
                0x08001068                I2C1_ER_IRQHandler
                0x08001068                USBWakeUp_IRQHandler
                0x08001068                DMA2_Channel3_IRQHandler
 *fill*         0x0800106a        0x2 
 .text.HAL_Init
                0x0800106c       0x24 CMakeFiles/stm32project2.elf.dir/Drivers/STM32F1xx_HAL_Driver/Src/stm32f1xx_hal.c.obj
                0x0800106c                HAL_Init
 .text.HAL_IncTick
                0x08001090       0x18 CMakeFiles/stm32project2.elf.dir/Drivers/STM32F1xx_HAL_Driver/Src/stm32f1xx_hal.c.obj
                0x08001090                HAL_IncTick
 .text.HAL_GetTick
                0x080010a8        0xc CMakeFiles/stm32project2.elf.dir/Drivers/STM32F1xx_HAL_Driver/Src/stm32f1xx_hal.c.obj
                0x080010a8                HAL_GetTick
 .text.HAL_CAN_Init
                0x080010b4      0x14c CMakeFiles/stm32project2.elf.dir/Drivers/STM32F1xx_HAL_Driver/Src/stm32f1xx_hal_can.c.obj
                0x080010b4                HAL_CAN_Init
 .text.HAL_CAN_TxMailbox0CompleteCallback
                0x08001200        0x2 CMakeFiles/stm32project2.elf.dir/Drivers/STM32F1xx_HAL_Driver/Src/stm32f1xx_hal_can.c.obj
                0x08001200                HAL_CAN_TxMailbox0CompleteCallback
 .text.HAL_CAN_TxMailbox1CompleteCallback
                0x08001202        0x2 CMakeFiles/stm32project2.elf.dir/Drivers/STM32F1xx_HAL_Driver/Src/stm32f1xx_hal_can.c.obj
                0x08001202                HAL_CAN_TxMailbox1CompleteCallback
 .text.HAL_CAN_TxMailbox2CompleteCallback
                0x08001204        0x2 CMakeFiles/stm32project2.elf.dir/Drivers/STM32F1xx_HAL_Driver/Src/stm32f1xx_hal_can.c.obj
                0x08001204                HAL_CAN_TxMailbox2CompleteCallback
 .text.HAL_CAN_TxMailbox0AbortCallback
                0x08001206        0x2 CMakeFiles/stm32project2.elf.dir/Drivers/STM32F1xx_HAL_Driver/Src/stm32f1xx_hal_can.c.obj
                0x08001206                HAL_CAN_TxMailbox0AbortCallback
 .text.HAL_CAN_TxMailbox1AbortCallback
                0x08001208        0x2 CMakeFiles/stm32project2.elf.dir/Drivers/STM32F1xx_HAL_Driver/Src/stm32f1xx_hal_can.c.obj
                0x08001208                HAL_CAN_TxMailbox1AbortCallback
 .text.HAL_CAN_TxMailbox2AbortCallback
                0x0800120a        0x2 CMakeFiles/stm32project2.elf.dir/Drivers/STM32F1xx_HAL_Driver/Src/stm32f1xx_hal_can.c.obj
                0x0800120a                HAL_CAN_TxMailbox2AbortCallback
 .text.HAL_CAN_RxFifo0MsgPendingCallback
                0x0800120c        0x2 CMakeFiles/stm32project2.elf.dir/Drivers/STM32F1xx_HAL_Driver/Src/stm32f1xx_hal_can.c.obj
                0x0800120c                HAL_CAN_RxFifo0MsgPendingCallback
 .text.HAL_CAN_RxFifo0FullCallback
                0x0800120e        0x2 CMakeFiles/stm32project2.elf.dir/Drivers/STM32F1xx_HAL_Driver/Src/stm32f1xx_hal_can.c.obj
                0x0800120e                HAL_CAN_RxFifo0FullCallback
 .text.HAL_CAN_RxFifo1MsgPendingCallback
                0x08001210        0x2 CMakeFiles/stm32project2.elf.dir/Drivers/STM32F1xx_HAL_Driver/Src/stm32f1xx_hal_can.c.obj
                0x08001210                HAL_CAN_RxFifo1MsgPendingCallback
 .text.HAL_CAN_RxFifo1FullCallback
                0x08001212        0x2 CMakeFiles/stm32project2.elf.dir/Drivers/STM32F1xx_HAL_Driver/Src/stm32f1xx_hal_can.c.obj
                0x08001212                HAL_CAN_RxFifo1FullCallback
 .text.HAL_CAN_SleepCallback
                0x08001214        0x2 CMakeFiles/stm32project2.elf.dir/Drivers/STM32F1xx_HAL_Driver/Src/stm32f1xx_hal_can.c.obj
                0x08001214                HAL_CAN_SleepCallback
 .text.HAL_CAN_WakeUpFromRxMsgCallback
                0x08001216        0x2 CMakeFiles/stm32project2.elf.dir/Drivers/STM32F1xx_HAL_Driver/Src/stm32f1xx_hal_can.c.obj
                0x08001216                HAL_CAN_WakeUpFromRxMsgCallback
 .text.HAL_CAN_ErrorCallback
                0x08001218        0x2 CMakeFiles/stm32project2.elf.dir/Drivers/STM32F1xx_HAL_Driver/Src/stm32f1xx_hal_can.c.obj
                0x08001218                HAL_CAN_ErrorCallback
 .text.HAL_CAN_IRQHandler
                0x0800121a      0x250 CMakeFiles/stm32project2.elf.dir/Drivers/STM32F1xx_HAL_Driver/Src/stm32f1xx_hal_can.c.obj
                0x0800121a                HAL_CAN_IRQHandler
 *fill*         0x0800146a        0x2 
 .text.__NVIC_DisableIRQ
                0x0800146c       0x24 CMakeFiles/stm32project2.elf.dir/Drivers/STM32F1xx_HAL_Driver/Src/stm32f1xx_hal_cortex.c.obj
 .text.__NVIC_SetPriority
                0x08001490       0x28 CMakeFiles/stm32project2.elf.dir/Drivers/STM32F1xx_HAL_Driver/Src/stm32f1xx_hal_cortex.c.obj
 .text.NVIC_EncodePriority
                0x080014b8       0x3e CMakeFiles/stm32project2.elf.dir/Drivers/STM32F1xx_HAL_Driver/Src/stm32f1xx_hal_cortex.c.obj
 *fill*         0x080014f6        0x2 
 .text.HAL_NVIC_SetPriorityGrouping
                0x080014f8       0x24 CMakeFiles/stm32project2.elf.dir/Drivers/STM32F1xx_HAL_Driver/Src/stm32f1xx_hal_cortex.c.obj
                0x080014f8                HAL_NVIC_SetPriorityGrouping
 .text.HAL_NVIC_SetPriority
                0x0800151c       0x20 CMakeFiles/stm32project2.elf.dir/Drivers/STM32F1xx_HAL_Driver/Src/stm32f1xx_hal_cortex.c.obj
                0x0800151c                HAL_NVIC_SetPriority
 .text.HAL_NVIC_EnableIRQ
                0x0800153c       0x1c CMakeFiles/stm32project2.elf.dir/Drivers/STM32F1xx_HAL_Driver/Src/stm32f1xx_hal_cortex.c.obj
                0x0800153c                HAL_NVIC_EnableIRQ
 .text.HAL_NVIC_DisableIRQ
                0x08001558        0x8 CMakeFiles/stm32project2.elf.dir/Drivers/STM32F1xx_HAL_Driver/Src/stm32f1xx_hal_cortex.c.obj
                0x08001558                HAL_NVIC_DisableIRQ
 .text.HAL_DMA_Abort
                0x08001560       0x44 CMakeFiles/stm32project2.elf.dir/Drivers/STM32F1xx_HAL_Driver/Src/stm32f1xx_hal_dma.c.obj
                0x08001560                HAL_DMA_Abort
 .text.HAL_DMA_Abort_IT
                0x080015a4      0x168 CMakeFiles/stm32project2.elf.dir/Drivers/STM32F1xx_HAL_Driver/Src/stm32f1xx_hal_dma.c.obj
                0x080015a4                HAL_DMA_Abort_IT
 .text.HAL_GPIO_Init
                0x0800170c      0x230 CMakeFiles/stm32project2.elf.dir/Drivers/STM32F1xx_HAL_Driver/Src/stm32f1xx_hal_gpio.c.obj
                0x0800170c                HAL_GPIO_Init
 .text.HAL_GPIO_DeInit
                0x0800193c      0x124 CMakeFiles/stm32project2.elf.dir/Drivers/STM32F1xx_HAL_Driver/Src/stm32f1xx_hal_gpio.c.obj
                0x0800193c                HAL_GPIO_DeInit
 .text.HAL_GPIO_ReadPin
                0x08001a60        0xe CMakeFiles/stm32project2.elf.dir/Drivers/STM32F1xx_HAL_Driver/Src/stm32f1xx_hal_gpio.c.obj
                0x08001a60                HAL_GPIO_ReadPin
 .text.HAL_GPIO_WritePin
                0x08001a6e        0xc CMakeFiles/stm32project2.elf.dir/Drivers/STM32F1xx_HAL_Driver/Src/stm32f1xx_hal_gpio.c.obj
                0x08001a6e                HAL_GPIO_WritePin
 .text.HAL_GPIO_TogglePin
                0x08001a7a       0x12 CMakeFiles/stm32project2.elf.dir/Drivers/STM32F1xx_HAL_Driver/Src/stm32f1xx_hal_gpio.c.obj
                0x08001a7a                HAL_GPIO_TogglePin
 .text.RCC_Delay
                0x08001a8c       0x2c CMakeFiles/stm32project2.elf.dir/Drivers/STM32F1xx_HAL_Driver/Src/stm32f1xx_hal_rcc.c.obj
 .text.HAL_RCC_OscConfig
                0x08001ab8      0x410 CMakeFiles/stm32project2.elf.dir/Drivers/STM32F1xx_HAL_Driver/Src/stm32f1xx_hal_rcc.c.obj
                0x08001ab8                HAL_RCC_OscConfig
 .text.HAL_RCC_GetSysClockFreq
                0x08001ec8       0x54 CMakeFiles/stm32project2.elf.dir/Drivers/STM32F1xx_HAL_Driver/Src/stm32f1xx_hal_rcc.c.obj
                0x08001ec8                HAL_RCC_GetSysClockFreq
 .text.HAL_RCC_ClockConfig
                0x08001f1c      0x16c CMakeFiles/stm32project2.elf.dir/Drivers/STM32F1xx_HAL_Driver/Src/stm32f1xx_hal_rcc.c.obj
                0x08001f1c                HAL_RCC_ClockConfig
 .text.HAL_RCC_GetHCLKFreq
                0x08002088        0xc CMakeFiles/stm32project2.elf.dir/Drivers/STM32F1xx_HAL_Driver/Src/stm32f1xx_hal_rcc.c.obj
                0x08002088                HAL_RCC_GetHCLKFreq
 .text.HAL_RCC_GetPCLK1Freq
                0x08002094       0x20 CMakeFiles/stm32project2.elf.dir/Drivers/STM32F1xx_HAL_Driver/Src/stm32f1xx_hal_rcc.c.obj
                0x08002094                HAL_RCC_GetPCLK1Freq
 .text.HAL_RCC_GetPCLK2Freq
                0x080020b4       0x20 CMakeFiles/stm32project2.elf.dir/Drivers/STM32F1xx_HAL_Driver/Src/stm32f1xx_hal_rcc.c.obj
                0x080020b4                HAL_RCC_GetPCLK2Freq
 .text.HAL_RCC_GetClockConfig
                0x080020d4       0x3c CMakeFiles/stm32project2.elf.dir/Drivers/STM32F1xx_HAL_Driver/Src/stm32f1xx_hal_rcc.c.obj
                0x080020d4                HAL_RCC_GetClockConfig
 .text.TIM_OC1_SetConfig
                0x08002110       0x70 CMakeFiles/stm32project2.elf.dir/Drivers/STM32F1xx_HAL_Driver/Src/stm32f1xx_hal_tim.c.obj
 .text.TIM_OC3_SetConfig
                0x08002180       0x70 CMakeFiles/stm32project2.elf.dir/Drivers/STM32F1xx_HAL_Driver/Src/stm32f1xx_hal_tim.c.obj
 .text.TIM_OC4_SetConfig
                0x080021f0       0x50 CMakeFiles/stm32project2.elf.dir/Drivers/STM32F1xx_HAL_Driver/Src/stm32f1xx_hal_tim.c.obj
 .text.TIM_TI1_ConfigInputStage
                0x08002240       0x24 CMakeFiles/stm32project2.elf.dir/Drivers/STM32F1xx_HAL_Driver/Src/stm32f1xx_hal_tim.c.obj
 .text.TIM_TI2_ConfigInputStage
                0x08002264       0x26 CMakeFiles/stm32project2.elf.dir/Drivers/STM32F1xx_HAL_Driver/Src/stm32f1xx_hal_tim.c.obj
 .text.TIM_ITRx_SetConfig
                0x0800228a       0x10 CMakeFiles/stm32project2.elf.dir/Drivers/STM32F1xx_HAL_Driver/Src/stm32f1xx_hal_tim.c.obj
 *fill*         0x0800229a        0x2 
 .text.HAL_TIM_Base_Start
                0x0800229c       0x6c CMakeFiles/stm32project2.elf.dir/Drivers/STM32F1xx_HAL_Driver/Src/stm32f1xx_hal_tim.c.obj
                0x0800229c                HAL_TIM_Base_Start
 .text.HAL_TIM_Base_Start_IT
                0x08002308       0x74 CMakeFiles/stm32project2.elf.dir/Drivers/STM32F1xx_HAL_Driver/Src/stm32f1xx_hal_tim.c.obj
                0x08002308                HAL_TIM_Base_Start_IT
 .text.HAL_TIM_OC_MspInit
                0x0800237c        0x2 CMakeFiles/stm32project2.elf.dir/Drivers/STM32F1xx_HAL_Driver/Src/stm32f1xx_hal_tim.c.obj
                0x0800237c                HAL_TIM_OC_MspInit
 .text.HAL_TIM_PWM_MspInit
                0x0800237e        0x2 CMakeFiles/stm32project2.elf.dir/Drivers/STM32F1xx_HAL_Driver/Src/stm32f1xx_hal_tim.c.obj
                0x0800237e                HAL_TIM_PWM_MspInit
 .text.HAL_TIM_IC_CaptureCallback
                0x08002380        0x2 CMakeFiles/stm32project2.elf.dir/Drivers/STM32F1xx_HAL_Driver/Src/stm32f1xx_hal_tim.c.obj
                0x08002380                HAL_TIM_IC_CaptureCallback
 .text.HAL_TIM_PWM_PulseFinishedCallback
                0x08002382        0x2 CMakeFiles/stm32project2.elf.dir/Drivers/STM32F1xx_HAL_Driver/Src/stm32f1xx_hal_tim.c.obj
                0x08002382                HAL_TIM_PWM_PulseFinishedCallback
 .text.HAL_TIM_TriggerCallback
                0x08002384        0x2 CMakeFiles/stm32project2.elf.dir/Drivers/STM32F1xx_HAL_Driver/Src/stm32f1xx_hal_tim.c.obj
                0x08002384                HAL_TIM_TriggerCallback
 .text.HAL_TIM_IRQHandler
                0x08002386      0x15e CMakeFiles/stm32project2.elf.dir/Drivers/STM32F1xx_HAL_Driver/Src/stm32f1xx_hal_tim.c.obj
                0x08002386                HAL_TIM_IRQHandler
 .text.TIM_Base_SetConfig
                0x080024e4       0xa8 CMakeFiles/stm32project2.elf.dir/Drivers/STM32F1xx_HAL_Driver/Src/stm32f1xx_hal_tim.c.obj
                0x080024e4                TIM_Base_SetConfig
 .text.HAL_TIM_Base_Init
                0x0800258c       0x58 CMakeFiles/stm32project2.elf.dir/Drivers/STM32F1xx_HAL_Driver/Src/stm32f1xx_hal_tim.c.obj
                0x0800258c                HAL_TIM_Base_Init
 .text.HAL_TIM_OC_Init
                0x080025e4       0x58 CMakeFiles/stm32project2.elf.dir/Drivers/STM32F1xx_HAL_Driver/Src/stm32f1xx_hal_tim.c.obj
                0x080025e4                HAL_TIM_OC_Init
 .text.HAL_TIM_PWM_Init
                0x0800263c       0x58 CMakeFiles/stm32project2.elf.dir/Drivers/STM32F1xx_HAL_Driver/Src/stm32f1xx_hal_tim.c.obj
                0x0800263c                HAL_TIM_PWM_Init
 .text.TIM_OC2_SetConfig
                0x08002694       0x70 CMakeFiles/stm32project2.elf.dir/Drivers/STM32F1xx_HAL_Driver/Src/stm32f1xx_hal_tim.c.obj
                0x08002694                TIM_OC2_SetConfig
 .text.HAL_TIM_OC_ConfigChannel
                0x08002704       0x5e CMakeFiles/stm32project2.elf.dir/Drivers/STM32F1xx_HAL_Driver/Src/stm32f1xx_hal_tim.c.obj
                0x08002704                HAL_TIM_OC_ConfigChannel
 .text.HAL_TIM_PWM_ConfigChannel
                0x08002762       0xdc CMakeFiles/stm32project2.elf.dir/Drivers/STM32F1xx_HAL_Driver/Src/stm32f1xx_hal_tim.c.obj
                0x08002762                HAL_TIM_PWM_ConfigChannel
 .text.TIM_ETR_SetConfig
                0x0800283e       0x18 CMakeFiles/stm32project2.elf.dir/Drivers/STM32F1xx_HAL_Driver/Src/stm32f1xx_hal_tim.c.obj
                0x0800283e                TIM_ETR_SetConfig
 .text.HAL_TIM_ConfigClockSource
                0x08002856       0xfe CMakeFiles/stm32project2.elf.dir/Drivers/STM32F1xx_HAL_Driver/Src/stm32f1xx_hal_tim.c.obj
                0x08002856                HAL_TIM_ConfigClockSource
 .text.TIM_SlaveTimer_SetConfig
                0x08002954       0xb8 CMakeFiles/stm32project2.elf.dir/Drivers/STM32F1xx_HAL_Driver/Src/stm32f1xx_hal_tim.c.obj
 .text.HAL_TIM_SlaveConfigSynchro
                0x08002a0c       0x52 CMakeFiles/stm32project2.elf.dir/Drivers/STM32F1xx_HAL_Driver/Src/stm32f1xx_hal_tim.c.obj
                0x08002a0c                HAL_TIM_SlaveConfigSynchro
 .text.TIM_CCxChannelCmd
                0x08002a5e       0x1e CMakeFiles/stm32project2.elf.dir/Drivers/STM32F1xx_HAL_Driver/Src/stm32f1xx_hal_tim.c.obj
                0x08002a5e                TIM_CCxChannelCmd
 .text.HAL_TIM_OC_Start_IT
                0x08002a7c      0x15c CMakeFiles/stm32project2.elf.dir/Drivers/STM32F1xx_HAL_Driver/Src/stm32f1xx_hal_tim.c.obj
                0x08002a7c                HAL_TIM_OC_Start_IT
 .text.HAL_TIM_PWM_Start
                0x08002bd8       0xec CMakeFiles/stm32project2.elf.dir/Drivers/STM32F1xx_HAL_Driver/Src/stm32f1xx_hal_tim.c.obj
                0x08002bd8                HAL_TIM_PWM_Start
 .text.HAL_TIMEx_MasterConfigSynchronization
                0x08002cc4       0x7c CMakeFiles/stm32project2.elf.dir/Drivers/STM32F1xx_HAL_Driver/Src/stm32f1xx_hal_tim_ex.c.obj
                0x08002cc4                HAL_TIMEx_MasterConfigSynchronization
 .text.HAL_TIMEx_ConfigBreakDeadTime
                0x08002d40       0x52 CMakeFiles/stm32project2.elf.dir/Drivers/STM32F1xx_HAL_Driver/Src/stm32f1xx_hal_tim_ex.c.obj
                0x08002d40                HAL_TIMEx_ConfigBreakDeadTime
 .text.HAL_TIMEx_CommutCallback
                0x08002d92        0x2 CMakeFiles/stm32project2.elf.dir/Drivers/STM32F1xx_HAL_Driver/Src/stm32f1xx_hal_tim_ex.c.obj
                0x08002d92                HAL_TIMEx_CommutCallback
 .text.HAL_TIMEx_BreakCallback
                0x08002d94        0x2 CMakeFiles/stm32project2.elf.dir/Drivers/STM32F1xx_HAL_Driver/Src/stm32f1xx_hal_tim_ex.c.obj
                0x08002d94                HAL_TIMEx_BreakCallback
 .text.UART_EndRxTransfer
                0x08002d96       0x5c CMakeFiles/stm32project2.elf.dir/Drivers/STM32F1xx_HAL_Driver/Src/stm32f1xx_hal_uart.c.obj
 .text.UART_Transmit_IT
                0x08002df2       0x5e CMakeFiles/stm32project2.elf.dir/Drivers/STM32F1xx_HAL_Driver/Src/stm32f1xx_hal_uart.c.obj
 .text.UART_SetConfig
                0x08002e50       0x94 CMakeFiles/stm32project2.elf.dir/Drivers/STM32F1xx_HAL_Driver/Src/stm32f1xx_hal_uart.c.obj
 .text.HAL_UART_Init
                0x08002ee4       0x60 CMakeFiles/stm32project2.elf.dir/Drivers/STM32F1xx_HAL_Driver/Src/stm32f1xx_hal_uart.c.obj
                0x08002ee4                HAL_UART_Init
 .text.HAL_UART_TxCpltCallback
                0x08002f44        0x2 CMakeFiles/stm32project2.elf.dir/Drivers/STM32F1xx_HAL_Driver/Src/stm32f1xx_hal_uart.c.obj
                0x08002f44                HAL_UART_TxCpltCallback
 .text.UART_EndTransmit_IT
                0x08002f46       0x1a CMakeFiles/stm32project2.elf.dir/Drivers/STM32F1xx_HAL_Driver/Src/stm32f1xx_hal_uart.c.obj
 .text.HAL_UART_RxCpltCallback
                0x08002f60        0x2 CMakeFiles/stm32project2.elf.dir/Drivers/STM32F1xx_HAL_Driver/Src/stm32f1xx_hal_uart.c.obj
                0x08002f60                HAL_UART_RxCpltCallback
 .text.HAL_UART_ErrorCallback
                0x08002f62        0x2 CMakeFiles/stm32project2.elf.dir/Drivers/STM32F1xx_HAL_Driver/Src/stm32f1xx_hal_uart.c.obj
                0x08002f62                HAL_UART_ErrorCallback
 .text.UART_DMAAbortOnError
                0x08002f64       0x10 CMakeFiles/stm32project2.elf.dir/Drivers/STM32F1xx_HAL_Driver/Src/stm32f1xx_hal_uart.c.obj
 .text.HAL_UARTEx_RxEventCallback
                0x08002f74        0x2 CMakeFiles/stm32project2.elf.dir/Drivers/STM32F1xx_HAL_Driver/Src/stm32f1xx_hal_uart.c.obj
                0x08002f74                HAL_UARTEx_RxEventCallback
 .text.UART_Receive_IT
                0x08002f76       0xe4 CMakeFiles/stm32project2.elf.dir/Drivers/STM32F1xx_HAL_Driver/Src/stm32f1xx_hal_uart.c.obj
 *fill*         0x0800305a        0x2 
 .text.HAL_UART_IRQHandler
                0x0800305c      0x284 CMakeFiles/stm32project2.elf.dir/Drivers/STM32F1xx_HAL_Driver/Src/stm32f1xx_hal_uart.c.obj
                0x0800305c                HAL_UART_IRQHandler
 .text.SysTick_Handler
                0x080032e0       0x18 CMakeFiles/stm32project2.elf.dir/Middlewares/Third_Party/FreeRTOS/Source/CMSIS_RTOS_V2/cmsis_os2.c.obj
                0x080032e0                SysTick_Handler
 .text.osKernelInitialize
                0x080032f8       0x24 CMakeFiles/stm32project2.elf.dir/Middlewares/Third_Party/FreeRTOS/Source/CMSIS_RTOS_V2/cmsis_os2.c.obj
                0x080032f8                osKernelInitialize
 .text.osKernelStart
                0x0800331c       0x38 CMakeFiles/stm32project2.elf.dir/Middlewares/Third_Party/FreeRTOS/Source/CMSIS_RTOS_V2/cmsis_os2.c.obj
                0x0800331c                osKernelStart
 .text.osThreadNew
                0x08003354       0xb6 CMakeFiles/stm32project2.elf.dir/Middlewares/Third_Party/FreeRTOS/Source/CMSIS_RTOS_V2/cmsis_os2.c.obj
                0x08003354                osThreadNew
 .text.osDelay  0x0800340a       0x1c CMakeFiles/stm32project2.elf.dir/Middlewares/Third_Party/FreeRTOS/Source/CMSIS_RTOS_V2/cmsis_os2.c.obj
                0x0800340a                osDelay
 *fill*         0x08003426        0x2 
 .text.vApplicationGetIdleTaskMemory
                0x08003428       0x18 CMakeFiles/stm32project2.elf.dir/Middlewares/Third_Party/FreeRTOS/Source/CMSIS_RTOS_V2/cmsis_os2.c.obj
                0x08003428                vApplicationGetIdleTaskMemory
 .text.vApplicationGetTimerTaskMemory
                0x08003440       0x18 CMakeFiles/stm32project2.elf.dir/Middlewares/Third_Party/FreeRTOS/Source/CMSIS_RTOS_V2/cmsis_os2.c.obj
                0x08003440                vApplicationGetTimerTaskMemory
 .text.vListInitialise
                0x08003458       0x16 CMakeFiles/stm32project2.elf.dir/Middlewares/Third_Party/FreeRTOS/Source/list.c.obj
                0x08003458                vListInitialise
 .text.vListInitialiseItem
                0x0800346e        0x6 CMakeFiles/stm32project2.elf.dir/Middlewares/Third_Party/FreeRTOS/Source/list.c.obj
                0x0800346e                vListInitialiseItem
 .text.vListInsertEnd
                0x08003474       0x16 CMakeFiles/stm32project2.elf.dir/Middlewares/Third_Party/FreeRTOS/Source/list.c.obj
                0x08003474                vListInsertEnd
 .text.vListInsert
                0x0800348a       0x32 CMakeFiles/stm32project2.elf.dir/Middlewares/Third_Party/FreeRTOS/Source/list.c.obj
                0x0800348a                vListInsert
 .text.uxListRemove
                0x080034bc       0x26 CMakeFiles/stm32project2.elf.dir/Middlewares/Third_Party/FreeRTOS/Source/list.c.obj
                0x080034bc                uxListRemove
 *fill*         0x080034e2        0x2 
 .text.prvTaskExitError
                0x080034e4       0x40 CMakeFiles/stm32project2.elf.dir/Middlewares/Third_Party/FreeRTOS/Source/portable/GCC/ARM_CM3/port.c.obj
 .text.prvPortStartFirstTask
                0x08003524       0x20 CMakeFiles/stm32project2.elf.dir/Middlewares/Third_Party/FreeRTOS/Source/portable/GCC/ARM_CM3/port.c.obj
 .text.pxPortInitialiseStack
                0x08003544       0x24 CMakeFiles/stm32project2.elf.dir/Middlewares/Third_Party/FreeRTOS/Source/portable/GCC/ARM_CM3/port.c.obj
                0x08003544                pxPortInitialiseStack
 *fill*         0x08003568        0x8 
 .text.SVC_Handler
                0x08003570       0x24 CMakeFiles/stm32project2.elf.dir/Middlewares/Third_Party/FreeRTOS/Source/portable/GCC/ARM_CM3/port.c.obj
                0x08003570                SVC_Handler
 .text.vPortEnterCritical
                0x08003594       0x44 CMakeFiles/stm32project2.elf.dir/Middlewares/Third_Party/FreeRTOS/Source/portable/GCC/ARM_CM3/port.c.obj
                0x08003594                vPortEnterCritical
 .text.vPortExitCritical
                0x080035d8       0x2c CMakeFiles/stm32project2.elf.dir/Middlewares/Third_Party/FreeRTOS/Source/portable/GCC/ARM_CM3/port.c.obj
                0x080035d8                vPortExitCritical
 *fill*         0x08003604        0xc 
 .text.PendSV_Handler
                0x08003610       0x44 CMakeFiles/stm32project2.elf.dir/Middlewares/Third_Party/FreeRTOS/Source/portable/GCC/ARM_CM3/port.c.obj
                0x08003610                PendSV_Handler
 .text.xPortSysTickHandler
                0x08003654       0x2c CMakeFiles/stm32project2.elf.dir/Middlewares/Third_Party/FreeRTOS/Source/portable/GCC/ARM_CM3/port.c.obj
                0x08003654                xPortSysTickHandler
 .text.vPortSetupTimerInterrupt
                0x08003680       0x28 CMakeFiles/stm32project2.elf.dir/Middlewares/Third_Party/FreeRTOS/Source/portable/GCC/ARM_CM3/port.c.obj
                0x08003680                vPortSetupTimerInterrupt
 .text.xPortStartScheduler
                0x080036a8       0xc0 CMakeFiles/stm32project2.elf.dir/Middlewares/Third_Party/FreeRTOS/Source/portable/GCC/ARM_CM3/port.c.obj
                0x080036a8                xPortStartScheduler
 .text.vPortValidateInterruptPriority
                0x08003768       0x5c CMakeFiles/stm32project2.elf.dir/Middlewares/Third_Party/FreeRTOS/Source/portable/GCC/ARM_CM3/port.c.obj
                0x08003768                vPortValidateInterruptPriority
 .text.prvHeapInit
                0x080037c4       0x64 CMakeFiles/stm32project2.elf.dir/Middlewares/Third_Party/FreeRTOS/Source/portable/MemMang/heap_4.c.obj
 .text.prvInsertBlockIntoFreeList
                0x08003828       0x60 CMakeFiles/stm32project2.elf.dir/Middlewares/Third_Party/FreeRTOS/Source/portable/MemMang/heap_4.c.obj
 .text.pvPortMalloc
                0x08003888      0x104 CMakeFiles/stm32project2.elf.dir/Middlewares/Third_Party/FreeRTOS/Source/portable/MemMang/heap_4.c.obj
                0x08003888                pvPortMalloc
 .text.vPortFree
                0x0800398c       0x7c CMakeFiles/stm32project2.elf.dir/Middlewares/Third_Party/FreeRTOS/Source/portable/MemMang/heap_4.c.obj
                0x0800398c                vPortFree
 .text.prvIsQueueFull
                0x08003a08       0x1e CMakeFiles/stm32project2.elf.dir/Middlewares/Third_Party/FreeRTOS/Source/queue.c.obj
 .text.prvIsQueueEmpty
                0x08003a26       0x1a CMakeFiles/stm32project2.elf.dir/Middlewares/Third_Party/FreeRTOS/Source/queue.c.obj
 .text.prvCopyDataToQueue
                0x08003a40       0x76 CMakeFiles/stm32project2.elf.dir/Middlewares/Third_Party/FreeRTOS/Source/queue.c.obj
 .text.prvCopyDataFromQueue
                0x08003ab6       0x24 CMakeFiles/stm32project2.elf.dir/Middlewares/Third_Party/FreeRTOS/Source/queue.c.obj
 .text.prvUnlockQueue
                0x08003ada       0x6e CMakeFiles/stm32project2.elf.dir/Middlewares/Third_Party/FreeRTOS/Source/queue.c.obj
 .text.xQueueGenericReset
                0x08003b48       0x84 CMakeFiles/stm32project2.elf.dir/Middlewares/Third_Party/FreeRTOS/Source/queue.c.obj
                0x08003b48                xQueueGenericReset
 .text.prvInitialiseNewQueue
                0x08003bcc       0x22 CMakeFiles/stm32project2.elf.dir/Middlewares/Third_Party/FreeRTOS/Source/queue.c.obj
 .text.xQueueGenericCreateStatic
                0x08003bee       0x94 CMakeFiles/stm32project2.elf.dir/Middlewares/Third_Party/FreeRTOS/Source/queue.c.obj
                0x08003bee                xQueueGenericCreateStatic
 .text.xQueueGenericSend
                0x08003c82      0x188 CMakeFiles/stm32project2.elf.dir/Middlewares/Third_Party/FreeRTOS/Source/queue.c.obj
                0x08003c82                xQueueGenericSend
 .text.xQueueGenericSendFromISR
                0x08003e0a       0xce CMakeFiles/stm32project2.elf.dir/Middlewares/Third_Party/FreeRTOS/Source/queue.c.obj
                0x08003e0a                xQueueGenericSendFromISR
 .text.xQueueReceive
                0x08003ed8      0x15e CMakeFiles/stm32project2.elf.dir/Middlewares/Third_Party/FreeRTOS/Source/queue.c.obj
                0x08003ed8                xQueueReceive
 *fill*         0x08004036        0x2 
 .text.vQueueAddToRegistry
                0x08004038       0x28 CMakeFiles/stm32project2.elf.dir/Middlewares/Third_Party/FreeRTOS/Source/queue.c.obj
                0x08004038                vQueueAddToRegistry
 .text.vQueueWaitForMessageRestricted
                0x08004060       0x52 CMakeFiles/stm32project2.elf.dir/Middlewares/Third_Party/FreeRTOS/Source/queue.c.obj
                0x08004060                vQueueWaitForMessageRestricted
 *fill*         0x080040b2        0x2 
 .text.prvResetNextTaskUnblockTime
                0x080040b4       0x2c CMakeFiles/stm32project2.elf.dir/Middlewares/Third_Party/FreeRTOS/Source/tasks.c.obj
 .text.prvInitialiseNewTask
                0x080040e0      0x104 CMakeFiles/stm32project2.elf.dir/Middlewares/Third_Party/FreeRTOS/Source/tasks.c.obj
 .text.prvInitialiseTaskLists
                0x080041e4       0x68 CMakeFiles/stm32project2.elf.dir/Middlewares/Third_Party/FreeRTOS/Source/tasks.c.obj
 .text.prvAddNewTaskToReadyList
                0x0800424c       0xac CMakeFiles/stm32project2.elf.dir/Middlewares/Third_Party/FreeRTOS/Source/tasks.c.obj
 .text.prvDeleteTCB
                0x080042f8       0x40 CMakeFiles/stm32project2.elf.dir/Middlewares/Third_Party/FreeRTOS/Source/tasks.c.obj
 .text.prvCheckTasksWaitingTermination
                0x08004338       0x4c CMakeFiles/stm32project2.elf.dir/Middlewares/Third_Party/FreeRTOS/Source/tasks.c.obj
 .text.prvIdleTask
                0x08004384       0x28 CMakeFiles/stm32project2.elf.dir/Middlewares/Third_Party/FreeRTOS/Source/tasks.c.obj
 .text.prvAddCurrentTaskToDelayedList
                0x080043ac       0x7c CMakeFiles/stm32project2.elf.dir/Middlewares/Third_Party/FreeRTOS/Source/tasks.c.obj
 .text.xTaskCreateStatic
                0x08004428       0x7a CMakeFiles/stm32project2.elf.dir/Middlewares/Third_Party/FreeRTOS/Source/tasks.c.obj
                0x08004428                xTaskCreateStatic
 .text.xTaskCreate
                0x080044a2       0x66 CMakeFiles/stm32project2.elf.dir/Middlewares/Third_Party/FreeRTOS/Source/tasks.c.obj
                0x080044a2                xTaskCreate
 .text.vTaskStartScheduler
                0x08004508       0xac CMakeFiles/stm32project2.elf.dir/Middlewares/Third_Party/FreeRTOS/Source/tasks.c.obj
                0x08004508                vTaskStartScheduler
 .text.vTaskSuspendAll
                0x080045b4       0x10 CMakeFiles/stm32project2.elf.dir/Middlewares/Third_Party/FreeRTOS/Source/tasks.c.obj
                0x080045b4                vTaskSuspendAll
 .text.xTaskGetTickCount
                0x080045c4        0xc CMakeFiles/stm32project2.elf.dir/Middlewares/Third_Party/FreeRTOS/Source/tasks.c.obj
                0x080045c4                xTaskGetTickCount
 .text.xTaskIncrementTick
                0x080045d0      0x118 CMakeFiles/stm32project2.elf.dir/Middlewares/Third_Party/FreeRTOS/Source/tasks.c.obj
                0x080045d0                xTaskIncrementTick
 .text.xTaskResumeAll
                0x080046e8       0xf8 CMakeFiles/stm32project2.elf.dir/Middlewares/Third_Party/FreeRTOS/Source/tasks.c.obj
                0x080046e8                xTaskResumeAll
 .text.vTaskDelay
                0x080047e0       0x4c CMakeFiles/stm32project2.elf.dir/Middlewares/Third_Party/FreeRTOS/Source/tasks.c.obj
                0x080047e0                vTaskDelay
 .text.vTaskSwitchContext
                0x0800482c       0xa4 CMakeFiles/stm32project2.elf.dir/Middlewares/Third_Party/FreeRTOS/Source/tasks.c.obj
                0x0800482c                vTaskSwitchContext
 .text.vTaskPlaceOnEventList
                0x080048d0       0x30 CMakeFiles/stm32project2.elf.dir/Middlewares/Third_Party/FreeRTOS/Source/tasks.c.obj
                0x080048d0                vTaskPlaceOnEventList
 .text.vTaskPlaceOnEventListRestricted
                0x08004900       0x38 CMakeFiles/stm32project2.elf.dir/Middlewares/Third_Party/FreeRTOS/Source/tasks.c.obj
                0x08004900                vTaskPlaceOnEventListRestricted
 .text.xTaskRemoveFromEventList
                0x08004938       0x8c CMakeFiles/stm32project2.elf.dir/Middlewares/Third_Party/FreeRTOS/Source/tasks.c.obj
                0x08004938                xTaskRemoveFromEventList
 .text.vTaskInternalSetTimeOutState
                0x080049c4       0x18 CMakeFiles/stm32project2.elf.dir/Middlewares/Third_Party/FreeRTOS/Source/tasks.c.obj
                0x080049c4                vTaskInternalSetTimeOutState
 .text.xTaskCheckForTimeOut
                0x080049dc       0x88 CMakeFiles/stm32project2.elf.dir/Middlewares/Third_Party/FreeRTOS/Source/tasks.c.obj
                0x080049dc                xTaskCheckForTimeOut
 .text.vTaskMissedYield
                0x08004a64        0xc CMakeFiles/stm32project2.elf.dir/Middlewares/Third_Party/FreeRTOS/Source/tasks.c.obj
                0x08004a64                vTaskMissedYield
 .text.xTaskGetSchedulerState
                0x08004a70       0x20 CMakeFiles/stm32project2.elf.dir/Middlewares/Third_Party/FreeRTOS/Source/tasks.c.obj
                0x08004a70                xTaskGetSchedulerState
 .text.xTaskPriorityDisinherit
                0x08004a90       0x90 CMakeFiles/stm32project2.elf.dir/Middlewares/Third_Party/FreeRTOS/Source/tasks.c.obj
                0x08004a90                xTaskPriorityDisinherit
 .text.prvGetNextExpireTime
                0x08004b20       0x20 CMakeFiles/stm32project2.elf.dir/Middlewares/Third_Party/FreeRTOS/Source/timers.c.obj
 .text.prvInsertTimerInActiveList
                0x08004b40       0x48 CMakeFiles/stm32project2.elf.dir/Middlewares/Third_Party/FreeRTOS/Source/timers.c.obj
 .text.prvCheckForValidListAndQueue
                0x08004b88       0x70 CMakeFiles/stm32project2.elf.dir/Middlewares/Third_Party/FreeRTOS/Source/timers.c.obj
 .text.xTimerCreateTimerTask
                0x08004bf8       0x64 CMakeFiles/stm32project2.elf.dir/Middlewares/Third_Party/FreeRTOS/Source/timers.c.obj
                0x08004bf8                xTimerCreateTimerTask
 .text.xTimerGenericCommand
                0x08004c5c       0x6c CMakeFiles/stm32project2.elf.dir/Middlewares/Third_Party/FreeRTOS/Source/timers.c.obj
                0x08004c5c                xTimerGenericCommand
 .text.prvSwitchTimerLists
                0x08004cc8       0x7c CMakeFiles/stm32project2.elf.dir/Middlewares/Third_Party/FreeRTOS/Source/timers.c.obj
 .text.prvSampleTimeNow
                0x08004d44       0x2c CMakeFiles/stm32project2.elf.dir/Middlewares/Third_Party/FreeRTOS/Source/timers.c.obj
 .text.prvProcessExpiredTimer
                0x08004d70       0x6c CMakeFiles/stm32project2.elf.dir/Middlewares/Third_Party/FreeRTOS/Source/timers.c.obj
 .text.prvProcessTimerOrBlockTask
                0x08004ddc       0x74 CMakeFiles/stm32project2.elf.dir/Middlewares/Third_Party/FreeRTOS/Source/timers.c.obj
 .text.prvProcessReceivedCommands
                0x08004e50      0x10c CMakeFiles/stm32project2.elf.dir/Middlewares/Third_Party/FreeRTOS/Source/timers.c.obj
 .text.prvTimerTask
                0x08004f5c       0x16 CMakeFiles/stm32project2.elf.dir/Middlewares/Third_Party/FreeRTOS/Source/timers.c.obj
 *fill*         0x08004f72        0x2 
 .text.delay_us
                0x08004f74       0x14 CMakeFiles/stm32project2.elf.dir/New/Src/i2c.c.obj
                0x08004f74                delay_us
 .text.i2c_end  0x08004f88       0x3c CMakeFiles/stm32project2.elf.dir/New/Src/i2c.c.obj
                0x08004f88                i2c_end
 .text.memset   0x08004fc4       0x9c /usr/bin/../lib/gcc/arm-none-eabi/14.2.1/../../../../arm-none-eabi/lib/thumb/v7-m/nofp/libg.a(libc_a-memset.o)
                0x08004fc4                memset
 .text._reclaim_reent
                0x08005060       0x6c /usr/bin/../lib/gcc/arm-none-eabi/14.2.1/../../../../arm-none-eabi/lib/thumb/v7-m/nofp/libg.a(libc_a-reent.o)
                0x08005060                _reclaim_reent
 .text.__errno  0x080050cc        0xc /usr/bin/../lib/gcc/arm-none-eabi/14.2.1/../../../../arm-none-eabi/lib/thumb/v7-m/nofp/libg.a(libc_a-errno.o)
                0x080050cc                __errno
 .text.__libc_init_array
                0x080050d8       0x50 /usr/bin/../lib/gcc/arm-none-eabi/14.2.1/../../../../arm-none-eabi/lib/thumb/v7-m/nofp/libg.a(libc_a-init.o)
                0x080050d8                __libc_init_array
 .text.__retarget_lock_acquire_recursive
                0x08005128        0x4 /usr/bin/../lib/gcc/arm-none-eabi/14.2.1/../../../../arm-none-eabi/lib/thumb/v7-m/nofp/libg.a(libc_a-lock.o)
                0x08005128                __retarget_lock_acquire_recursive
 .text.__retarget_lock_release_recursive
                0x0800512c        0x4 /usr/bin/../lib/gcc/arm-none-eabi/14.2.1/../../../../arm-none-eabi/lib/thumb/v7-m/nofp/libg.a(libc_a-lock.o)
                0x0800512c                __retarget_lock_release_recursive
 .text.startup.register_fini
                0x08005130       0x14 /usr/bin/../lib/gcc/arm-none-eabi/14.2.1/../../../../arm-none-eabi/lib/thumb/v7-m/nofp/libg.a(libc_a-__call_atexit.o)
 .text.atexit   0x08005144        0xc /usr/bin/../lib/gcc/arm-none-eabi/14.2.1/../../../../arm-none-eabi/lib/thumb/v7-m/nofp/libg.a(libc_a-atexit.o)
                0x08005144                atexit
 .text._malloc_trim_r
                0x08005150       0xb8 /usr/bin/../lib/gcc/arm-none-eabi/14.2.1/../../../../arm-none-eabi/lib/thumb/v7-m/nofp/libg.a(libc_a-freer.o)
                0x08005150                _malloc_trim_r
 .text._free_r  0x08005208      0x1e8 /usr/bin/../lib/gcc/arm-none-eabi/14.2.1/../../../../arm-none-eabi/lib/thumb/v7-m/nofp/libg.a(libc_a-freer.o)
                0x08005208                _free_r
 .text.__malloc_lock
                0x080053f0        0xc /usr/bin/../lib/gcc/arm-none-eabi/14.2.1/../../../../arm-none-eabi/lib/thumb/v7-m/nofp/libg.a(libc_a-mlock.o)
                0x080053f0                __malloc_lock
 .text.__malloc_unlock
                0x080053fc        0xc /usr/bin/../lib/gcc/arm-none-eabi/14.2.1/../../../../arm-none-eabi/lib/thumb/v7-m/nofp/libg.a(libc_a-mlock.o)
                0x080053fc                __malloc_unlock
 .text._sbrk_r  0x08005408       0x24 /usr/bin/../lib/gcc/arm-none-eabi/14.2.1/../../../../arm-none-eabi/lib/thumb/v7-m/nofp/libg.a(libc_a-sbrkr.o)
                0x08005408                _sbrk_r
 .text.__libc_fini_array
                0x0800542c       0x28 /usr/bin/../lib/gcc/arm-none-eabi/14.2.1/../../../../arm-none-eabi/lib/thumb/v7-m/nofp/libg.a(libc_a-fini.o)
                0x0800542c                __libc_fini_array
 .text.sysconf  0x08005454       0x1c /usr/bin/../lib/gcc/arm-none-eabi/14.2.1/../../../../arm-none-eabi/lib/thumb/v7-m/nofp/libg.a(libc_a-sysconf.o)
                0x08005454                sysconf
 .text.__register_exitproc
                0x08005470       0x80 /usr/bin/../lib/gcc/arm-none-eabi/14.2.1/../../../../arm-none-eabi/lib/thumb/v7-m/nofp/libg.a(libc_a-__atexit.o)
                0x08005470                __register_exitproc
 *(.glue_7)
 .glue_7        0x080054f0        0x0 linker stubs
 *(.glue_7t)
 .glue_7t       0x080054f0        0x0 linker stubs
 *(.eh_frame)
 .eh_frame      0x080054f0        0x0 /usr/bin/../lib/gcc/arm-none-eabi/14.2.1/thumb/v7-m/nofp/crtbegin.o
 *(.init)
 .init          0x080054f0        0x4 /usr/bin/../lib/gcc/arm-none-eabi/14.2.1/thumb/v7-m/nofp/crti.o
                0x080054f0                _init
 .init          0x080054f4        0x8 /usr/bin/../lib/gcc/arm-none-eabi/14.2.1/thumb/v7-m/nofp/crtn.o
 *(.fini)
 .fini          0x080054fc        0x4 /usr/bin/../lib/gcc/arm-none-eabi/14.2.1/thumb/v7-m/nofp/crti.o
                0x080054fc                _fini
 .fini          0x08005500        0x8 /usr/bin/../lib/gcc/arm-none-eabi/14.2.1/thumb/v7-m/nofp/crtn.o
                0x08005508                        . = ALIGN (0x4)
                0x08005508                        _etext = .

.vfp11_veneer   0x08005508        0x0
 .vfp11_veneer  0x08005508        0x0 linker stubs

.v4_bx          0x08005508        0x0
 .v4_bx         0x08005508        0x0 linker stubs

.iplt           0x08005508        0x0
 .iplt          0x08005508        0x0 /usr/bin/../lib/gcc/arm-none-eabi/14.2.1/thumb/v7-m/nofp/crtbegin.o

.rodata         0x08005508       0xa4
                0x08005508                        . = ALIGN (0x4)
 *(.rodata)
 *(.rodata*)
 .rodata.str1.4
                0x08005508       0x30 CMakeFiles/stm32project2.elf.dir/Core/Src/freertos.c.obj
                                 0x17 (size before relaxing)
 .rodata.motor_dir_attributes
                0x08005538       0x24 CMakeFiles/stm32project2.elf.dir/Core/Src/freertos.c.obj
                0x08005538                motor_dir_attributes
 .rodata.motor_move_attributes
                0x0800555c       0x24 CMakeFiles/stm32project2.elf.dir/Core/Src/freertos.c.obj
                0x0800555c                motor_move_attributes
 .rodata.APBPrescTable
                0x08005580        0x8 CMakeFiles/stm32project2.elf.dir/Core/Src/system_stm32f1xx.c.obj
                0x08005580                APBPrescTable
 .rodata.AHBPrescTable
                0x08005588       0x10 CMakeFiles/stm32project2.elf.dir/Core/Src/system_stm32f1xx.c.obj
                0x08005588                AHBPrescTable
 .rodata.aPredivFactorTable.0
                0x08005598        0x2 CMakeFiles/stm32project2.elf.dir/Drivers/STM32F1xx_HAL_Driver/Src/stm32f1xx_hal_rcc.c.obj
 *fill*         0x0800559a        0x2 
 .rodata.aPLLMULFactorTable.1
                0x0800559c       0x10 CMakeFiles/stm32project2.elf.dir/Drivers/STM32F1xx_HAL_Driver/Src/stm32f1xx_hal_rcc.c.obj
 .rodata.vTaskStartScheduler.str1.4
                0x080055ac        0x5 CMakeFiles/stm32project2.elf.dir/Middlewares/Third_Party/FreeRTOS/Source/tasks.c.obj
 .rodata.prvCheckForValidListAndQueue.str1.4
                0x080055ac        0x5 CMakeFiles/stm32project2.elf.dir/Middlewares/Third_Party/FreeRTOS/Source/timers.c.obj
 .rodata.xTimerCreateTimerTask.str1.4
                0x080055ac        0x8 CMakeFiles/stm32project2.elf.dir/Middlewares/Third_Party/FreeRTOS/Source/timers.c.obj
                0x080055b4                        . = ALIGN (0x4)

.ARM.extab      0x080055ac        0x0
                0x080055ac                        . = ALIGN (0x4)
 *(.ARM.extab* .gnu.linkonce.armextab.*)
                0x080055ac                        . = ALIGN (0x4)

.ARM            0x080055ac        0x8
                0x080055ac                        . = ALIGN (0x4)
                0x080055ac                        __exidx_start = .
 *(.ARM.exidx*)
 .ARM.exidx     0x080055ac        0x8 /usr/bin/../lib/gcc/arm-none-eabi/14.2.1/../../../../arm-none-eabi/lib/thumb/v7-m/nofp/libg.a(libc_a-memcpy.o)
                0x080055b4                        __exidx_end = .
                0x080055b4                        . = ALIGN (0x4)

.preinit_array  0x080055b4        0x0
                0x080055b4                        . = ALIGN (0x4)
                0x080055b4                        PROVIDE (__preinit_array_start = .)
 *(.preinit_array*)
                0x080055b4                        PROVIDE (__preinit_array_end = .)
                0x080055b4                        . = ALIGN (0x4)

.init_array     0x080055b4        0x8
                0x080055b4                        . = ALIGN (0x4)
                0x080055b4                        PROVIDE (__init_array_start = .)
 *(SORT_BY_NAME(.init_array.*))
 .init_array.00000
                0x080055b4        0x4 /usr/bin/../lib/gcc/arm-none-eabi/14.2.1/../../../../arm-none-eabi/lib/thumb/v7-m/nofp/libg.a(libc_a-__call_atexit.o)
 *(.init_array*)
 .init_array    0x080055b8        0x4 /usr/bin/../lib/gcc/arm-none-eabi/14.2.1/thumb/v7-m/nofp/crtbegin.o
                0x080055bc                        PROVIDE (__init_array_end = .)
                0x080055bc                        . = ALIGN (0x4)

.fini_array     0x080055bc        0x4
                0x080055bc                        . = ALIGN (0x4)
                0x080055bc                        PROVIDE (__fini_array_start = .)
 *(SORT_BY_NAME(.fini_array.*))
 *(.fini_array*)
 .fini_array    0x080055bc        0x4 /usr/bin/../lib/gcc/arm-none-eabi/14.2.1/thumb/v7-m/nofp/crtbegin.o
                0x080055c0                        PROVIDE (__fini_array_end = .)
                0x080055c0                        . = ALIGN (0x4)
                0x080055c0                        _sidata = LOADADDR (.data)

.rel.dyn        0x080055c0        0x0
 .rel.iplt      0x080055c0        0x0 /usr/bin/../lib/gcc/arm-none-eabi/14.2.1/thumb/v7-m/nofp/crtbegin.o

.data           0x20000000      0x570 load address 0x080055c0
                0x20000000                        . = ALIGN (0x4)
                0x20000000                        _sdata = .
 *(.data)
 *(.data*)
 .data.flag_key
                0x20000000        0x1 CMakeFiles/stm32project2.elf.dir/Core/Src/freertos.c.obj
                0x20000000                flag_key
 .data.flag     0x20000001        0x1 CMakeFiles/stm32project2.elf.dir/Core/Src/freertos.c.obj
                0x20000001                flag
 *fill*         0x20000002        0x2 
 .data.SystemCoreClock
                0x20000004        0x4 CMakeFiles/stm32project2.elf.dir/Core/Src/system_stm32f1xx.c.obj
                0x20000004                SystemCoreClock
 .data.uwTickFreq
                0x20000008        0x1 CMakeFiles/stm32project2.elf.dir/Drivers/STM32F1xx_HAL_Driver/Src/stm32f1xx_hal.c.obj
                0x20000008                uwTickFreq
 *fill*         0x20000009        0x3 
 .data.uwTickPrio
                0x2000000c        0x4 CMakeFiles/stm32project2.elf.dir/Drivers/STM32F1xx_HAL_Driver/Src/stm32f1xx_hal.c.obj
                0x2000000c                uwTickPrio
 .data.uxCriticalNesting
                0x20000010        0x4 CMakeFiles/stm32project2.elf.dir/Middlewares/Third_Party/FreeRTOS/Source/portable/GCC/ARM_CM3/port.c.obj
 .data._impure_ptr
                0x20000014        0x4 /usr/bin/../lib/gcc/arm-none-eabi/14.2.1/../../../../arm-none-eabi/lib/thumb/v7-m/nofp/libg.a(libc_a-impure.o)
                0x20000014                _impure_ptr
 .data._impure_data
                0x20000018      0x140 /usr/bin/../lib/gcc/arm-none-eabi/14.2.1/../../../../arm-none-eabi/lib/thumb/v7-m/nofp/libg.a(libc_a-impure.o)
                0x20000018                _impure_data
 .data.__atexit_recursive_mutex
                0x20000158        0x4 /usr/bin/../lib/gcc/arm-none-eabi/14.2.1/../../../../arm-none-eabi/lib/thumb/v7-m/nofp/libg.a(libc_a-__call_atexit.o)
                0x20000158                __atexit_recursive_mutex
 .data.__malloc_sbrk_base
                0x2000015c        0x4 /usr/bin/../lib/gcc/arm-none-eabi/14.2.1/../../../../arm-none-eabi/lib/thumb/v7-m/nofp/libg.a(libc_a-mallocr.o)
                0x2000015c                __malloc_sbrk_base
 .data.__malloc_trim_threshold
                0x20000160        0x4 /usr/bin/../lib/gcc/arm-none-eabi/14.2.1/../../../../arm-none-eabi/lib/thumb/v7-m/nofp/libg.a(libc_a-mallocr.o)
                0x20000160                __malloc_trim_threshold
 *fill*         0x20000164        0x4 
 .data.__malloc_av_
                0x20000168      0x408 /usr/bin/../lib/gcc/arm-none-eabi/14.2.1/../../../../arm-none-eabi/lib/thumb/v7-m/nofp/libg.a(libc_a-mallocr.o)
                0x20000168                __malloc_av_
 *(.RamFunc)
 *(.RamFunc*)
                0x20000570                        . = ALIGN (0x4)
                0x20000570                        _edata = .

.tm_clone_table
                0x20000570        0x0 load address 0x08005b30
 .tm_clone_table
                0x20000570        0x0 /usr/bin/../lib/gcc/arm-none-eabi/14.2.1/thumb/v7-m/nofp/crtbegin.o
 .tm_clone_table
                0x20000570        0x0 /usr/bin/../lib/gcc/arm-none-eabi/14.2.1/thumb/v7-m/nofp/crtend.o

.igot.plt       0x20000570        0x0 load address 0x08005b30
 .igot.plt      0x20000570        0x0 /usr/bin/../lib/gcc/arm-none-eabi/14.2.1/thumb/v7-m/nofp/crtbegin.o
                0x20000570                        . = ALIGN (0x4)

.bss            0x20000570     0x20e4 load address 0x08005b30
                0x20000570                        _sbss = .
                0x20000570                        __bss_start__ = _sbss
 *(.bss)
 *(.bss*)
 .bss.completed.1
                0x20000570        0x1 /usr/bin/../lib/gcc/arm-none-eabi/14.2.1/thumb/v7-m/nofp/crtbegin.o
 *fill*         0x20000571        0x3 
 .bss.object.0  0x20000574       0x18 /usr/bin/../lib/gcc/arm-none-eabi/14.2.1/thumb/v7-m/nofp/crtbegin.o
 .bss.hcan      0x2000058c       0x28 CMakeFiles/stm32project2.elf.dir/Core/Src/can.c.obj
                0x2000058c                hcan
 .bss.motor_dirHandle
                0x200005b4        0x4 CMakeFiles/stm32project2.elf.dir/Core/Src/freertos.c.obj
                0x200005b4                motor_dirHandle
 .bss.motor_moveHandle
                0x200005b8        0x4 CMakeFiles/stm32project2.elf.dir/Core/Src/freertos.c.obj
                0x200005b8                motor_moveHandle
 .bss.pulse_CCR
                0x200005bc        0x2 CMakeFiles/stm32project2.elf.dir/Core/Src/main.c.obj
                0x200005bc                pulse_CCR
 .bss.pulse     0x200005be        0x2 CMakeFiles/stm32project2.elf.dir/Core/Src/main.c.obj
                0x200005be                pulse
 .bss.htim2     0x200005c0       0x48 CMakeFiles/stm32project2.elf.dir/Core/Src/stm32f1xx_hal_timebase_tim.c.obj
                0x200005c0                htim2
 .bss.__sbrk_heap_end
                0x20000608        0x4 CMakeFiles/stm32project2.elf.dir/Core/Src/sysmem.c.obj
 .bss.htim5     0x2000060c       0x48 CMakeFiles/stm32project2.elf.dir/Core/Src/tim.c.obj
                0x2000060c                htim5
 .bss.htim4     0x20000654       0x48 CMakeFiles/stm32project2.elf.dir/Core/Src/tim.c.obj
                0x20000654                htim4
 .bss.htim3     0x2000069c       0x48 CMakeFiles/stm32project2.elf.dir/Core/Src/tim.c.obj
                0x2000069c                htim3
 .bss.htim1     0x200006e4       0x48 CMakeFiles/stm32project2.elf.dir/Core/Src/tim.c.obj
                0x200006e4                htim1
 .bss.huart1    0x2000072c       0x48 CMakeFiles/stm32project2.elf.dir/Core/Src/usart.c.obj
                0x2000072c                huart1
 .bss.uwTick    0x20000774        0x4 CMakeFiles/stm32project2.elf.dir/Drivers/STM32F1xx_HAL_Driver/Src/stm32f1xx_hal.c.obj
                0x20000774                uwTick
 .bss.Timer_Stack.0
                0x20000778      0x400 CMakeFiles/stm32project2.elf.dir/Middlewares/Third_Party/FreeRTOS/Source/CMSIS_RTOS_V2/cmsis_os2.c.obj
 .bss.Timer_TCB.1
                0x20000b78      0x1a0 CMakeFiles/stm32project2.elf.dir/Middlewares/Third_Party/FreeRTOS/Source/CMSIS_RTOS_V2/cmsis_os2.c.obj
 .bss.Idle_Stack.2
                0x20000d18      0x200 CMakeFiles/stm32project2.elf.dir/Middlewares/Third_Party/FreeRTOS/Source/CMSIS_RTOS_V2/cmsis_os2.c.obj
 .bss.Idle_TCB.3
                0x20000f18      0x1a0 CMakeFiles/stm32project2.elf.dir/Middlewares/Third_Party/FreeRTOS/Source/CMSIS_RTOS_V2/cmsis_os2.c.obj
 .bss.KernelState
                0x200010b8        0x4 CMakeFiles/stm32project2.elf.dir/Middlewares/Third_Party/FreeRTOS/Source/CMSIS_RTOS_V2/cmsis_os2.c.obj
 .bss.ulMaxPRIGROUPValue
                0x200010bc        0x4 CMakeFiles/stm32project2.elf.dir/Middlewares/Third_Party/FreeRTOS/Source/portable/GCC/ARM_CM3/port.c.obj
 .bss.ucMaxSysCallPriority
                0x200010c0        0x1 CMakeFiles/stm32project2.elf.dir/Middlewares/Third_Party/FreeRTOS/Source/portable/GCC/ARM_CM3/port.c.obj
 *fill*         0x200010c1        0x3 
 .bss.xBlockAllocatedBit
                0x200010c4        0x4 CMakeFiles/stm32project2.elf.dir/Middlewares/Third_Party/FreeRTOS/Source/portable/MemMang/heap_4.c.obj
 .bss.xNumberOfSuccessfulFrees
                0x200010c8        0x4 CMakeFiles/stm32project2.elf.dir/Middlewares/Third_Party/FreeRTOS/Source/portable/MemMang/heap_4.c.obj
 .bss.xNumberOfSuccessfulAllocations
                0x200010cc        0x4 CMakeFiles/stm32project2.elf.dir/Middlewares/Third_Party/FreeRTOS/Source/portable/MemMang/heap_4.c.obj
 .bss.xMinimumEverFreeBytesRemaining
                0x200010d0        0x4 CMakeFiles/stm32project2.elf.dir/Middlewares/Third_Party/FreeRTOS/Source/portable/MemMang/heap_4.c.obj
 .bss.xFreeBytesRemaining
                0x200010d4        0x4 CMakeFiles/stm32project2.elf.dir/Middlewares/Third_Party/FreeRTOS/Source/portable/MemMang/heap_4.c.obj
 .bss.pxEnd     0x200010d8        0x4 CMakeFiles/stm32project2.elf.dir/Middlewares/Third_Party/FreeRTOS/Source/portable/MemMang/heap_4.c.obj
 .bss.xStart    0x200010dc        0x8 CMakeFiles/stm32project2.elf.dir/Middlewares/Third_Party/FreeRTOS/Source/portable/MemMang/heap_4.c.obj
 .bss.ucHeap    0x200010e4      0xc00 CMakeFiles/stm32project2.elf.dir/Middlewares/Third_Party/FreeRTOS/Source/portable/MemMang/heap_4.c.obj
 .bss.xQueueRegistry
                0x20001ce4       0x40 CMakeFiles/stm32project2.elf.dir/Middlewares/Third_Party/FreeRTOS/Source/queue.c.obj
                0x20001ce4                xQueueRegistry
 .bss.uxSchedulerSuspended
                0x20001d24        0x4 CMakeFiles/stm32project2.elf.dir/Middlewares/Third_Party/FreeRTOS/Source/tasks.c.obj
 .bss.xIdleTaskHandle
                0x20001d28        0x4 CMakeFiles/stm32project2.elf.dir/Middlewares/Third_Party/FreeRTOS/Source/tasks.c.obj
 .bss.xNextTaskUnblockTime
                0x20001d2c        0x4 CMakeFiles/stm32project2.elf.dir/Middlewares/Third_Party/FreeRTOS/Source/tasks.c.obj
 .bss.uxTaskNumber
                0x20001d30        0x4 CMakeFiles/stm32project2.elf.dir/Middlewares/Third_Party/FreeRTOS/Source/tasks.c.obj
 .bss.xNumOfOverflows
                0x20001d34        0x4 CMakeFiles/stm32project2.elf.dir/Middlewares/Third_Party/FreeRTOS/Source/tasks.c.obj
 .bss.xYieldPending
                0x20001d38        0x4 CMakeFiles/stm32project2.elf.dir/Middlewares/Third_Party/FreeRTOS/Source/tasks.c.obj
 .bss.xPendedTicks
                0x20001d3c        0x4 CMakeFiles/stm32project2.elf.dir/Middlewares/Third_Party/FreeRTOS/Source/tasks.c.obj
 .bss.xSchedulerRunning
                0x20001d40        0x4 CMakeFiles/stm32project2.elf.dir/Middlewares/Third_Party/FreeRTOS/Source/tasks.c.obj
 .bss.uxTopReadyPriority
                0x20001d44        0x4 CMakeFiles/stm32project2.elf.dir/Middlewares/Third_Party/FreeRTOS/Source/tasks.c.obj
 .bss.xTickCount
                0x20001d48        0x4 CMakeFiles/stm32project2.elf.dir/Middlewares/Third_Party/FreeRTOS/Source/tasks.c.obj
 .bss.uxCurrentNumberOfTasks
                0x20001d4c        0x4 CMakeFiles/stm32project2.elf.dir/Middlewares/Third_Party/FreeRTOS/Source/tasks.c.obj
 .bss.xSuspendedTaskList
                0x20001d50       0x14 CMakeFiles/stm32project2.elf.dir/Middlewares/Third_Party/FreeRTOS/Source/tasks.c.obj
 .bss.uxDeletedTasksWaitingCleanUp
                0x20001d64        0x4 CMakeFiles/stm32project2.elf.dir/Middlewares/Third_Party/FreeRTOS/Source/tasks.c.obj
 .bss.xTasksWaitingTermination
                0x20001d68       0x14 CMakeFiles/stm32project2.elf.dir/Middlewares/Third_Party/FreeRTOS/Source/tasks.c.obj
 .bss.xPendingReadyList
                0x20001d7c       0x14 CMakeFiles/stm32project2.elf.dir/Middlewares/Third_Party/FreeRTOS/Source/tasks.c.obj
 .bss.pxOverflowDelayedTaskList
                0x20001d90        0x4 CMakeFiles/stm32project2.elf.dir/Middlewares/Third_Party/FreeRTOS/Source/tasks.c.obj
 .bss.pxDelayedTaskList
                0x20001d94        0x4 CMakeFiles/stm32project2.elf.dir/Middlewares/Third_Party/FreeRTOS/Source/tasks.c.obj
 .bss.xDelayedTaskList2
                0x20001d98       0x14 CMakeFiles/stm32project2.elf.dir/Middlewares/Third_Party/FreeRTOS/Source/tasks.c.obj
 .bss.xDelayedTaskList1
                0x20001dac       0x14 CMakeFiles/stm32project2.elf.dir/Middlewares/Third_Party/FreeRTOS/Source/tasks.c.obj
 .bss.pxReadyTasksLists
                0x20001dc0      0x460 CMakeFiles/stm32project2.elf.dir/Middlewares/Third_Party/FreeRTOS/Source/tasks.c.obj
 .bss.pxCurrentTCB
                0x20002220        0x4 CMakeFiles/stm32project2.elf.dir/Middlewares/Third_Party/FreeRTOS/Source/tasks.c.obj
                0x20002220                pxCurrentTCB
 .bss.xStaticTimerQueue.0
                0x20002224       0x50 CMakeFiles/stm32project2.elf.dir/Middlewares/Third_Party/FreeRTOS/Source/timers.c.obj
 .bss.ucStaticTimerQueueStorage.1
                0x20002274       0xa0 CMakeFiles/stm32project2.elf.dir/Middlewares/Third_Party/FreeRTOS/Source/timers.c.obj
 .bss.xLastTime.2
                0x20002314        0x4 CMakeFiles/stm32project2.elf.dir/Middlewares/Third_Party/FreeRTOS/Source/timers.c.obj
 .bss.xTimerTaskHandle
                0x20002318        0x4 CMakeFiles/stm32project2.elf.dir/Middlewares/Third_Party/FreeRTOS/Source/timers.c.obj
 .bss.xTimerQueue
                0x2000231c        0x4 CMakeFiles/stm32project2.elf.dir/Middlewares/Third_Party/FreeRTOS/Source/timers.c.obj
 .bss.pxOverflowTimerList
                0x20002320        0x4 CMakeFiles/stm32project2.elf.dir/Middlewares/Third_Party/FreeRTOS/Source/timers.c.obj
 .bss.pxCurrentTimerList
                0x20002324        0x4 CMakeFiles/stm32project2.elf.dir/Middlewares/Third_Party/FreeRTOS/Source/timers.c.obj
 .bss.xActiveTimerList2
                0x20002328       0x14 CMakeFiles/stm32project2.elf.dir/Middlewares/Third_Party/FreeRTOS/Source/timers.c.obj
 .bss.xActiveTimerList1
                0x2000233c       0x14 CMakeFiles/stm32project2.elf.dir/Middlewares/Third_Party/FreeRTOS/Source/timers.c.obj
 .bss.__sf      0x20002350      0x138 /usr/bin/../lib/gcc/arm-none-eabi/14.2.1/../../../../arm-none-eabi/lib/thumb/v7-m/nofp/libg.a(libc_a-findfp.o)
                0x20002350                __sf
 .bss.errno     0x20002488        0x4 /usr/bin/../lib/gcc/arm-none-eabi/14.2.1/../../../../arm-none-eabi/lib/thumb/v7-m/nofp/libg.a(libc_a-reent.o)
                0x20002488                errno
 .bss.__lock___malloc_recursive_mutex
                0x2000248c        0x1 /usr/bin/../lib/gcc/arm-none-eabi/14.2.1/../../../../arm-none-eabi/lib/thumb/v7-m/nofp/libg.a(libc_a-lock.o)
                0x2000248c                __lock___malloc_recursive_mutex
 *fill*         0x2000248d        0x3 
 .bss.__lock___atexit_recursive_mutex
                0x20002490        0x1 /usr/bin/../lib/gcc/arm-none-eabi/14.2.1/../../../../arm-none-eabi/lib/thumb/v7-m/nofp/libg.a(libc_a-lock.o)
                0x20002490                __lock___atexit_recursive_mutex
 *fill*         0x20002491        0x3 
 .bss.__atexit  0x20002494        0x4 /usr/bin/../lib/gcc/arm-none-eabi/14.2.1/../../../../arm-none-eabi/lib/thumb/v7-m/nofp/libg.a(libc_a-__call_atexit.o)
                0x20002494                __atexit
 .bss.__malloc_current_mallinfo
                0x20002498       0x28 /usr/bin/../lib/gcc/arm-none-eabi/14.2.1/../../../../arm-none-eabi/lib/thumb/v7-m/nofp/libg.a(libc_a-mallocr.o)
                0x20002498                __malloc_current_mallinfo
 .bss.__malloc_top_pad
                0x200024c0        0x4 /usr/bin/../lib/gcc/arm-none-eabi/14.2.1/../../../../arm-none-eabi/lib/thumb/v7-m/nofp/libg.a(libc_a-mallocr.o)
                0x200024c0                __malloc_top_pad
 .bss.__atexit0
                0x200024c4      0x190 /usr/bin/../lib/gcc/arm-none-eabi/14.2.1/../../../../arm-none-eabi/lib/thumb/v7-m/nofp/libg.a(libc_a-__atexit.o)
                0x200024c4                __atexit0
 *(COMMON)
                0x20002654                        . = ALIGN (0x4)
                0x20002654                        _ebss = .
                0x20002654                        __bss_end__ = _ebss

._user_heap_stack
                0x20002654      0x804 load address 0x08005b30
                0x20002658                        . = ALIGN (0x8)
 *fill*         0x20002654        0x4 
                [!provide]                        PROVIDE (end = .)
                0x20002658                        PROVIDE (_end = .)
                0x20002a58                        . = (. + _Min_Heap_Size)
 *fill*         0x20002658      0x400 
                0x20002e58                        . = (. + _Min_Stack_Size)
 *fill*         0x20002a58      0x400 
                0x20002e58                        . = ALIGN (0x8)

/DISCARD/
 libc.a(*)
 libm.a(*)
 libgcc.a(*)

.ARM.attributes
                0x00000000       0x29
 *(.ARM.attributes)
 .ARM.attributes
                0x00000000       0x1d /usr/bin/../lib/gcc/arm-none-eabi/14.2.1/thumb/v7-m/nofp/crti.o
 .ARM.attributes
                0x0000001d       0x2d /usr/bin/../lib/gcc/arm-none-eabi/14.2.1/thumb/v7-m/nofp/crtbegin.o
 .ARM.attributes
                0x0000004a       0x2d CMakeFiles/stm32project2.elf.dir/Core/Src/can.c.obj
 .ARM.attributes
                0x00000077       0x2d CMakeFiles/stm32project2.elf.dir/Core/Src/freertos.c.obj
 .ARM.attributes
                0x000000a4       0x2d CMakeFiles/stm32project2.elf.dir/Core/Src/gpio.c.obj
 .ARM.attributes
                0x000000d1       0x2d CMakeFiles/stm32project2.elf.dir/Core/Src/main.c.obj
 .ARM.attributes
                0x000000fe       0x2d CMakeFiles/stm32project2.elf.dir/Core/Src/stm32f1xx_hal_msp.c.obj
 .ARM.attributes
                0x0000012b       0x2d CMakeFiles/stm32project2.elf.dir/Core/Src/stm32f1xx_hal_timebase_tim.c.obj
 .ARM.attributes
                0x00000158       0x2d CMakeFiles/stm32project2.elf.dir/Core/Src/stm32f1xx_it.c.obj
 .ARM.attributes
                0x00000185       0x2d CMakeFiles/stm32project2.elf.dir/Core/Src/sysmem.c.obj
 .ARM.attributes
                0x000001b2       0x2d CMakeFiles/stm32project2.elf.dir/Core/Src/system_stm32f1xx.c.obj
 .ARM.attributes
                0x000001df       0x2d CMakeFiles/stm32project2.elf.dir/Core/Src/tim.c.obj
 .ARM.attributes
                0x0000020c       0x2d CMakeFiles/stm32project2.elf.dir/Core/Src/usart.c.obj
 .ARM.attributes
                0x00000239       0x21 CMakeFiles/stm32project2.elf.dir/Core/Startup/startup_stm32f103zetx.s.obj
 .ARM.attributes
                0x0000025a       0x2d CMakeFiles/stm32project2.elf.dir/Drivers/STM32F1xx_HAL_Driver/Src/stm32f1xx_hal.c.obj
 .ARM.attributes
                0x00000287       0x2d CMakeFiles/stm32project2.elf.dir/Drivers/STM32F1xx_HAL_Driver/Src/stm32f1xx_hal_can.c.obj
 .ARM.attributes
                0x000002b4       0x2d CMakeFiles/stm32project2.elf.dir/Drivers/STM32F1xx_HAL_Driver/Src/stm32f1xx_hal_cortex.c.obj
 .ARM.attributes
                0x000002e1       0x2d CMakeFiles/stm32project2.elf.dir/Drivers/STM32F1xx_HAL_Driver/Src/stm32f1xx_hal_dma.c.obj
 .ARM.attributes
                0x0000030e       0x2d CMakeFiles/stm32project2.elf.dir/Drivers/STM32F1xx_HAL_Driver/Src/stm32f1xx_hal_gpio.c.obj
 .ARM.attributes
                0x0000033b       0x2d CMakeFiles/stm32project2.elf.dir/Drivers/STM32F1xx_HAL_Driver/Src/stm32f1xx_hal_rcc.c.obj
 .ARM.attributes
                0x00000368       0x2d CMakeFiles/stm32project2.elf.dir/Drivers/STM32F1xx_HAL_Driver/Src/stm32f1xx_hal_tim.c.obj
 .ARM.attributes
                0x00000395       0x2d CMakeFiles/stm32project2.elf.dir/Drivers/STM32F1xx_HAL_Driver/Src/stm32f1xx_hal_tim_ex.c.obj
 .ARM.attributes
                0x000003c2       0x2d CMakeFiles/stm32project2.elf.dir/Drivers/STM32F1xx_HAL_Driver/Src/stm32f1xx_hal_uart.c.obj
 .ARM.attributes
                0x000003ef       0x2d CMakeFiles/stm32project2.elf.dir/Middlewares/Third_Party/FreeRTOS/Source/CMSIS_RTOS_V2/cmsis_os2.c.obj
 .ARM.attributes
                0x0000041c       0x2d CMakeFiles/stm32project2.elf.dir/Middlewares/Third_Party/FreeRTOS/Source/list.c.obj
 .ARM.attributes
                0x00000449       0x2d CMakeFiles/stm32project2.elf.dir/Middlewares/Third_Party/FreeRTOS/Source/portable/GCC/ARM_CM3/port.c.obj
 .ARM.attributes
                0x00000476       0x2d CMakeFiles/stm32project2.elf.dir/Middlewares/Third_Party/FreeRTOS/Source/portable/MemMang/heap_4.c.obj
 .ARM.attributes
                0x000004a3       0x2d CMakeFiles/stm32project2.elf.dir/Middlewares/Third_Party/FreeRTOS/Source/queue.c.obj
 .ARM.attributes
                0x000004d0       0x2d CMakeFiles/stm32project2.elf.dir/Middlewares/Third_Party/FreeRTOS/Source/tasks.c.obj
 .ARM.attributes
                0x000004fd       0x2d CMakeFiles/stm32project2.elf.dir/Middlewares/Third_Party/FreeRTOS/Source/timers.c.obj
 .ARM.attributes
                0x0000052a       0x2d CMakeFiles/stm32project2.elf.dir/New/Src/i2c.c.obj
 .ARM.attributes
                0x00000557       0x2d /usr/bin/../lib/gcc/arm-none-eabi/14.2.1/../../../../arm-none-eabi/lib/thumb/v7-m/nofp/libg.a(libc_a-findfp.o)
 .ARM.attributes
                0x00000584       0x2d /usr/bin/../lib/gcc/arm-none-eabi/14.2.1/../../../../arm-none-eabi/lib/thumb/v7-m/nofp/libg.a(libc_a-memset.o)
 .ARM.attributes
                0x000005b1       0x2d /usr/bin/../lib/gcc/arm-none-eabi/14.2.1/../../../../arm-none-eabi/lib/thumb/v7-m/nofp/libg.a(libc_a-reent.o)
 .ARM.attributes
                0x000005de       0x2d /usr/bin/../lib/gcc/arm-none-eabi/14.2.1/../../../../arm-none-eabi/lib/thumb/v7-m/nofp/libg.a(libc_a-impure.o)
 .ARM.attributes
                0x0000060b       0x2d /usr/bin/../lib/gcc/arm-none-eabi/14.2.1/../../../../arm-none-eabi/lib/thumb/v7-m/nofp/libg.a(libc_a-errno.o)
 .ARM.attributes
                0x00000638       0x2d /usr/bin/../lib/gcc/arm-none-eabi/14.2.1/../../../../arm-none-eabi/lib/thumb/v7-m/nofp/libg.a(libc_a-init.o)
 .ARM.attributes
                0x00000665       0x2d /usr/bin/../lib/gcc/arm-none-eabi/14.2.1/../../../../arm-none-eabi/lib/thumb/v7-m/nofp/libg.a(libc_a-lock.o)
 .ARM.attributes
                0x00000692       0x1b /usr/bin/../lib/gcc/arm-none-eabi/14.2.1/../../../../arm-none-eabi/lib/thumb/v7-m/nofp/libg.a(libc_a-memcpy.o)
 .ARM.attributes
                0x000006ad       0x2d /usr/bin/../lib/gcc/arm-none-eabi/14.2.1/../../../../arm-none-eabi/lib/thumb/v7-m/nofp/libg.a(libc_a-__call_atexit.o)
 .ARM.attributes
                0x000006da       0x2d /usr/bin/../lib/gcc/arm-none-eabi/14.2.1/../../../../arm-none-eabi/lib/thumb/v7-m/nofp/libg.a(libc_a-atexit.o)
 .ARM.attributes
                0x00000707       0x2d /usr/bin/../lib/gcc/arm-none-eabi/14.2.1/../../../../arm-none-eabi/lib/thumb/v7-m/nofp/libg.a(libc_a-freer.o)
 .ARM.attributes
                0x00000734       0x2d /usr/bin/../lib/gcc/arm-none-eabi/14.2.1/../../../../arm-none-eabi/lib/thumb/v7-m/nofp/libg.a(libc_a-mallocr.o)
 .ARM.attributes
                0x00000761       0x2d /usr/bin/../lib/gcc/arm-none-eabi/14.2.1/../../../../arm-none-eabi/lib/thumb/v7-m/nofp/libg.a(libc_a-mlock.o)
 .ARM.attributes
                0x0000078e       0x2d /usr/bin/../lib/gcc/arm-none-eabi/14.2.1/../../../../arm-none-eabi/lib/thumb/v7-m/nofp/libg.a(libc_a-sbrkr.o)
 .ARM.attributes
                0x000007bb       0x2d /usr/bin/../lib/gcc/arm-none-eabi/14.2.1/../../../../arm-none-eabi/lib/thumb/v7-m/nofp/libg.a(libc_a-fini.o)
 .ARM.attributes
                0x000007e8       0x2d /usr/bin/../lib/gcc/arm-none-eabi/14.2.1/../../../../arm-none-eabi/lib/thumb/v7-m/nofp/libg.a(libc_a-sysconf.o)
 .ARM.attributes
                0x00000815       0x2d /usr/bin/../lib/gcc/arm-none-eabi/14.2.1/../../../../arm-none-eabi/lib/thumb/v7-m/nofp/libg.a(libc_a-__atexit.o)
 .ARM.attributes
                0x00000842       0x2d /usr/bin/../lib/gcc/arm-none-eabi/14.2.1/thumb/v7-m/nofp/crtend.o
 .ARM.attributes
                0x0000086f       0x1d /usr/bin/../lib/gcc/arm-none-eabi/14.2.1/thumb/v7-m/nofp/crtn.o
OUTPUT(stm32project2.elf elf32-littlearm)
LOAD linker stubs
LOAD /usr/bin/../lib/gcc/arm-none-eabi/14.2.1/../../../../arm-none-eabi/lib/thumb/v7-m/nofp/libc.a
LOAD /usr/bin/../lib/gcc/arm-none-eabi/14.2.1/../../../../arm-none-eabi/lib/thumb/v7-m/nofp/libm.a
LOAD /usr/bin/../lib/gcc/arm-none-eabi/14.2.1/thumb/v7-m/nofp/libgcc.a

.debug_info     0x00000000    0x22ca0
 .debug_info    0x00000000      0xa14 CMakeFiles/stm32project2.elf.dir/Core/Src/can.c.obj
 .debug_info    0x00000a14      0xdd2 CMakeFiles/stm32project2.elf.dir/Core/Src/freertos.c.obj
 .debug_info    0x000017e6      0x440 CMakeFiles/stm32project2.elf.dir/Core/Src/gpio.c.obj
 .debug_info    0x00001c26      0xac3 CMakeFiles/stm32project2.elf.dir/Core/Src/main.c.obj
 .debug_info    0x000026e9      0x3e8 CMakeFiles/stm32project2.elf.dir/Core/Src/stm32f1xx_hal_msp.c.obj
 .debug_info    0x00002ad1      0xaae CMakeFiles/stm32project2.elf.dir/Core/Src/stm32f1xx_hal_timebase_tim.c.obj
 .debug_info    0x0000357f      0xd9c CMakeFiles/stm32project2.elf.dir/Core/Src/stm32f1xx_it.c.obj
 .debug_info    0x0000431b      0x171 CMakeFiles/stm32project2.elf.dir/Core/Src/sysmem.c.obj
 .debug_info    0x0000448c      0x22d CMakeFiles/stm32project2.elf.dir/Core/Src/system_stm32f1xx.c.obj
 .debug_info    0x000046b9     0x1642 CMakeFiles/stm32project2.elf.dir/Core/Src/tim.c.obj
 .debug_info    0x00005cfb      0xa4c CMakeFiles/stm32project2.elf.dir/Core/Src/usart.c.obj
 .debug_info    0x00006747       0x30 CMakeFiles/stm32project2.elf.dir/Core/Startup/startup_stm32f103zetx.s.obj
 .debug_info    0x00006777      0x808 CMakeFiles/stm32project2.elf.dir/Drivers/STM32F1xx_HAL_Driver/Src/stm32f1xx_hal.c.obj
 .debug_info    0x00006f7f     0x11b7 CMakeFiles/stm32project2.elf.dir/Drivers/STM32F1xx_HAL_Driver/Src/stm32f1xx_hal_can.c.obj
 .debug_info    0x00008136      0xd3f CMakeFiles/stm32project2.elf.dir/Drivers/STM32F1xx_HAL_Driver/Src/stm32f1xx_hal_cortex.c.obj
 .debug_info    0x00008e75      0x7f2 CMakeFiles/stm32project2.elf.dir/Drivers/STM32F1xx_HAL_Driver/Src/stm32f1xx_hal_dma.c.obj
 .debug_info    0x00009667      0x604 CMakeFiles/stm32project2.elf.dir/Drivers/STM32F1xx_HAL_Driver/Src/stm32f1xx_hal_gpio.c.obj
 .debug_info    0x00009c6b      0x9c7 CMakeFiles/stm32project2.elf.dir/Drivers/STM32F1xx_HAL_Driver/Src/stm32f1xx_hal_rcc.c.obj
 .debug_info    0x0000a632     0x3c0f CMakeFiles/stm32project2.elf.dir/Drivers/STM32F1xx_HAL_Driver/Src/stm32f1xx_hal_tim.c.obj
 .debug_info    0x0000e241     0x1a9e CMakeFiles/stm32project2.elf.dir/Drivers/STM32F1xx_HAL_Driver/Src/stm32f1xx_hal_tim_ex.c.obj
 .debug_info    0x0000fcdf     0x3f85 CMakeFiles/stm32project2.elf.dir/Drivers/STM32F1xx_HAL_Driver/Src/stm32f1xx_hal_uart.c.obj
 .debug_info    0x00013c64     0x5492 CMakeFiles/stm32project2.elf.dir/Middlewares/Third_Party/FreeRTOS/Source/CMSIS_RTOS_V2/cmsis_os2.c.obj
 .debug_info    0x000190f6      0x2bf CMakeFiles/stm32project2.elf.dir/Middlewares/Third_Party/FreeRTOS/Source/list.c.obj
 .debug_info    0x000193b5      0x505 CMakeFiles/stm32project2.elf.dir/Middlewares/Third_Party/FreeRTOS/Source/portable/GCC/ARM_CM3/port.c.obj
 .debug_info    0x000198ba      0x593 CMakeFiles/stm32project2.elf.dir/Middlewares/Third_Party/FreeRTOS/Source/portable/MemMang/heap_4.c.obj
 .debug_info    0x00019e4d     0x27a8 CMakeFiles/stm32project2.elf.dir/Middlewares/Third_Party/FreeRTOS/Source/queue.c.obj
 .debug_info    0x0001c5f5     0x37d5 CMakeFiles/stm32project2.elf.dir/Middlewares/Third_Party/FreeRTOS/Source/tasks.c.obj
 .debug_info    0x0001fdca     0x2215 CMakeFiles/stm32project2.elf.dir/Middlewares/Third_Party/FreeRTOS/Source/timers.c.obj
 .debug_info    0x00021fdf      0xcc1 CMakeFiles/stm32project2.elf.dir/New/Src/i2c.c.obj

.debug_abbrev   0x00000000     0x4605
 .debug_abbrev  0x00000000      0x252 CMakeFiles/stm32project2.elf.dir/Core/Src/can.c.obj
 .debug_abbrev  0x00000252      0x22e CMakeFiles/stm32project2.elf.dir/Core/Src/freertos.c.obj
 .debug_abbrev  0x00000480      0x151 CMakeFiles/stm32project2.elf.dir/Core/Src/gpio.c.obj
 .debug_abbrev  0x000005d1      0x2a4 CMakeFiles/stm32project2.elf.dir/Core/Src/main.c.obj
 .debug_abbrev  0x00000875      0x137 CMakeFiles/stm32project2.elf.dir/Core/Src/stm32f1xx_hal_msp.c.obj
 .debug_abbrev  0x000009ac      0x231 CMakeFiles/stm32project2.elf.dir/Core/Src/stm32f1xx_hal_timebase_tim.c.obj
 .debug_abbrev  0x00000bdd      0x1d4 CMakeFiles/stm32project2.elf.dir/Core/Src/stm32f1xx_it.c.obj
 .debug_abbrev  0x00000db1       0xea CMakeFiles/stm32project2.elf.dir/Core/Src/sysmem.c.obj
 .debug_abbrev  0x00000e9b      0x143 CMakeFiles/stm32project2.elf.dir/Core/Src/system_stm32f1xx.c.obj
 .debug_abbrev  0x00000fde      0x2b0 CMakeFiles/stm32project2.elf.dir/Core/Src/tim.c.obj
 .debug_abbrev  0x0000128e      0x223 CMakeFiles/stm32project2.elf.dir/Core/Src/usart.c.obj
 .debug_abbrev  0x000014b1       0x24 CMakeFiles/stm32project2.elf.dir/Core/Startup/startup_stm32f103zetx.s.obj
 .debug_abbrev  0x000014d5      0x22d CMakeFiles/stm32project2.elf.dir/Drivers/STM32F1xx_HAL_Driver/Src/stm32f1xx_hal.c.obj
 .debug_abbrev  0x00001702      0x262 CMakeFiles/stm32project2.elf.dir/Drivers/STM32F1xx_HAL_Driver/Src/stm32f1xx_hal_can.c.obj
 .debug_abbrev  0x00001964      0x36d CMakeFiles/stm32project2.elf.dir/Drivers/STM32F1xx_HAL_Driver/Src/stm32f1xx_hal_cortex.c.obj
 .debug_abbrev  0x00001cd1      0x244 CMakeFiles/stm32project2.elf.dir/Drivers/STM32F1xx_HAL_Driver/Src/stm32f1xx_hal_dma.c.obj
 .debug_abbrev  0x00001f15      0x1f7 CMakeFiles/stm32project2.elf.dir/Drivers/STM32F1xx_HAL_Driver/Src/stm32f1xx_hal_gpio.c.obj
 .debug_abbrev  0x0000210c      0x2a0 CMakeFiles/stm32project2.elf.dir/Drivers/STM32F1xx_HAL_Driver/Src/stm32f1xx_hal_rcc.c.obj
 .debug_abbrev  0x000023ac      0x270 CMakeFiles/stm32project2.elf.dir/Drivers/STM32F1xx_HAL_Driver/Src/stm32f1xx_hal_tim.c.obj
 .debug_abbrev  0x0000261c      0x26e CMakeFiles/stm32project2.elf.dir/Drivers/STM32F1xx_HAL_Driver/Src/stm32f1xx_hal_tim_ex.c.obj
 .debug_abbrev  0x0000288a      0x31c CMakeFiles/stm32project2.elf.dir/Drivers/STM32F1xx_HAL_Driver/Src/stm32f1xx_hal_uart.c.obj
 .debug_abbrev  0x00002ba6      0x602 CMakeFiles/stm32project2.elf.dir/Middlewares/Third_Party/FreeRTOS/Source/CMSIS_RTOS_V2/cmsis_os2.c.obj
 .debug_abbrev  0x000031a8      0x10a CMakeFiles/stm32project2.elf.dir/Middlewares/Third_Party/FreeRTOS/Source/list.c.obj
 .debug_abbrev  0x000032b2      0x2a4 CMakeFiles/stm32project2.elf.dir/Middlewares/Third_Party/FreeRTOS/Source/portable/GCC/ARM_CM3/port.c.obj
 .debug_abbrev  0x00003556      0x263 CMakeFiles/stm32project2.elf.dir/Middlewares/Third_Party/FreeRTOS/Source/portable/MemMang/heap_4.c.obj
 .debug_abbrev  0x000037b9      0x3ea CMakeFiles/stm32project2.elf.dir/Middlewares/Third_Party/FreeRTOS/Source/queue.c.obj
 .debug_abbrev  0x00003ba3      0x45f CMakeFiles/stm32project2.elf.dir/Middlewares/Third_Party/FreeRTOS/Source/tasks.c.obj
 .debug_abbrev  0x00004002      0x3c7 CMakeFiles/stm32project2.elf.dir/Middlewares/Third_Party/FreeRTOS/Source/timers.c.obj
 .debug_abbrev  0x000043c9      0x23c CMakeFiles/stm32project2.elf.dir/New/Src/i2c.c.obj

.debug_loclists
                0x00000000    0x10c1b
 .debug_loclists
                0x00000000       0xa7 CMakeFiles/stm32project2.elf.dir/Core/Src/can.c.obj
 .debug_loclists
                0x000000a7       0x47 CMakeFiles/stm32project2.elf.dir/Core/Src/freertos.c.obj
 .debug_loclists
                0x000000ee       0x2e CMakeFiles/stm32project2.elf.dir/Core/Src/main.c.obj
 .debug_loclists
                0x0000011c       0x17 CMakeFiles/stm32project2.elf.dir/Core/Src/stm32f1xx_hal_msp.c.obj
 .debug_loclists
                0x00000133       0xb8 CMakeFiles/stm32project2.elf.dir/Core/Src/stm32f1xx_hal_timebase_tim.c.obj
 .debug_loclists
                0x000001eb       0x52 CMakeFiles/stm32project2.elf.dir/Core/Src/sysmem.c.obj
 .debug_loclists
                0x0000023d       0xb7 CMakeFiles/stm32project2.elf.dir/Core/Src/system_stm32f1xx.c.obj
 .debug_loclists
                0x000002f4      0x18a CMakeFiles/stm32project2.elf.dir/Core/Src/tim.c.obj
 .debug_loclists
                0x0000047e       0x75 CMakeFiles/stm32project2.elf.dir/Core/Src/usart.c.obj
 .debug_loclists
                0x000004f3       0xe1 CMakeFiles/stm32project2.elf.dir/Drivers/STM32F1xx_HAL_Driver/Src/stm32f1xx_hal.c.obj
 .debug_loclists
                0x000005d4      0xa1a CMakeFiles/stm32project2.elf.dir/Drivers/STM32F1xx_HAL_Driver/Src/stm32f1xx_hal_can.c.obj
 .debug_loclists
                0x00000fee      0x530 CMakeFiles/stm32project2.elf.dir/Drivers/STM32F1xx_HAL_Driver/Src/stm32f1xx_hal_cortex.c.obj
 .debug_loclists
                0x0000151e      0x577 CMakeFiles/stm32project2.elf.dir/Drivers/STM32F1xx_HAL_Driver/Src/stm32f1xx_hal_dma.c.obj
 .debug_loclists
                0x00001a95      0x302 CMakeFiles/stm32project2.elf.dir/Drivers/STM32F1xx_HAL_Driver/Src/stm32f1xx_hal_gpio.c.obj
 .debug_loclists
                0x00001d97      0x42e CMakeFiles/stm32project2.elf.dir/Drivers/STM32F1xx_HAL_Driver/Src/stm32f1xx_hal_rcc.c.obj
 .debug_loclists
                0x000021c5     0x37b9 CMakeFiles/stm32project2.elf.dir/Drivers/STM32F1xx_HAL_Driver/Src/stm32f1xx_hal_tim.c.obj
 .debug_loclists
                0x0000597e     0x13df CMakeFiles/stm32project2.elf.dir/Drivers/STM32F1xx_HAL_Driver/Src/stm32f1xx_hal_tim_ex.c.obj
 .debug_loclists
                0x00006d5d     0x2cdc CMakeFiles/stm32project2.elf.dir/Drivers/STM32F1xx_HAL_Driver/Src/stm32f1xx_hal_uart.c.obj
 .debug_loclists
                0x00009a39     0x38ec CMakeFiles/stm32project2.elf.dir/Middlewares/Third_Party/FreeRTOS/Source/CMSIS_RTOS_V2/cmsis_os2.c.obj
 .debug_loclists
                0x0000d325       0x75 CMakeFiles/stm32project2.elf.dir/Middlewares/Third_Party/FreeRTOS/Source/list.c.obj
 .debug_loclists
                0x0000d39a       0x98 CMakeFiles/stm32project2.elf.dir/Middlewares/Third_Party/FreeRTOS/Source/portable/GCC/ARM_CM3/port.c.obj
 .debug_loclists
                0x0000d432      0x2b7 CMakeFiles/stm32project2.elf.dir/Middlewares/Third_Party/FreeRTOS/Source/portable/MemMang/heap_4.c.obj
 .debug_loclists
                0x0000d6e9     0x1132 CMakeFiles/stm32project2.elf.dir/Middlewares/Third_Party/FreeRTOS/Source/queue.c.obj
 .debug_loclists
                0x0000e81b     0x1745 CMakeFiles/stm32project2.elf.dir/Middlewares/Third_Party/FreeRTOS/Source/tasks.c.obj
 .debug_loclists
                0x0000ff60      0xbb1 CMakeFiles/stm32project2.elf.dir/Middlewares/Third_Party/FreeRTOS/Source/timers.c.obj
 .debug_loclists
                0x00010b11      0x10a CMakeFiles/stm32project2.elf.dir/New/Src/i2c.c.obj

.debug_aranges  0x00000000     0x1668
 .debug_aranges
                0x00000000       0x30 CMakeFiles/stm32project2.elf.dir/Core/Src/can.c.obj
 .debug_aranges
                0x00000030       0x48 CMakeFiles/stm32project2.elf.dir/Core/Src/freertos.c.obj
 .debug_aranges
                0x00000078       0x20 CMakeFiles/stm32project2.elf.dir/Core/Src/gpio.c.obj
 .debug_aranges
                0x00000098       0x38 CMakeFiles/stm32project2.elf.dir/Core/Src/main.c.obj
 .debug_aranges
                0x000000d0       0x20 CMakeFiles/stm32project2.elf.dir/Core/Src/stm32f1xx_hal_msp.c.obj
 .debug_aranges
                0x000000f0       0x30 CMakeFiles/stm32project2.elf.dir/Core/Src/stm32f1xx_hal_timebase_tim.c.obj
 .debug_aranges
                0x00000120       0x78 CMakeFiles/stm32project2.elf.dir/Core/Src/stm32f1xx_it.c.obj
 .debug_aranges
                0x00000198       0x20 CMakeFiles/stm32project2.elf.dir/Core/Src/sysmem.c.obj
 .debug_aranges
                0x000001b8       0x28 CMakeFiles/stm32project2.elf.dir/Core/Src/system_stm32f1xx.c.obj
 .debug_aranges
                0x000001e0       0x58 CMakeFiles/stm32project2.elf.dir/Core/Src/tim.c.obj
 .debug_aranges
                0x00000238       0x30 CMakeFiles/stm32project2.elf.dir/Core/Src/usart.c.obj
 .debug_aranges
                0x00000268       0x28 CMakeFiles/stm32project2.elf.dir/Core/Startup/startup_stm32f103zetx.s.obj
 .debug_aranges
                0x00000290       0xe0 CMakeFiles/stm32project2.elf.dir/Drivers/STM32F1xx_HAL_Driver/Src/stm32f1xx_hal.c.obj
 .debug_aranges
                0x00000370      0x138 CMakeFiles/stm32project2.elf.dir/Drivers/STM32F1xx_HAL_Driver/Src/stm32f1xx_hal_can.c.obj
 .debug_aranges
                0x000004a8       0xc0 CMakeFiles/stm32project2.elf.dir/Drivers/STM32F1xx_HAL_Driver/Src/stm32f1xx_hal_cortex.c.obj
 .debug_aranges
                0x00000568       0x80 CMakeFiles/stm32project2.elf.dir/Drivers/STM32F1xx_HAL_Driver/Src/stm32f1xx_hal_dma.c.obj
 .debug_aranges
                0x000005e8       0x58 CMakeFiles/stm32project2.elf.dir/Drivers/STM32F1xx_HAL_Driver/Src/stm32f1xx_hal_gpio.c.obj
 .debug_aranges
                0x00000640       0x90 CMakeFiles/stm32project2.elf.dir/Drivers/STM32F1xx_HAL_Driver/Src/stm32f1xx_hal_rcc.c.obj
 .debug_aranges
                0x000006d0      0x3d0 CMakeFiles/stm32project2.elf.dir/Drivers/STM32F1xx_HAL_Driver/Src/stm32f1xx_hal_tim.c.obj
 .debug_aranges
                0x00000aa0      0x168 CMakeFiles/stm32project2.elf.dir/Drivers/STM32F1xx_HAL_Driver/Src/stm32f1xx_hal_tim_ex.c.obj
 .debug_aranges
                0x00000c08      0x208 CMakeFiles/stm32project2.elf.dir/Drivers/STM32F1xx_HAL_Driver/Src/stm32f1xx_hal_uart.c.obj