Archive member included to satisfy reference by file (symbol)

/usr/bin/../lib/gcc/arm-none-eabi/14.2.1/../../../../arm-none-eabi/lib/thumb/v7-m/nofp/libg.a(libc_a-exit.o)
                              /usr/bin/../lib/gcc/arm-none-eabi/14.2.1/../../../../arm-none-eabi/lib/thumb/v7-m/nofp/crt0.o (exit)
/usr/bin/../lib/gcc/arm-none-eabi/14.2.1/../../../../arm-none-eabi/lib/thumb/v7-m/nofp/libg.a(libc_a-findfp.o)
                              CMakeFiles/stm32project2.elf.dir/Middlewares/Third_Party/FreeRTOS/Source/tasks.c.obj (__sf)
/usr/bin/../lib/gcc/arm-none-eabi/14.2.1/../../../../arm-none-eabi/lib/thumb/v7-m/nofp/libg.a(libc_a-fwalk.o)
                              /usr/bin/../lib/gcc/arm-none-eabi/14.2.1/../../../../arm-none-eabi/lib/thumb/v7-m/nofp/libg.a(libc_a-findfp.o) (_fwalk_sglue)
/usr/bin/../lib/gcc/arm-none-eabi/14.2.1/../../../../arm-none-eabi/lib/thumb/v7-m/nofp/libg.a(libc_a-stdio.o)
                              /usr/bin/../lib/gcc/arm-none-eabi/14.2.1/../../../../arm-none-eabi/lib/thumb/v7-m/nofp/libg.a(libc_a-findfp.o) (__sread)
/usr/bin/../lib/gcc/arm-none-eabi/14.2.1/../../../../arm-none-eabi/lib/thumb/v7-m/nofp/libg.a(libc_a-memset.o)
                              /usr/bin/../lib/gcc/arm-none-eabi/14.2.1/../../../../arm-none-eabi/lib/thumb/v7-m/nofp/crt0.o (memset)
/usr/bin/../lib/gcc/arm-none-eabi/14.2.1/../../../../arm-none-eabi/lib/thumb/v7-m/nofp/libg.a(libc_a-closer.o)
                              /usr/bin/../lib/gcc/arm-none-eabi/14.2.1/../../../../arm-none-eabi/lib/thumb/v7-m/nofp/libg.a(libc_a-stdio.o) (_close_r)
/usr/bin/../lib/gcc/arm-none-eabi/14.2.1/../../../../arm-none-eabi/lib/thumb/v7-m/nofp/libg.a(libc_a-reent.o)
                              CMakeFiles/stm32project2.elf.dir/Middlewares/Third_Party/FreeRTOS/Source/tasks.c.obj (_reclaim_reent)
/usr/bin/../lib/gcc/arm-none-eabi/14.2.1/../../../../arm-none-eabi/lib/thumb/v7-m/nofp/libg.a(libc_a-impure.o)
                              CMakeFiles/stm32project2.elf.dir/Middlewares/Third_Party/FreeRTOS/Source/tasks.c.obj (_impure_ptr)
/usr/bin/../lib/gcc/arm-none-eabi/14.2.1/../../../../arm-none-eabi/lib/thumb/v7-m/nofp/libg.a(libc_a-lseekr.o)
                              /usr/bin/../lib/gcc/arm-none-eabi/14.2.1/../../../../arm-none-eabi/lib/thumb/v7-m/nofp/libg.a(libc_a-stdio.o) (_lseek_r)
/usr/bin/../lib/gcc/arm-none-eabi/14.2.1/../../../../arm-none-eabi/lib/thumb/v7-m/nofp/libg.a(libc_a-readr.o)
                              /usr/bin/../lib/gcc/arm-none-eabi/14.2.1/../../../../arm-none-eabi/lib/thumb/v7-m/nofp/libg.a(libc_a-stdio.o) (_read_r)
/usr/bin/../lib/gcc/arm-none-eabi/14.2.1/../../../../arm-none-eabi/lib/thumb/v7-m/nofp/libg.a(libc_a-writer.o)
                              /usr/bin/../lib/gcc/arm-none-eabi/14.2.1/../../../../arm-none-eabi/lib/thumb/v7-m/nofp/libg.a(libc_a-stdio.o) (_write_r)
/usr/bin/../lib/gcc/arm-none-eabi/14.2.1/../../../../arm-none-eabi/lib/thumb/v7-m/nofp/libg.a(libc_a-errno.o)
                              CMakeFiles/stm32project2.elf.dir/Core/Src/syscalls.c.obj (__errno)
/usr/bin/../lib/gcc/arm-none-eabi/14.2.1/../../../../arm-none-eabi/lib/thumb/v7-m/nofp/libg.a(libc_a-init.o)
                              /usr/bin/../lib/gcc/arm-none-eabi/14.2.1/../../../../arm-none-eabi/lib/thumb/v7-m/nofp/crt0.o (__libc_init_array)
/usr/bin/../lib/gcc/arm-none-eabi/14.2.1/../../../../arm-none-eabi/lib/thumb/v7-m/nofp/libg.a(libc_a-lock.o)
                              /usr/bin/../lib/gcc/arm-none-eabi/14.2.1/../../../../arm-none-eabi/lib/thumb/v7-m/nofp/libg.a(libc_a-findfp.o) (__retarget_lock_init_recursive)
/usr/bin/../lib/gcc/arm-none-eabi/14.2.1/../../../../arm-none-eabi/lib/thumb/v7-m/nofp/libg.a(libc_a-memcpy.o)
                              CMakeFiles/stm32project2.elf.dir/Middlewares/Third_Party/FreeRTOS/Source/CMSIS_RTOS_V2/cmsis_os2.c.obj (memcpy)
/usr/bin/../lib/gcc/arm-none-eabi/14.2.1/../../../../arm-none-eabi/lib/thumb/v7-m/nofp/libg.a(libc_a-__call_atexit.o)
                              /usr/bin/../lib/gcc/arm-none-eabi/14.2.1/../../../../arm-none-eabi/lib/thumb/v7-m/nofp/libg.a(libc_a-exit.o) (__call_exitprocs)
/usr/bin/../lib/gcc/arm-none-eabi/14.2.1/../../../../arm-none-eabi/lib/thumb/v7-m/nofp/libg.a(libc_a-atexit.o)
                              /usr/bin/../lib/gcc/arm-none-eabi/14.2.1/../../../../arm-none-eabi/lib/thumb/v7-m/nofp/libg.a(libc_a-__call_atexit.o) (atexit)
/usr/bin/../lib/gcc/arm-none-eabi/14.2.1/../../../../arm-none-eabi/lib/thumb/v7-m/nofp/libg.a(libc_a-freer.o)
                              /usr/bin/../lib/gcc/arm-none-eabi/14.2.1/../../../../arm-none-eabi/lib/thumb/v7-m/nofp/libg.a(libc_a-reent.o) (_free_r)
/usr/bin/../lib/gcc/arm-none-eabi/14.2.1/../../../../arm-none-eabi/lib/thumb/v7-m/nofp/libg.a(libc_a-mallocr.o)
                              /usr/bin/../lib/gcc/arm-none-eabi/14.2.1/../../../../arm-none-eabi/lib/thumb/v7-m/nofp/libg.a(libc_a-findfp.o) (_malloc_r)
[...]
Memory Configuration

Name             Origin             Length             Attributes
RAM              0x20000000         0x00010000         xrw
FLASH            0x08000000         0x00080000         xr
*default*        0x00000000         0xffffffff

Linker script and memory map

LOAD /usr/bin/../lib/gcc/arm-none-eabi/14.2.1/thumb/v7-m/nofp/crti.o
LOAD /usr/bin/../lib/gcc/arm-none-eabi/14.2.1/thumb/v7-m/nofp/crtbegin.o
LOAD /usr/bin/../lib/gcc/arm-none-eabi/14.2.1/../../../../arm-none-eabi/lib/thumb/v7-m/nofp/crt0.o
LOAD CMakeFiles/stm32project2.elf.dir/Core/Src/can.c.obj
LOAD CMakeFiles/stm32project2.elf.dir/Core/Src/freertos.c.obj
LOAD CMakeFiles/stm32project2.elf.dir/Core/Src/gpio.c.obj
LOAD CMakeFiles/stm32project2.elf.dir/Core/Src/main.c.obj
LOAD CMakeFiles/stm32project2.elf.dir/Core/Src/stm32f1xx_hal_msp.c.obj
LOAD CMakeFiles/stm32project2.elf.dir/Core/Src/stm32f1xx_hal_timebase_tim.c.obj
LOAD CMakeFiles/stm32project2.elf.dir/Core/Src/stm32f1xx_it.c.obj
LOAD CMakeFiles/stm32project2.elf.dir/Core/Src/syscalls.c.obj
LOAD CMakeFiles/stm32project2.elf.dir/Core/Src/sysmem.c.obj
LOAD CMakeFiles/stm32project2.elf.dir/Core/Src/system_stm32f1xx.c.obj
LOAD CMakeFiles/stm32project2.elf.dir/Core/Src/tim.c.obj
LOAD CMakeFiles/stm32project2.elf.dir/Core/Src/usart.c.obj
LOAD CMakeFiles/stm32project2.elf.dir/Core/Startup/startup_stm32f103zetx.s.obj
LOAD CMakeFiles/stm32project2.elf.dir/Drivers/STM32F1xx_HAL_Driver/Src/stm32f1xx_hal.c.obj
LOAD CMakeFiles/stm32project2.elf.dir/Drivers/STM32F1xx_HAL_Driver/Src/stm32f1xx_hal_can.c.obj
LOAD CMakeFiles/stm32project2.elf.dir/Drivers/STM32F1xx_HAL_Driver/Src/stm32f1xx_hal_cortex.c.obj
LOAD CMakeFiles/stm32project2.elf.dir/Drivers/STM32F1xx_HAL_Driver/Src/stm32f1xx_hal_dma.c.obj
LOAD CMakeFiles/stm32project2.elf.dir/Drivers/STM32F1xx_HAL_Driver/Src/stm32f1xx_hal_exti.c.obj
LOAD CMakeFiles/stm32project2.elf.dir/Drivers/STM32F1xx_HAL_Driver/Src/stm32f1xx_hal_flash.c.obj
LOAD CMakeFiles/stm32project2.elf.dir/Drivers/STM32F1xx_HAL_Driver/Src/stm32f1xx_hal_flash_ex.c.obj
LOAD CMakeFiles/stm32project2.elf.dir/Drivers/STM32F1xx_HAL_Driver/Src/stm32f1xx_hal_gpio.c.obj
LOAD CMakeFiles/stm32project2.elf.dir/Drivers/STM32F1xx_HAL_Driver/Src/stm32f1xx_hal_gpio_ex.c.obj
LOAD CMakeFiles/stm32project2.elf.dir/Drivers/STM32F1xx_HAL_Driver/Src/stm32f1xx_hal_pwr.c.obj
LOAD CMakeFiles/stm32project2.elf.dir/Drivers/STM32F1xx_HAL_Driver/Src/stm32f1xx_hal_rcc.c.obj
LOAD CMakeFiles/stm32project2.elf.dir/Drivers/STM32F1xx_HAL_Driver/Src/stm32f1xx_hal_rcc_ex.c.obj
LOAD CMakeFiles/stm32project2.elf.dir/Drivers/STM32F1xx_HAL_Driver/Src/stm32f1xx_hal_tim.c.obj
LOAD CMakeFiles/stm32project2.elf.dir/Drivers/STM32F1xx_HAL_Driver/Src/stm32f1xx_hal_tim_ex.c.obj
LOAD CMakeFiles/stm32project2.elf.dir/Drivers/STM32F1xx_HAL_Driver/Src/stm32f1xx_hal_uart.c.obj
LOAD CMakeFiles/stm32project2.elf.dir/Middlewares/Third_Party/FreeRTOS/Source/CMSIS_RTOS_V2/cmsis_os2.c.obj
LOAD CMakeFiles/stm32project2.elf.dir/Middlewares/Third_Party/FreeRTOS/Source/croutine.c.obj
LOAD CMakeFiles/stm32project2.elf.dir/Middlewares/Third_Party/FreeRTOS/Source/event_groups.c.obj
LOAD CMakeFiles/stm32project2.elf.dir/Middlewares/Third_Party/FreeRTOS/Source/list.c.obj
LOAD CMakeFiles/stm32project2.elf.dir/Middlewares/Third_Party/FreeRTOS/Source/portable/GCC/ARM_CM3/port.c.obj
LOAD CMakeFiles/stm32project2.elf.dir/Middlewares/Third_Party/FreeRTOS/Source/portable/MemMang/heap_4.c.obj
LOAD CMakeFiles/stm32project2.elf.dir/Middlewares/Third_Party/FreeRTOS/Source/queue.c.obj
LOAD CMakeFiles/stm32project2.elf.dir/Middlewares/Third_Party/FreeRTOS/Source/stream_buffer.c.obj
LOAD CMakeFiles/stm32project2.elf.dir/Middlewares/Third_Party/FreeRTOS/Source/tasks.c.obj
LOAD CMakeFiles/stm32project2.elf.dir/Middlewares/Third_Party/FreeRTOS/Source/timers.c.obj
LOAD CMakeFiles/stm32project2.elf.dir/New/Src/i2c.c.obj
LOAD CMakeFiles/stm32project2.elf.dir/New/Src/oled.c.obj
START GROUP
LOAD /usr/bin/../lib/gcc/arm-none-eabi/14.2.1/thumb/v7-m/nofp/libgcc.a
LOAD /usr/bin/../lib/gcc/arm-none-eabi/14.2.1/../../../../arm-none-eabi/lib/thumb/v7-m/nofp/libg.a
LOAD /usr/bin/../lib/gcc/arm-none-eabi/14.2.1/../../../../arm-none-eabi/lib/thumb/v7-m/nofp/libc.a
END GROUP
LOAD /usr/bin/../lib/gcc/arm-none-eabi/14.2.1/thumb/v7-m/nofp/crtend.o
LOAD /usr/bin/../lib/gcc/arm-none-eabi/14.2.1/thumb/v7-m/nofp/crtn.o
                0x20010000                        _estack = (ORIGIN (RAM) + LENGTH (RAM))
                0x00000400                        _Min_Heap_Size = 0x400
                0x00000400                        _Min_Stack_Size = 0x400

.isr_vector     0x08000000      0x1e4
                0x08000000                        . = ALIGN (0x4)
 *(.isr_vector)
 .isr_vector    0x08000000      0x1e4 CMakeFiles/stm32project2.elf.dir/Core/Startup/startup_stm32f103zetx.s.obj
                0x08000000                g_pfnVectors
                0x080001e4                        . = ALIGN (0x4)

.text           0x080001f0     0x4a68
                0x080001f0                        . = ALIGN (0x4)
 *(.text)
 .text          0x080001f0       0xec /usr/bin/../lib/gcc/arm-none-eabi/14.2.1/../../../../arm-none-eabi/lib/thumb/v7-m/nofp/libg.a(libc_a-memcpy.o)
                0x080001f0                memcpy
 *(.text*)
 .text.deregister_tm_clones
                0x080002dc       0x1c /usr/bin/../lib/gcc/arm-none-eabi/14.2.1/thumb/v7-m/nofp/crtbegin.o
 .text.register_tm_clones
                0x080002f8       0x24 /usr/bin/../lib/gcc/arm-none-eabi/14.2.1/thumb/v7-m/nofp/crtbegin.o
 .text.__do_global_dtors_aux
                0x0800031c       0x28 /usr/bin/../lib/gcc/arm-none-eabi/14.2.1/thumb/v7-m/nofp/crtbegin.o
 .text.frame_dummy
                0x08000344       0x24 /usr/bin/../lib/gcc/arm-none-eabi/14.2.1/thumb/v7-m/nofp/crtbegin.o
 .text.MX_CAN_Init
                0x08000368       0x38 CMakeFiles/stm32project2.elf.dir/Core/Src/can.c.obj
                0x08000368                MX_CAN_Init
 .text.HAL_CAN_MspInit
                0x080003a0       0x90 CMakeFiles/stm32project2.elf.dir/Core/Src/can.c.obj
                0x080003a0                HAL_CAN_MspInit
 .text.StartTask02
                0x08000430        0xa CMakeFiles/stm32project2.elf.dir/Core/Src/freertos.c.obj
                0x08000430                StartTask02
 *fill*         0x0800043a        0x2 
 .text.MX_FREERTOS_Init
                0x0800043c       0x38 CMakeFiles/stm32project2.elf.dir/Core/Src/freertos.c.obj
                0x0800043c                MX_FREERTOS_Init
 .text.stepper_turn
                0x08000474       0x44 CMakeFiles/stm32project2.elf.dir/Core/Src/freertos.c.obj
                0x08000474                stepper_turn
 .text.StartDefaultTask
                0x080004b8       0x9c CMakeFiles/stm32project2.elf.dir/Core/Src/freertos.c.obj
                0x080004b8                StartDefaultTask
 .text.MX_GPIO_Init
                0x08000554      0x150 CMakeFiles/stm32project2.elf.dir/Core/Src/gpio.c.obj
                0x08000554                MX_GPIO_Init
 .text.HAL_TIM_PeriodElapsedCallback
                0x080006a4       0x12 CMakeFiles/stm32project2.elf.dir/Core/Src/main.c.obj
                0x080006a4                HAL_TIM_PeriodElapsedCallback
 .text.Error_Handler
                0x080006b6        0x4 CMakeFiles/stm32project2.elf.dir/Core/Src/main.c.obj
                0x080006b6                Error_Handler
 .text.SystemClock_Config
                0x080006ba       0x64 CMakeFiles/stm32project2.elf.dir/Core/Src/main.c.obj
                0x080006ba                SystemClock_Config
 .text.main     0x0800071e       0x30 CMakeFiles/stm32project2.elf.dir/Core/Src/main.c.obj
                0x0800071e                main
 *fill*         0x0800074e        0x2 
 .text.HAL_MspInit
                0x08000750       0x54 CMakeFiles/stm32project2.elf.dir/Core/Src/stm32f1xx_hal_msp.c.obj
                0x08000750                HAL_MspInit
 .text.HAL_InitTick
                0x080007a4       0xa0 CMakeFiles/stm32project2.elf.dir/Core/Src/stm32f1xx_hal_timebase_tim.c.obj
                0x080007a4                HAL_InitTick
 .text.NMI_Handler
                0x08000844        0x2 CMakeFiles/stm32project2.elf.dir/Core/Src/stm32f1xx_it.c.obj
                0x08000844                NMI_Handler
 .text.HardFault_Handler
                0x08000846        0x2 CMakeFiles/stm32project2.elf.dir/Core/Src/stm32f1xx_it.c.obj
                0x08000846                HardFault_Handler
 .text.MemManage_Handler
                0x08000848        0x2 CMakeFiles/stm32project2.elf.dir/Core/Src/stm32f1xx_it.c.obj
                0x08000848                MemManage_Handler
 .text.BusFault_Handler
                0x0800084a        0x2 CMakeFiles/stm32project2.elf.dir/Core/Src/stm32f1xx_it.c.obj
                0x0800084a                BusFault_Handler
 .text.UsageFault_Handler
                0x0800084c        0x2 CMakeFiles/stm32project2.elf.dir/Core/Src/stm32f1xx_it.c.obj
                0x0800084c                UsageFault_Handler
 .text.DebugMon_Handler
                0x0800084e        0x2 CMakeFiles/stm32project2.elf.dir/Core/Src/stm32f1xx_it.c.obj
                0x0800084e                DebugMon_Handler
 .text.USB_LP_CAN1_RX0_IRQHandler
                0x08000850       0x10 CMakeFiles/stm32project2.elf.dir/Core/Src/stm32f1xx_it.c.obj
                0x08000850                USB_LP_CAN1_RX0_IRQHandler
 .text.TIM2_IRQHandler
                0x08000860       0x10 CMakeFiles/stm32project2.elf.dir/Core/Src/stm32f1xx_it.c.obj
                0x08000860                TIM2_IRQHandler
 .text.USART1_IRQHandler
                0x08000870       0x10 CMakeFiles/stm32project2.elf.dir/Core/Src/stm32f1xx_it.c.obj
                0x08000870                USART1_IRQHandler
 .text._sbrk    0x08000880       0x48 CMakeFiles/stm32project2.elf.dir/Core/Src/sysmem.c.obj
                0x08000880                _sbrk
 .text.SystemInit
                0x080008c8        0x2 CMakeFiles/stm32project2.elf.dir/Core/Src/system_stm32f1xx.c.obj
                0x080008c8                SystemInit
 *fill*         0x080008ca        0x2 
 .text.MX_TIM4_Init
                0x080008cc       0x74 CMakeFiles/stm32project2.elf.dir/Core/Src/tim.c.obj
                0x080008cc                MX_TIM4_Init
 .text.HAL_TIM_Base_MspInit
                0x08000940       0x4c CMakeFiles/stm32project2.elf.dir/Core/Src/tim.c.obj
                0x08000940                HAL_TIM_Base_MspInit
 .text.HAL_TIM_MspPostInit
                0x0800098c       0x60 CMakeFiles/stm32project2.elf.dir/Core/Src/tim.c.obj
                0x0800098c                HAL_TIM_MspPostInit
 .text.MX_TIM3_Init
                0x080009ec       0xc0 CMakeFiles/stm32project2.elf.dir/Core/Src/tim.c.obj
                0x080009ec                MX_TIM3_Init
 .text.MX_USART1_UART_Init
                0x08000aac       0x34 CMakeFiles/stm32project2.elf.dir/Core/Src/usart.c.obj
                0x08000aac                MX_USART1_UART_Init
 .text.HAL_UART_MspInit
                0x08000ae0       0x8c CMakeFiles/stm32project2.elf.dir/Core/Src/usart.c.obj
                0x08000ae0                HAL_UART_MspInit
 .text.Reset_Handler
                0x08000b6c       0x48 CMakeFiles/stm32project2.elf.dir/Core/Startup/startup_stm32f103zetx.s.obj
                0x08000b6c                Reset_Handler
 .text.Default_Handler
                0x08000bb4        0x2 CMakeFiles/stm32project2.elf.dir/Core/Startup/startup_stm32f103zetx.s.obj
                0x08000bb4                RTC_Alarm_IRQHandler
                0x08000bb4                EXTI2_IRQHandler
                0x08000bb4                TIM8_TRG_COM_IRQHandler
                0x08000bb4                TIM8_CC_IRQHandler
                0x08000bb4                TIM1_CC_IRQHandler
                0x08000bb4                TIM6_IRQHandler
                0x08000bb4                PVD_IRQHandler
                0x08000bb4                SDIO_IRQHandler
                0x08000bb4                EXTI3_IRQHandler
                0x08000bb4                EXTI0_IRQHandler
                0x08000bb4                I2C2_EV_IRQHandler
                0x08000bb4                ADC1_2_IRQHandler
                0x08000bb4                SPI1_IRQHandler
                0x08000bb4                TAMPER_IRQHandler
                0x08000bb4                TIM8_UP_IRQHandler
                0x08000bb4                DMA2_Channel2_IRQHandler
                0x08000bb4                DMA1_Channel4_IRQHandler
                0x08000bb4                USART3_IRQHandler
                0x08000bb4                RTC_IRQHandler
                0x08000bb4                DMA1_Channel7_IRQHandler
                0x08000bb4                CAN1_RX1_IRQHandler
                0x08000bb4                UART5_IRQHandler
                0x08000bb4                ADC3_IRQHandler
                0x08000bb4                TIM4_IRQHandler
                0x08000bb4                DMA2_Channel1_IRQHandler
                0x08000bb4                I2C1_EV_IRQHandler
                0x08000bb4                DMA1_Channel6_IRQHandler
                0x08000bb4                UART4_IRQHandler
                0x08000bb4                TIM3_IRQHandler
                0x08000bb4                RCC_IRQHandler
                0x08000bb4                TIM1_TRG_COM_IRQHandler
                0x08000bb4                DMA1_Channel1_IRQHandler
                0x08000bb4                Default_Handler
                0x08000bb4                EXTI15_10_IRQHandler
                0x08000bb4                TIM7_IRQHandler
                0x08000bb4                TIM5_IRQHandler
                0x08000bb4                EXTI9_5_IRQHandler
                0x08000bb4                SPI2_IRQHandler
                0x08000bb4                DMA1_Channel5_IRQHandler
                0x08000bb4                EXTI4_IRQHandler
                0x08000bb4                USB_HP_CAN1_TX_IRQHandler
                0x08000bb4                DMA1_Channel3_IRQHandler
                0x08000bb4                FSMC_IRQHandler
                0x08000bb4                TIM1_UP_IRQHandler
                0x08000bb4                WWDG_IRQHandler
                0x08000bb4                TIM1_BRK_IRQHandler
                0x08000bb4                EXTI1_IRQHandler
                0x08000bb4                DMA2_Channel4_5_IRQHandler
                0x08000bb4                USART2_IRQHandler
                0x08000bb4                I2C2_ER_IRQHandler
                0x08000bb4                DMA1_Channel2_IRQHandler
                0x08000bb4                TIM8_BRK_IRQHandler
                0x08000bb4                CAN1_SCE_IRQHandler
                0x08000bb4                FLASH_IRQHandler
                0x08000bb4                SPI3_IRQHandler
                0x08000bb4                I2C1_ER_IRQHandler
                0x08000bb4                USBWakeUp_IRQHandler
                0x08000bb4                DMA2_Channel3_IRQHandler
 *fill*         0x08000bb6        0x2 
 .text.HAL_Init
                0x08000bb8       0x24 CMakeFiles/stm32project2.elf.dir/Drivers/STM32F1xx_HAL_Driver/Src/stm32f1xx_hal.c.obj
                0x08000bb8                HAL_Init
 .text.HAL_IncTick
                0x08000bdc       0x18 CMakeFiles/stm32project2.elf.dir/Drivers/STM32F1xx_HAL_Driver/Src/stm32f1xx_hal.c.obj
                0x08000bdc                HAL_IncTick
 .text.HAL_GetTick
                0x08000bf4        0xc CMakeFiles/stm32project2.elf.dir/Drivers/STM32F1xx_HAL_Driver/Src/stm32f1xx_hal.c.obj
                0x08000bf4                HAL_GetTick
 .text.HAL_CAN_Init
                0x08000c00      0x14c CMakeFiles/stm32project2.elf.dir/Drivers/STM32F1xx_HAL_Driver/Src/stm32f1xx_hal_can.c.obj
                0x08000c00                HAL_CAN_Init
 .text.HAL_CAN_TxMailbox0CompleteCallback
                0x08000d4c        0x2 CMakeFiles/stm32project2.elf.dir/Drivers/STM32F1xx_HAL_Driver/Src/stm32f1xx_hal_can.c.obj
                0x08000d4c                HAL_CAN_TxMailbox0CompleteCallback
 .text.HAL_CAN_TxMailbox1CompleteCallback
                0x08000d4e        0x2 CMakeFiles/stm32project2.elf.dir/Drivers/STM32F1xx_HAL_Driver/Src/stm32f1xx_hal_can.c.obj
                0x08000d4e                HAL_CAN_TxMailbox1CompleteCallback
 .text.HAL_CAN_TxMailbox2CompleteCallback
                0x08000d50        0x2 CMakeFiles/stm32project2.elf.dir/Drivers/STM32F1xx_HAL_Driver/Src/stm32f1xx_hal_can.c.obj
                0x08000d50                HAL_CAN_TxMailbox2CompleteCallback
 .text.HAL_CAN_TxMailbox0AbortCallback
                0x08000d52        0x2 CMakeFiles/stm32project2.elf.dir/Drivers/STM32F1xx_HAL_Driver/Src/stm32f1xx_hal_can.c.obj
                0x08000d52                HAL_CAN_TxMailbox0AbortCallback
 .text.HAL_CAN_TxMailbox1AbortCallback
                0x08000d54        0x2 CMakeFiles/stm32project2.elf.dir/Drivers/STM32F1xx_HAL_Driver/Src/stm32f1xx_hal_can.c.obj
                0x08000d54                HAL_CAN_TxMailbox1AbortCallback
 .text.HAL_CAN_TxMailbox2AbortCallback
                0x08000d56        0x2 CMakeFiles/stm32project2.elf.dir/Drivers/STM32F1xx_HAL_Driver/Src/stm32f1xx_hal_can.c.obj
                0x08000d56                HAL_CAN_TxMailbox2AbortCallback
 .text.HAL_CAN_RxFifo0MsgPendingCallback
                0x08000d58        0x2 CMakeFiles/stm32project2.elf.dir/Drivers/STM32F1xx_HAL_Driver/Src/stm32f1xx_hal_can.c.obj
                0x08000d58                HAL_CAN_RxFifo0MsgPendingCallback
 .text.HAL_CAN_RxFifo0FullCallback
                0x08000d5a        0x2 CMakeFiles/stm32project2.elf.dir/Drivers/STM32F1xx_HAL_Driver/Src/stm32f1xx_hal_can.c.obj
                0x08000d5a                HAL_CAN_RxFifo0FullCallback
 .text.HAL_CAN_RxFifo1MsgPendingCallback
                0x08000d5c        0x2 CMakeFiles/stm32project2.elf.dir/Drivers/STM32F1xx_HAL_Driver/Src/stm32f1xx_hal_can.c.obj
                0x08000d5c                HAL_CAN_RxFifo1MsgPendingCallback
 .text.HAL_CAN_RxFifo1FullCallback
                0x08000d5e        0x2 CMakeFiles/stm32project2.elf.dir/Drivers/STM32F1xx_HAL_Driver/Src/stm32f1xx_hal_can.c.obj
                0x08000d5e                HAL_CAN_RxFifo1FullCallback
 .text.HAL_CAN_SleepCallback
                0x08000d60        0x2 CMakeFiles/stm32project2.elf.dir/Drivers/STM32F1xx_HAL_Driver/Src/stm32f1xx_hal_can.c.obj
                0x08000d60                HAL_CAN_SleepCallback
 .text.HAL_CAN_WakeUpFromRxMsgCallback
                0x08000d62        0x2 CMakeFiles/stm32project2.elf.dir/Drivers/STM32F1xx_HAL_Driver/Src/stm32f1xx_hal_can.c.obj
                0x08000d62                HAL_CAN_WakeUpFromRxMsgCallback
 .text.HAL_CAN_ErrorCallback
                0x08000d64        0x2 CMakeFiles/stm32project2.elf.dir/Drivers/STM32F1xx_HAL_Driver/Src/stm32f1xx_hal_can.c.obj
                0x08000d64                HAL_CAN_ErrorCallback
 .text.HAL_CAN_IRQHandler
                0x08000d66      0x250 CMakeFiles/stm32project2.elf.dir/Drivers/STM32F1xx_HAL_Driver/Src/stm32f1xx_hal_can.c.obj
                0x08000d66                HAL_CAN_IRQHandler
 *fill*         0x08000fb6        0x2 
 .text.__NVIC_SetPriority
                0x08000fb8       0x28 CMakeFiles/stm32project2.elf.dir/Drivers/STM32F1xx_HAL_Driver/Src/stm32f1xx_hal_cortex.c.obj
 .text.NVIC_EncodePriority
                0x08000fe0       0x3e CMakeFiles/stm32project2.elf.dir/Drivers/STM32F1xx_HAL_Driver/Src/stm32f1xx_hal_cortex.c.obj
 *fill*         0x0800101e        0x2 
 .text.HAL_NVIC_SetPriorityGrouping
                0x08001020       0x24 CMakeFiles/stm32project2.elf.dir/Drivers/STM32F1xx_HAL_Driver/Src/stm32f1xx_hal_cortex.c.obj
                0x08001020                HAL_NVIC_SetPriorityGrouping
 .text.HAL_NVIC_SetPriority
                0x08001044       0x20 CMakeFiles/stm32project2.elf.dir/Drivers/STM32F1xx_HAL_Driver/Src/stm32f1xx_hal_cortex.c.obj
                0x08001044                HAL_NVIC_SetPriority
 .text.HAL_NVIC_EnableIRQ
                0x08001064       0x1c CMakeFiles/stm32project2.elf.dir/Drivers/STM32F1xx_HAL_Driver/Src/stm32f1xx_hal_cortex.c.obj
                0x08001064                HAL_NVIC_EnableIRQ
 .text.HAL_DMA_Abort
                0x08001080       0x44 CMakeFiles/stm32project2.elf.dir/Drivers/STM32F1xx_HAL_Driver/Src/stm32f1xx_hal_dma.c.obj
                0x08001080                HAL_DMA_Abort
 .text.HAL_DMA_Abort_IT
                0x080010c4      0x168 CMakeFiles/stm32project2.elf.dir/Drivers/STM32F1xx_HAL_Driver/Src/stm32f1xx_hal_dma.c.obj
                0x080010c4                HAL_DMA_Abort_IT
 .text.HAL_GPIO_Init
                0x0800122c      0x230 CMakeFiles/stm32project2.elf.dir/Drivers/STM32F1xx_HAL_Driver/Src/stm32f1xx_hal_gpio.c.obj
                0x0800122c                HAL_GPIO_Init
 .text.HAL_GPIO_ReadPin
                0x0800145c        0xe CMakeFiles/stm32project2.elf.dir/Drivers/STM32F1xx_HAL_Driver/Src/stm32f1xx_hal_gpio.c.obj
                0x0800145c                HAL_GPIO_ReadPin
 .text.HAL_GPIO_WritePin
                0x0800146a        0xc CMakeFiles/stm32project2.elf.dir/Drivers/STM32F1xx_HAL_Driver/Src/stm32f1xx_hal_gpio.c.obj
                0x0800146a                HAL_GPIO_WritePin
 *fill*         0x08001476        0x2 
 .text.RCC_Delay
                0x08001478       0x2c CMakeFiles/stm32project2.elf.dir/Drivers/STM32F1xx_HAL_Driver/Src/stm32f1xx_hal_rcc.c.obj
 .text.HAL_RCC_OscConfig
                0x080014a4      0x410 CMakeFiles/stm32project2.elf.dir/Drivers/STM32F1xx_HAL_Driver/Src/stm32f1xx_hal_rcc.c.obj
                0x080014a4                HAL_RCC_OscConfig
 .text.HAL_RCC_GetSysClockFreq
                0x080018b4       0x54 CMakeFiles/stm32project2.elf.dir/Drivers/STM32F1xx_HAL_Driver/Src/stm32f1xx_hal_rcc.c.obj
                0x080018b4                HAL_RCC_GetSysClockFreq
 .text.HAL_RCC_ClockConfig
                0x08001908      0x16c CMakeFiles/stm32project2.elf.dir/Drivers/STM32F1xx_HAL_Driver/Src/stm32f1xx_hal_rcc.c.obj
                0x08001908                HAL_RCC_ClockConfig
 .text.HAL_RCC_GetHCLKFreq
                0x08001a74        0xc CMakeFiles/stm32project2.elf.dir/Drivers/STM32F1xx_HAL_Driver/Src/stm32f1xx_hal_rcc.c.obj
                0x08001a74                HAL_RCC_GetHCLKFreq
 .text.HAL_RCC_GetPCLK1Freq
                0x08001a80       0x20 CMakeFiles/stm32project2.elf.dir/Drivers/STM32F1xx_HAL_Driver/Src/stm32f1xx_hal_rcc.c.obj
                0x08001a80                HAL_RCC_GetPCLK1Freq
 .text.HAL_RCC_GetPCLK2Freq
                0x08001aa0       0x20 CMakeFiles/stm32project2.elf.dir/Drivers/STM32F1xx_HAL_Driver/Src/stm32f1xx_hal_rcc.c.obj
                0x08001aa0                HAL_RCC_GetPCLK2Freq
 .text.HAL_RCC_GetClockConfig
                0x08001ac0       0x3c CMakeFiles/stm32project2.elf.dir/Drivers/STM32F1xx_HAL_Driver/Src/stm32f1xx_hal_rcc.c.obj
                0x08001ac0                HAL_RCC_GetClockConfig
 .text.TIM_OC1_SetConfig
                0x08001afc       0x70 CMakeFiles/stm32project2.elf.dir/Drivers/STM32F1xx_HAL_Driver/Src/stm32f1xx_hal_tim.c.obj
 .text.TIM_OC3_SetConfig
                0x08001b6c       0x70 CMakeFiles/stm32project2.elf.dir/Drivers/STM32F1xx_HAL_Driver/Src/stm32f1xx_hal_tim.c.obj
 .text.TIM_OC4_SetConfig
                0x08001bdc       0x50 CMakeFiles/stm32project2.elf.dir/Drivers/STM32F1xx_HAL_Driver/Src/stm32f1xx_hal_tim.c.obj
 .text.TIM_TI1_ConfigInputStage
                0x08001c2c       0x24 CMakeFiles/stm32project2.elf.dir/Drivers/STM32F1xx_HAL_Driver/Src/stm32f1xx_hal_tim.c.obj
 .text.TIM_TI2_ConfigInputStage
                0x08001c50       0x26 CMakeFiles/stm32project2.elf.dir/Drivers/STM32F1xx_HAL_Driver/Src/stm32f1xx_hal_tim.c.obj
 .text.TIM_ITRx_SetConfig
                0x08001c76       0x10 CMakeFiles/stm32project2.elf.dir/Drivers/STM32F1xx_HAL_Driver/Src/stm32f1xx_hal_tim.c.obj
 *fill*         0x08001c86        0x2 
 .text.HAL_TIM_Base_Start
                0x08001c88       0x6c CMakeFiles/stm32project2.elf.dir/Drivers/STM32F1xx_HAL_Driver/Src/stm32f1xx_hal_tim.c.obj
                0x08001c88                HAL_TIM_Base_Start
 .text.HAL_TIM_Base_Start_IT
                0x08001cf4       0x74 CMakeFiles/stm32project2.elf.dir/Drivers/STM32F1xx_HAL_Driver/Src/stm32f1xx_hal_tim.c.obj
                0x08001cf4                HAL_TIM_Base_Start_IT
 .text.HAL_TIM_OC_MspInit
                0x08001d68        0x2 CMakeFiles/stm32project2.elf.dir/Drivers/STM32F1xx_HAL_Driver/Src/stm32f1xx_hal_tim.c.obj
                0x08001d68                HAL_TIM_OC_MspInit
 .text.HAL_TIM_OC_DelayElapsedCallback
                0x08001d6a        0x2 CMakeFiles/stm32project2.elf.dir/Drivers/STM32F1xx_HAL_Driver/Src/stm32f1xx_hal_tim.c.obj
                0x08001d6a                HAL_TIM_OC_DelayElapsedCallback
 .text.HAL_TIM_IC_CaptureCallback
                0x08001d6c        0x2 CMakeFiles/stm32project2.elf.dir/Drivers/STM32F1xx_HAL_Driver/Src/stm32f1xx_hal_tim.c.obj
                0x08001d6c                HAL_TIM_IC_CaptureCallback
 .text.HAL_TIM_PWM_PulseFinishedCallback
                0x08001d6e        0x2 CMakeFiles/stm32project2.elf.dir/Drivers/STM32F1xx_HAL_Driver/Src/stm32f1xx_hal_tim.c.obj
                0x08001d6e                HAL_TIM_PWM_PulseFinishedCallback
 .text.HAL_TIM_TriggerCallback
                0x08001d70        0x2 CMakeFiles/stm32project2.elf.dir/Drivers/STM32F1xx_HAL_Driver/Src/stm32f1xx_hal_tim.c.obj
                0x08001d70                HAL_TIM_TriggerCallback
 .text.HAL_TIM_IRQHandler
                0x08001d72      0x15e CMakeFiles/stm32project2.elf.dir/Drivers/STM32F1xx_HAL_Driver/Src/stm32f1xx_hal_tim.c.obj
                0x08001d72                HAL_TIM_IRQHandler
 .text.TIM_Base_SetConfig
                0x08001ed0       0xa8 CMakeFiles/stm32project2.elf.dir/Drivers/STM32F1xx_HAL_Driver/Src/stm32f1xx_hal_tim.c.obj
                0x08001ed0                TIM_Base_SetConfig
 .text.HAL_TIM_Base_Init
                0x08001f78       0x58 CMakeFiles/stm32project2.elf.dir/Drivers/STM32F1xx_HAL_Driver/Src/stm32f1xx_hal_tim.c.obj
                0x08001f78                HAL_TIM_Base_Init
 .text.HAL_TIM_OC_Init
                0x08001fd0       0x58 CMakeFiles/stm32project2.elf.dir/Drivers/STM32F1xx_HAL_Driver/Src/stm32f1xx_hal_tim.c.obj
                0x08001fd0                HAL_TIM_OC_Init
 .text.TIM_OC2_SetConfig
                0x08002028       0x70 CMakeFiles/stm32project2.elf.dir/Drivers/STM32F1xx_HAL_Driver/Src/stm32f1xx_hal_tim.c.obj
                0x08002028                TIM_OC2_SetConfig
 .text.HAL_TIM_OC_ConfigChannel
                0x08002098       0x5e CMakeFiles/stm32project2.elf.dir/Drivers/STM32F1xx_HAL_Driver/Src/stm32f1xx_hal_tim.c.obj
                0x08002098                HAL_TIM_OC_ConfigChannel
 .text.TIM_ETR_SetConfig
                0x080020f6       0x18 CMakeFiles/stm32project2.elf.dir/Drivers/STM32F1xx_HAL_Driver/Src/stm32f1xx_hal_tim.c.obj
                0x080020f6                TIM_ETR_SetConfig
 .text.HAL_TIM_ConfigClockSource
                0x0800210e       0xfe CMakeFiles/stm32project2.elf.dir/Drivers/STM32F1xx_HAL_Driver/Src/stm32f1xx_hal_tim.c.obj
                0x0800210e                HAL_TIM_ConfigClockSource
 .text.TIM_CCxChannelCmd
                0x0800220c       0x1e CMakeFiles/stm32project2.elf.dir/Drivers/STM32F1xx_HAL_Driver/Src/stm32f1xx_hal_tim.c.obj
                0x0800220c                TIM_CCxChannelCmd
 *fill*         0x0800222a        0x2 
 .text.HAL_TIM_OC_Start_IT
                0x0800222c      0x15c CMakeFiles/stm32project2.elf.dir/Drivers/STM32F1xx_HAL_Driver/Src/stm32f1xx_hal_tim.c.obj
                0x0800222c                HAL_TIM_OC_Start_IT
 .text.HAL_TIM_OC_Stop_IT
                0x08002388       0xdc CMakeFiles/stm32project2.elf.dir/Drivers/STM32F1xx_HAL_Driver/Src/stm32f1xx_hal_tim.c.obj
                0x08002388                HAL_TIM_OC_Stop_IT
 .text.HAL_TIMEx_MasterConfigSynchronization
                0x08002464       0x7c CMakeFiles/stm32project2.elf.dir/Drivers/STM32F1xx_HAL_Driver/Src/stm32f1xx_hal_tim_ex.c.obj
                0x08002464                HAL_TIMEx_MasterConfigSynchronization
 .text.HAL_TIMEx_CommutCallback
                0x080024e0        0x2 CMakeFiles/stm32project2.elf.dir/Drivers/STM32F1xx_HAL_Driver/Src/stm32f1xx_hal_tim_ex.c.obj
                0x080024e0                HAL_TIMEx_CommutCallback
 .text.HAL_TIMEx_BreakCallback
                0x080024e2        0x2 CMakeFiles/stm32project2.elf.dir/Drivers/STM32F1xx_HAL_Driver/Src/stm32f1xx_hal_tim_ex.c.obj
                0x080024e2                HAL_TIMEx_BreakCallback
 .text.UART_EndRxTransfer
                0x080024e4       0x5c CMakeFiles/stm32project2.elf.dir/Drivers/STM32F1xx_HAL_Driver/Src/stm32f1xx_hal_uart.c.obj
 .text.UART_Transmit_IT
                0x08002540       0x5e CMakeFiles/stm32project2.elf.dir/Drivers/STM32F1xx_HAL_Driver/Src/stm32f1xx_hal_uart.c.obj
 *fill*         0x0800259e        0x2 
 .text.UART_SetConfig
                0x080025a0       0x94 CMakeFiles/stm32project2.elf.dir/Drivers/STM32F1xx_HAL_Driver/Src/stm32f1xx_hal_uart.c.obj
 .text.HAL_UART_Init
                0x08002634       0x60 CMakeFiles/stm32project2.elf.dir/Drivers/STM32F1xx_HAL_Driver/Src/stm32f1xx_hal_uart.c.obj
                0x08002634                HAL_UART_Init
 .text.HAL_UART_TxCpltCallback
                0x08002694        0x2 CMakeFiles/stm32project2.elf.dir/Drivers/STM32F1xx_HAL_Driver/Src/stm32f1xx_hal_uart.c.obj
                0x08002694                HAL_UART_TxCpltCallback
 .text.UART_EndTransmit_IT
                0x08002696       0x1a CMakeFiles/stm32project2.elf.dir/Drivers/STM32F1xx_HAL_Driver/Src/stm32f1xx_hal_uart.c.obj
 .text.HAL_UART_RxCpltCallback
                0x080026b0        0x2 CMakeFiles/stm32project2.elf.dir/Drivers/STM32F1xx_HAL_Driver/Src/stm32f1xx_hal_uart.c.obj
                0x080026b0                HAL_UART_RxCpltCallback
 .text.HAL_UART_ErrorCallback
                0x080026b2        0x2 CMakeFiles/stm32project2.elf.dir/Drivers/STM32F1xx_HAL_Driver/Src/stm32f1xx_hal_uart.c.obj
                0x080026b2                HAL_UART_ErrorCallback
 .text.UART_DMAAbortOnError
                0x080026b4       0x10 CMakeFiles/stm32project2.elf.dir/Drivers/STM32F1xx_HAL_Driver/Src/stm32f1xx_hal_uart.c.obj
 .text.HAL_UARTEx_RxEventCallback
                0x080026c4        0x2 CMakeFiles/stm32project2.elf.dir/Drivers/STM32F1xx_HAL_Driver/Src/stm32f1xx_hal_uart.c.obj
                0x080026c4                HAL_UARTEx_RxEventCallback
 .text.UART_Receive_IT
                0x080026c6       0xe4 CMakeFiles/stm32project2.elf.dir/Drivers/STM32F1xx_HAL_Driver/Src/stm32f1xx_hal_uart.c.obj
 *fill*         0x080027aa        0x2 
 .text.HAL_UART_IRQHandler
                0x080027ac      0x284 CMakeFiles/stm32project2.elf.dir/Drivers/STM32F1xx_HAL_Driver/Src/stm32f1xx_hal_uart.c.obj
                0x080027ac                HAL_UART_IRQHandler
 .text.SysTick_Handler
                0x08002a30       0x18 CMakeFiles/stm32project2.elf.dir/Middlewares/Third_Party/FreeRTOS/Source/CMSIS_RTOS_V2/cmsis_os2.c.obj
                0x08002a30                SysTick_Handler
 .text.osKernelInitialize
                0x08002a48       0x24 CMakeFiles/stm32project2.elf.dir/Middlewares/Third_Party/FreeRTOS/Source/CMSIS_RTOS_V2/cmsis_os2.c.obj
                0x08002a48                osKernelInitialize
 .text.osKernelStart
                0x08002a6c       0x38 CMakeFiles/stm32project2.elf.dir/Middlewares/Third_Party/FreeRTOS/Source/CMSIS_RTOS_V2/cmsis_os2.c.obj
                0x08002a6c                osKernelStart
 .text.osThreadNew
                0x08002aa4       0xb6 CMakeFiles/stm32project2.elf.dir/Middlewares/Third_Party/FreeRTOS/Source/CMSIS_RTOS_V2/cmsis_os2.c.obj
                0x08002aa4                osThreadNew
 .text.osDelay  0x08002b5a       0x1c CMakeFiles/stm32project2.elf.dir/Middlewares/Third_Party/FreeRTOS/Source/CMSIS_RTOS_V2/cmsis_os2.c.obj
                0x08002b5a                osDelay
 *fill*         0x08002b76        0x2 
 .text.vApplicationGetIdleTaskMemory
                0x08002b78       0x18 CMakeFiles/stm32project2.elf.dir/Middlewares/Third_Party/FreeRTOS/Source/CMSIS_RTOS_V2/cmsis_os2.c.obj
                0x08002b78                vApplicationGetIdleTaskMemory
 .text.vApplicationGetTimerTaskMemory
                0x08002b90       0x18 CMakeFiles/stm32project2.elf.dir/Middlewares/Third_Party/FreeRTOS/Source/CMSIS_RTOS_V2/cmsis_os2.c.obj
                0x08002b90                vApplicationGetTimerTaskMemory
 .text.vListInitialise
                0x08002ba8       0x16 CMakeFiles/stm32project2.elf.dir/Middlewares/Third_Party/FreeRTOS/Source/list.c.obj
                0x08002ba8                vListInitialise
 .text.vListInitialiseItem
                0x08002bbe        0x6 CMakeFiles/stm32project2.elf.dir/Middlewares/Third_Party/FreeRTOS/Source/list.c.obj
                0x08002bbe                vListInitialiseItem
 .text.vListInsertEnd
                0x08002bc4       0x16 CMakeFiles/stm32project2.elf.dir/Middlewares/Third_Party/FreeRTOS/Source/list.c.obj
                0x08002bc4                vListInsertEnd
 .text.vListInsert
                0x08002bda       0x32 CMakeFiles/stm32project2.elf.dir/Middlewares/Third_Party/FreeRTOS/Source/list.c.obj
                0x08002bda                vListInsert
 .text.uxListRemove
                0x08002c0c       0x26 CMakeFiles/stm32project2.elf.dir/Middlewares/Third_Party/FreeRTOS/Source/list.c.obj
                0x08002c0c                uxListRemove
 *fill*         0x08002c32        0x2 
 .text.prvTaskExitError
                0x08002c34       0x40 CMakeFiles/stm32project2.elf.dir/Middlewares/Third_Party/FreeRTOS/Source/portable/GCC/ARM_CM3/port.c.obj
 .text.prvPortStartFirstTask
                0x08002c74       0x20 CMakeFiles/stm32project2.elf.dir/Middlewares/Third_Party/FreeRTOS/Source/portable/GCC/ARM_CM3/port.c.obj
 .text.pxPortInitialiseStack
                0x08002c94       0x24 CMakeFiles/stm32project2.elf.dir/Middlewares/Third_Party/FreeRTOS/Source/portable/GCC/ARM_CM3/port.c.obj
                0x08002c94                pxPortInitialiseStack
 *fill*         0x08002cb8        0x8 
 .text.SVC_Handler
                0x08002cc0       0x24 CMakeFiles/stm32project2.elf.dir/Middlewares/Third_Party/FreeRTOS/Source/portable/GCC/ARM_CM3/port.c.obj
                0x08002cc0                SVC_Handler
 .text.vPortEnterCritical
                0x08002ce4       0x44 CMakeFiles/stm32project2.elf.dir/Middlewares/Third_Party/FreeRTOS/Source/portable/GCC/ARM_CM3/port.c.obj
                0x08002ce4                vPortEnterCritical
 .text.vPortExitCritical
                0x08002d28       0x2c CMakeFiles/stm32project2.elf.dir/Middlewares/Third_Party/FreeRTOS/Source/portable/GCC/ARM_CM3/port.c.obj
                0x08002d28                vPortExitCritical
 *fill*         0x08002d54        0xc 
 .text.PendSV_Handler
                0x08002d60       0x44 CMakeFiles/stm32project2.elf.dir/Middlewares/Third_Party/FreeRTOS/Source/portable/GCC/ARM_CM3/port.c.obj
                0x08002d60                PendSV_Handler
 .text.xPortSysTickHandler
                0x08002da4       0x2c CMakeFiles/stm32project2.elf.dir/Middlewares/Third_Party/FreeRTOS/Source/portable/GCC/ARM_CM3/port.c.obj
                0x08002da4                xPortSysTickHandler
 .text.vPortSetupTimerInterrupt
                0x08002dd0       0x28 CMakeFiles/stm32project2.elf.dir/Middlewares/Third_Party/FreeRTOS/Source/portable/GCC/ARM_CM3/port.c.obj
                0x08002dd0                vPortSetupTimerInterrupt
 .text.xPortStartScheduler
                0x08002df8       0xc0 CMakeFiles/stm32project2.elf.dir/Middlewares/Third_Party/FreeRTOS/Source/portable/GCC/ARM_CM3/port.c.obj
                0x08002df8                xPortStartScheduler
 .text.vPortValidateInterruptPriority
                0x08002eb8       0x5c CMakeFiles/stm32project2.elf.dir/Middlewares/Third_Party/FreeRTOS/Source/portable/GCC/ARM_CM3/port.c.obj
                0x08002eb8                vPortValidateInterruptPriority
 .text.prvHeapInit
                0x08002f14       0x64 CMakeFiles/stm32project2.elf.dir/Middlewares/Third_Party/FreeRTOS/Source/portable/MemMang/heap_4.c.obj
 .text.prvInsertBlockIntoFreeList
                0x08002f78       0x60 CMakeFiles/stm32project2.elf.dir/Middlewares/Third_Party/FreeRTOS/Source/portable/MemMang/heap_4.c.obj
 .text.pvPortMalloc
                0x08002fd8      0x104 CMakeFiles/stm32project2.elf.dir/Middlewares/Third_Party/FreeRTOS/Source/portable/MemMang/heap_4.c.obj
                0x08002fd8                pvPortMalloc
 .text.vPortFree
                0x080030dc       0x7c CMakeFiles/stm32project2.elf.dir/Middlewares/Third_Party/FreeRTOS/Source/portable/MemMang/heap_4.c.obj
                0x080030dc                vPortFree
 .text.prvIsQueueFull
                0x08003158       0x1e CMakeFiles/stm32project2.elf.dir/Middlewares/Third_Party/FreeRTOS/Source/queue.c.obj
 .text.prvIsQueueEmpty
                0x08003176       0x1a CMakeFiles/stm32project2.elf.dir/Middlewares/Third_Party/FreeRTOS/Source/queue.c.obj
 .text.prvCopyDataToQueue
                0x08003190       0x76 CMakeFiles/stm32project2.elf.dir/Middlewares/Third_Party/FreeRTOS/Source/queue.c.obj
 .text.prvCopyDataFromQueue
                0x08003206       0x24 CMakeFiles/stm32project2.elf.dir/Middlewares/Third_Party/FreeRTOS/Source/queue.c.obj
 .text.prvUnlockQueue
                0x0800322a       0x6e CMakeFiles/stm32project2.elf.dir/Middlewares/Third_Party/FreeRTOS/Source/queue.c.obj
 .text.xQueueGenericReset
                0x08003298       0x84 CMakeFiles/stm32project2.elf.dir/Middlewares/Third_Party/FreeRTOS/Source/queue.c.obj
                0x08003298                xQueueGenericReset
 .text.prvInitialiseNewQueue
                0x0800331c       0x22 CMakeFiles/stm32project2.elf.dir/Middlewares/Third_Party/FreeRTOS/Source/queue.c.obj
 .text.xQueueGenericCreateStatic
                0x0800333e       0x94 CMakeFiles/stm32project2.elf.dir/Middlewares/Third_Party/FreeRTOS/Source/queue.c.obj
                0x0800333e                xQueueGenericCreateStatic
 .text.xQueueGenericSend
                0x080033d2      0x188 CMakeFiles/stm32project2.elf.dir/Middlewares/Third_Party/FreeRTOS/Source/queue.c.obj
                0x080033d2                xQueueGenericSend
 .text.xQueueGenericSendFromISR
                0x0800355a       0xce CMakeFiles/stm32project2.elf.dir/Middlewares/Third_Party/FreeRTOS/Source/queue.c.obj
                0x0800355a                xQueueGenericSendFromISR
 .text.xQueueReceive
                0x08003628      0x15e CMakeFiles/stm32project2.elf.dir/Middlewares/Third_Party/FreeRTOS/Source/queue.c.obj
                0x08003628                xQueueReceive
 *fill*         0x08003786        0x2 
 .text.vQueueAddToRegistry
                0x08003788       0x28 CMakeFiles/stm32project2.elf.dir/Middlewares/Third_Party/FreeRTOS/Source/queue.c.obj
                0x08003788                vQueueAddToRegistry
 .text.vQueueWaitForMessageRestricted
                0x080037b0       0x52 CMakeFiles/stm32project2.elf.dir/Middlewares/Third_Party/FreeRTOS/Source/queue.c.obj
                0x080037b0                vQueueWaitForMessageRestricted
 *fill*         0x08003802        0x2 
 .text.prvResetNextTaskUnblockTime
                0x08003804       0x2c CMakeFiles/stm32project2.elf.dir/Middlewares/Third_Party/FreeRTOS/Source/tasks.c.obj
 .text.prvInitialiseNewTask
                0x08003830      0x104 CMakeFiles/stm32project2.elf.dir/Middlewares/Third_Party/FreeRTOS/Source/tasks.c.obj
 .text.prvInitialiseTaskLists
                0x08003934       0x68 CMakeFiles/stm32project2.elf.dir/Middlewares/Third_Party/FreeRTOS/Source/tasks.c.obj
 .text.prvAddNewTaskToReadyList
                0x0800399c       0xac CMakeFiles/stm32project2.elf.dir/Middlewares/Third_Party/FreeRTOS/Source/tasks.c.obj
 .text.prvDeleteTCB
                0x08003a48       0x40 CMakeFiles/stm32project2.elf.dir/Middlewares/Third_Party/FreeRTOS/Source/tasks.c.obj
 .text.prvCheckTasksWaitingTermination
                0x08003a88       0x4c CMakeFiles/stm32project2.elf.dir/Middlewares/Third_Party/FreeRTOS/Source/tasks.c.obj
 .text.prvIdleTask
                0x08003ad4       0x28 CMakeFiles/stm32project2.elf.dir/Middlewares/Third_Party/FreeRTOS/Source/tasks.c.obj
 .text.prvAddCurrentTaskToDelayedList
                0x08003afc       0x7c CMakeFiles/stm32project2.elf.dir/Middlewares/Third_Party/FreeRTOS/Source/tasks.c.obj
 .text.xTaskCreateStatic
                0x08003b78       0x7a CMakeFiles/stm32project2.elf.dir/Middlewares/Third_Party/FreeRTOS/Source/tasks.c.obj
                0x08003b78                xTaskCreateStatic
 .text.xTaskCreate
                0x08003bf2       0x66 CMakeFiles/stm32project2.elf.dir/Middlewares/Third_Party/FreeRTOS/Source/tasks.c.obj
                0x08003bf2                xTaskCreate
 .text.vTaskStartScheduler
                0x08003c58       0xac CMakeFiles/stm32project2.elf.dir/Middlewares/Third_Party/FreeRTOS/Source/tasks.c.obj
                0x08003c58                vTaskStartScheduler
 .text.vTaskSuspendAll
                0x08003d04       0x10 CMakeFiles/stm32project2.elf.dir/Middlewares/Third_Party/FreeRTOS/Source/tasks.c.obj
                0x08003d04                vTaskSuspendAll
 .text.xTaskGetTickCount
                0x08003d14        0xc CMakeFiles/stm32project2.elf.dir/Middlewares/Third_Party/FreeRTOS/Source/tasks.c.obj
                0x08003d14                xTaskGetTickCount
 .text.xTaskIncrementTick
                0x08003d20      0x118 CMakeFiles/stm32project2.elf.dir/Middlewares/Third_Party/FreeRTOS/Source/tasks.c.obj
                0x08003d20                xTaskIncrementTick
 .text.xTaskResumeAll
                0x08003e38       0xf8 CMakeFiles/stm32project2.elf.dir/Middlewares/Third_Party/FreeRTOS/Source/tasks.c.obj
                0x08003e38                xTaskResumeAll
 .text.vTaskDelay
                0x08003f30       0x4c CMakeFiles/stm32project2.elf.dir/Middlewares/Third_Party/FreeRTOS/Source/tasks.c.obj
                0x08003f30                vTaskDelay
 .text.vTaskSwitchContext
                0x08003f7c       0xa4 CMakeFiles/stm32project2.elf.dir/Middlewares/Third_Party/FreeRTOS/Source/tasks.c.obj
                0x08003f7c                vTaskSwitchContext
 .text.vTaskPlaceOnEventList
                0x08004020       0x30 CMakeFiles/stm32project2.elf.dir/Middlewares/Third_Party/FreeRTOS/Source/tasks.c.obj
                0x08004020                vTaskPlaceOnEventList
 .text.vTaskPlaceOnEventListRestricted
                0x08004050       0x38 CMakeFiles/stm32project2.elf.dir/Middlewares/Third_Party/FreeRTOS/Source/tasks.c.obj
                0x08004050                vTaskPlaceOnEventListRestricted
 .text.xTaskRemoveFromEventList
                0x08004088       0x8c CMakeFiles/stm32project2.elf.dir/Middlewares/Third_Party/FreeRTOS/Source/tasks.c.obj
                0x08004088                xTaskRemoveFromEventList
 .text.vTaskInternalSetTimeOutState
                0x08004114       0x18 CMakeFiles/stm32project2.elf.dir/Middlewares/Third_Party/FreeRTOS/Source/tasks.c.obj
                0x08004114                vTaskInternalSetTimeOutState
 .text.xTaskCheckForTimeOut
                0x0800412c       0x88 CMakeFiles/stm32project2.elf.dir/Middlewares/Third_Party/FreeRTOS/Source/tasks.c.obj
                0x0800412c                xTaskCheckForTimeOut
 .text.vTaskMissedYield
                0x080041b4        0xc CMakeFiles/stm32project2.elf.dir/Middlewares/Third_Party/FreeRTOS/Source/tasks.c.obj
                0x080041b4                vTaskMissedYield
 .text.xTaskGetSchedulerState
                0x080041c0       0x20 CMakeFiles/stm32project2.elf.dir/Middlewares/Third_Party/FreeRTOS/Source/tasks.c.obj
                0x080041c0                xTaskGetSchedulerState
 .text.xTaskPriorityDisinherit
                0x080041e0       0x90 CMakeFiles/stm32project2.elf.dir/Middlewares/Third_Party/FreeRTOS/Source/tasks.c.obj
                0x080041e0                xTaskPriorityDisinherit
 .text.prvGetNextExpireTime
                0x08004270       0x20 CMakeFiles/stm32project2.elf.dir/Middlewares/Third_Party/FreeRTOS/Source/timers.c.obj
 .text.prvInsertTimerInActiveList
                0x08004290       0x48 CMakeFiles/stm32project2.elf.dir/Middlewares/Third_Party/FreeRTOS/Source/timers.c.obj
 .text.prvCheckForValidListAndQueue
                0x080042d8       0x70 CMakeFiles/stm32project2.elf.dir/Middlewares/Third_Party/FreeRTOS/Source/timers.c.obj
 .text.xTimerCreateTimerTask
                0x08004348       0x64 CMakeFiles/stm32project2.elf.dir/Middlewares/Third_Party/FreeRTOS/Source/timers.c.obj
                0x08004348                xTimerCreateTimerTask
 .text.xTimerGenericCommand
                0x080043ac       0x6c CMakeFiles/stm32project2.elf.dir/Middlewares/Third_Party/FreeRTOS/Source/timers.c.obj
                0x080043ac                xTimerGenericCommand
 .text.prvSwitchTimerLists
                0x08004418       0x7c CMakeFiles/stm32project2.elf.dir/Middlewares/Third_Party/FreeRTOS/Source/timers.c.obj
 .text.prvSampleTimeNow
                0x08004494       0x2c CMakeFiles/stm32project2.elf.dir/Middlewares/Third_Party/FreeRTOS/Source/timers.c.obj
 .text.prvProcessExpiredTimer
                0x080044c0       0x6c CMakeFiles/stm32project2.elf.dir/Middlewares/Third_Party/FreeRTOS/Source/timers.c.obj
 .text.prvProcessTimerOrBlockTask
                0x0800452c       0x74 CMakeFiles/stm32project2.elf.dir/Middlewares/Third_Party/FreeRTOS/Source/timers.c.obj
 .text.prvProcessReceivedCommands
                0x080045a0      0x10c CMakeFiles/stm32project2.elf.dir/Middlewares/Third_Party/FreeRTOS/Source/timers.c.obj
 .text.prvTimerTask
                0x080046ac       0x16 CMakeFiles/stm32project2.elf.dir/Middlewares/Third_Party/FreeRTOS/Source/timers.c.obj
 *fill*         0x080046c2        0x2 
 .text.delay_us
                0x080046c4       0x14 CMakeFiles/stm32project2.elf.dir/New/Src/i2c.c.obj
                0x080046c4                delay_us
 .text.i2c_end  0x080046d8       0x3c CMakeFiles/stm32project2.elf.dir/New/Src/i2c.c.obj
                0x080046d8                i2c_end
 .text.memset   0x08004714       0x9c /usr/bin/../lib/gcc/arm-none-eabi/14.2.1/../../../../arm-none-eabi/lib/thumb/v7-m/nofp/libg.a(libc_a-memset.o)
                0x08004714                memset
 .text._reclaim_reent
                0x080047b0       0x6c /usr/bin/../lib/gcc/arm-none-eabi/14.2.1/../../../../arm-none-eabi/lib/thumb/v7-m/nofp/libg.a(libc_a-reent.o)
                0x080047b0                _reclaim_reent
 .text.__errno  0x0800481c        0xc /usr/bin/../lib/gcc/arm-none-eabi/14.2.1/../../../../arm-none-eabi/lib/thumb/v7-m/nofp/libg.a(libc_a-errno.o)
                0x0800481c                __errno
 .text.__libc_init_array
                0x08004828       0x50 /usr/bin/../lib/gcc/arm-none-eabi/14.2.1/../../../../arm-none-eabi/lib/thumb/v7-m/nofp/libg.a(libc_a-init.o)
                0x08004828                __libc_init_array
 .text.__retarget_lock_acquire_recursive
                0x08004878        0x4 /usr/bin/../lib/gcc/arm-none-eabi/14.2.1/../../../../arm-none-eabi/lib/thumb/v7-m/nofp/libg.a(libc_a-lock.o)
                0x08004878                __retarget_lock_acquire_recursive
 .text.__retarget_lock_release_recursive
                0x0800487c        0x4 /usr/bin/../lib/gcc/arm-none-eabi/14.2.1/../../../../arm-none-eabi/lib/thumb/v7-m/nofp/libg.a(libc_a-lock.o)
                0x0800487c                __retarget_lock_release_recursive
 .text.startup.register_fini
                0x08004880       0x14 /usr/bin/../lib/gcc/arm-none-eabi/14.2.1/../../../../arm-none-eabi/lib/thumb/v7-m/nofp/libg.a(libc_a-__call_atexit.o)
 .text.atexit   0x08004894        0xc /usr/bin/../lib/gcc/arm-none-eabi/14.2.1/../../../../arm-none-eabi/lib/thumb/v7-m/nofp/libg.a(libc_a-atexit.o)
                0x08004894                atexit
 .text._malloc_trim_r
                0x080048a0       0xb8 /usr/bin/../lib/gcc/arm-none-eabi/14.2.1/../../../../arm-none-eabi/lib/thumb/v7-m/nofp/libg.a(libc_a-freer.o)
                0x080048a0                _malloc_trim_r
 .text._free_r  0x08004958      0x1e8 /usr/bin/../lib/gcc/arm-none-eabi/14.2.1/../../../../arm-none-eabi/lib/thumb/v7-m/nofp/libg.a(libc_a-freer.o)
                0x08004958                _free_r
 .text.__malloc_lock
                0x08004b40        0xc /usr/bin/../lib/gcc/arm-none-eabi/14.2.1/../../../../arm-none-eabi/lib/thumb/v7-m/nofp/libg.a(libc_a-mlock.o)
                0x08004b40                __malloc_lock
 .text.__malloc_unlock
                0x08004b4c        0xc /usr/bin/../lib/gcc/arm-none-eabi/14.2.1/../../../../arm-none-eabi/lib/thumb/v7-m/nofp/libg.a(libc_a-mlock.o)
                0x08004b4c                __malloc_unlock
 .text._sbrk_r  0x08004b58       0x24 /usr/bin/../lib/gcc/arm-none-eabi/14.2.1/../../../../arm-none-eabi/lib/thumb/v7-m/nofp/libg.a(libc_a-sbrkr.o)
                0x08004b58                _sbrk_r
 .text.__libc_fini_array
                0x08004b7c       0x28 /usr/bin/../lib/gcc/arm-none-eabi/14.2.1/../../../../arm-none-eabi/lib/thumb/v7-m/nofp/libg.a(libc_a-fini.o)
                0x08004b7c                __libc_fini_array
 .text.sysconf  0x08004ba4       0x1c /usr/bin/../lib/gcc/arm-none-eabi/14.2.1/../../../../arm-none-eabi/lib/thumb/v7-m/nofp/libg.a(libc_a-sysconf.o)
                0x08004ba4                sysconf
 .text.__register_exitproc
                0x08004bc0       0x80 /usr/bin/../lib/gcc/arm-none-eabi/14.2.1/../../../../arm-none-eabi/lib/thumb/v7-m/nofp/libg.a(libc_a-__atexit.o)
                0x08004bc0                __register_exitproc
 *(.glue_7)
 .glue_7        0x08004c40        0x0 linker stubs
 *(.glue_7t)
 .glue_7t       0x08004c40        0x0 linker stubs
 *(.eh_frame)
 .eh_frame      0x08004c40        0x0 /usr/bin/../lib/gcc/arm-none-eabi/14.2.1/thumb/v7-m/nofp/crtbegin.o
 *(.init)
 .init          0x08004c40        0x4 /usr/bin/../lib/gcc/arm-none-eabi/14.2.1/thumb/v7-m/nofp/crti.o
                0x08004c40                _init
 .init          0x08004c44        0x8 /usr/bin/../lib/gcc/arm-none-eabi/14.2.1/thumb/v7-m/nofp/crtn.o
 *(.fini)
 .fini          0x08004c4c        0x4 /usr/bin/../lib/gcc/arm-none-eabi/14.2.1/thumb/v7-m/nofp/crti.o
                0x08004c4c                _fini
 .fini          0x08004c50        0x8 /usr/bin/../lib/gcc/arm-none-eabi/14.2.1/thumb/v7-m/nofp/crtn.o
                0x08004c58                        . = ALIGN (0x4)
                0x08004c58                        _etext = .

.vfp11_veneer   0x08004c58        0x0
 .vfp11_veneer  0x08004c58        0x0 linker stubs

.v4_bx          0x08004c58        0x0
 .v4_bx         0x08004c58        0x0 linker stubs

.iplt           0x08004c58        0x0
 .iplt          0x08004c58        0x0 /usr/bin/../lib/gcc/arm-none-eabi/14.2.1/thumb/v7-m/nofp/crtbegin.o

.rodata         0x08004c58       0xa4
                0x08004c58                        . = ALIGN (0x4)
 *(.rodata)
 *(.rodata*)
 .rodata.str1.4
                0x08004c58       0x30 CMakeFiles/stm32project2.elf.dir/Core/Src/freertos.c.obj
                                 0x17 (size before relaxing)
 .rodata.motor_dir_attributes
                0x08004c88       0x24 CMakeFiles/stm32project2.elf.dir/Core/Src/freertos.c.obj
                0x08004c88                motor_dir_attributes
 .rodata.motor_move_attributes
                0x08004cac       0x24 CMakeFiles/stm32project2.elf.dir/Core/Src/freertos.c.obj
                0x08004cac                motor_move_attributes
 .rodata.APBPrescTable
                0x08004cd0        0x8 CMakeFiles/stm32project2.elf.dir/Core/Src/system_stm32f1xx.c.obj
                0x08004cd0                APBPrescTable
 .rodata.AHBPrescTable
                0x08004cd8       0x10 CMakeFiles/stm32project2.elf.dir/Core/Src/system_stm32f1xx.c.obj
                0x08004cd8                AHBPrescTable
 .rodata.aPredivFactorTable.0
                0x08004ce8        0x2 CMakeFiles/stm32project2.elf.dir/Drivers/STM32F1xx_HAL_Driver/Src/stm32f1xx_hal_rcc.c.obj
 *fill*         0x08004cea        0x2 
 .rodata.aPLLMULFactorTable.1
                0x08004cec       0x10 CMakeFiles/stm32project2.elf.dir/Drivers/STM32F1xx_HAL_Driver/Src/stm32f1xx_hal_rcc.c.obj
 .rodata.vTaskStartScheduler.str1.4
                0x08004cfc        0x5 CMakeFiles/stm32project2.elf.dir/Middlewares/Third_Party/FreeRTOS/Source/tasks.c.obj
 .rodata.prvCheckForValidListAndQueue.str1.4
                0x08004cfc        0x5 CMakeFiles/stm32project2.elf.dir/Middlewares/Third_Party/FreeRTOS/Source/timers.c.obj
 .rodata.xTimerCreateTimerTask.str1.4
                0x08004cfc        0x8 CMakeFiles/stm32project2.elf.dir/Middlewares/Third_Party/FreeRTOS/Source/timers.c.obj
                0x08004d04                        . = ALIGN (0x4)

.ARM.extab      0x08004cfc        0x0
                0x08004cfc                        . = ALIGN (0x4)
 *(.ARM.extab* .gnu.linkonce.armextab.*)
                0x08004cfc                        . = ALIGN (0x4)

.ARM            0x08004cfc        0x8
                0x08004cfc                        . = ALIGN (0x4)
                0x08004cfc                        __exidx_start = .
 *(.ARM.exidx*)
 .ARM.exidx     0x08004cfc        0x8 /usr/bin/../lib/gcc/arm-none-eabi/14.2.1/../../../../arm-none-eabi/lib/thumb/v7-m/nofp/libg.a(libc_a-memcpy.o)
                0x08004d04                        __exidx_end = .
                0x08004d04                        . = ALIGN (0x4)

.preinit_array  0x08004d04        0x0
                0x08004d04                        . = ALIGN (0x4)
                0x08004d04                        PROVIDE (__preinit_array_start = .)
 *(.preinit_array*)
                0x08004d04                        PROVIDE (__preinit_array_end = .)
                0x08004d04                        . = ALIGN (0x4)

.init_array     0x08004d04        0x8
                0x08004d04                        . = ALIGN (0x4)
                0x08004d04                        PROVIDE (__init_array_start = .)
 *(SORT_BY_NAME(.init_array.*))
 .init_array.00000
                0x08004d04        0x4 /usr/bin/../lib/gcc/arm-none-eabi/14.2.1/../../../../arm-none-eabi/lib/thumb/v7-m/nofp/libg.a(libc_a-__call_atexit.o)
 *(.init_array*)
 .init_array    0x08004d08        0x4 /usr/bin/../lib/gcc/arm-none-eabi/14.2.1/thumb/v7-m/nofp/crtbegin.o
                0x08004d0c                        PROVIDE (__init_array_end = .)
                0x08004d0c                        . = ALIGN (0x4)

.fini_array     0x08004d0c        0x4
                0x08004d0c                        . = ALIGN (0x4)
                0x08004d0c                        PROVIDE (__fini_array_start = .)
 *(SORT_BY_NAME(.fini_array.*))
 *(.fini_array*)
 .fini_array    0x08004d0c        0x4 /usr/bin/../lib/gcc/arm-none-eabi/14.2.1/thumb/v7-m/nofp/crtbegin.o
                0x08004d10                        PROVIDE (__fini_array_end = .)
                0x08004d10                        . = ALIGN (0x4)
                0x08004d10                        _sidata = LOADADDR (.data)

.rel.dyn        0x08004d10        0x0
 .rel.iplt      0x08004d10        0x0 /usr/bin/../lib/gcc/arm-none-eabi/14.2.1/thumb/v7-m/nofp/crtbegin.o

.data           0x20000000      0x570 load address 0x08004d10
                0x20000000                        . = ALIGN (0x4)
                0x20000000                        _sdata = .
 *(.data)
 *(.data*)
 .data.flag_key
                0x20000000        0x1 CMakeFiles/stm32project2.elf.dir/Core/Src/freertos.c.obj
                0x20000000                flag_key
 .data.flag     0x20000001        0x1 CMakeFiles/stm32project2.elf.dir/Core/Src/freertos.c.obj
                0x20000001                flag
 *fill*         0x20000002        0x2 
 .data.SystemCoreClock
                0x20000004        0x4 CMakeFiles/stm32project2.elf.dir/Core/Src/system_stm32f1xx.c.obj
                0x20000004                SystemCoreClock
 .data.uwTickFreq
                0x20000008        0x1 CMakeFiles/stm32project2.elf.dir/Drivers/STM32F1xx_HAL_Driver/Src/stm32f1xx_hal.c.obj
                0x20000008                uwTickFreq
 *fill*         0x20000009        0x3 
 .data.uwTickPrio
                0x2000000c        0x4 CMakeFiles/stm32project2.elf.dir/Drivers/STM32F1xx_HAL_Driver/Src/stm32f1xx_hal.c.obj
                0x2000000c                uwTickPrio
 .data.uxCriticalNesting
                0x20000010        0x4 CMakeFiles/stm32project2.elf.dir/Middlewares/Third_Party/FreeRTOS/Source/portable/GCC/ARM_CM3/port.c.obj
 .data._impure_ptr
                0x20000014        0x4 /usr/bin/../lib/gcc/arm-none-eabi/14.2.1/../../../../arm-none-eabi/lib/thumb/v7-m/nofp/libg.a(libc_a-impure.o)
                0x20000014                _impure_ptr
 .data._impure_data
                0x20000018      0x140 /usr/bin/../lib/gcc/arm-none-eabi/14.2.1/../../../../arm-none-eabi/lib/thumb/v7-m/nofp/libg.a(libc_a-impure.o)
                0x20000018                _impure_data
 .data.__atexit_recursive_mutex
                0x20000158        0x4 /usr/bin/../lib/gcc/arm-none-eabi/14.2.1/../../../../arm-none-eabi/lib/thumb/v7-m/nofp/libg.a(libc_a-__call_atexit.o)
                0x20000158                __atexit_recursive_mutex
 .data.__malloc_sbrk_base
                0x2000015c        0x4 /usr/bin/../lib/gcc/arm-none-eabi/14.2.1/../../../../arm-none-eabi/lib/thumb/v7-m/nofp/libg.a(libc_a-mallocr.o)
                0x2000015c                __malloc_sbrk_base
 .data.__malloc_trim_threshold
                0x20000160        0x4 /usr/bin/../lib/gcc/arm-none-eabi/14.2.1/../../../../arm-none-eabi/lib/thumb/v7-m/nofp/libg.a(libc_a-mallocr.o)
                0x20000160                __malloc_trim_threshold
 *fill*         0x20000164        0x4 
 .data.__malloc_av_
                0x20000168      0x408 /usr/bin/../lib/gcc/arm-none-eabi/14.2.1/../../../../arm-none-eabi/lib/thumb/v7-m/nofp/libg.a(libc_a-mallocr.o)
                0x20000168                __malloc_av_
 *(.RamFunc)
 *(.RamFunc*)
                0x20000570                        . = ALIGN (0x4)
                0x20000570                        _edata = .

.tm_clone_table
                0x20000570        0x0 load address 0x08005280
 .tm_clone_table
                0x20000570        0x0 /usr/bin/../lib/gcc/arm-none-eabi/14.2.1/thumb/v7-m/nofp/crtbegin.o
 .tm_clone_table
                0x20000570        0x0 /usr/bin/../lib/gcc/arm-none-eabi/14.2.1/thumb/v7-m/nofp/crtend.o

.igot.plt       0x20000570        0x0 load address 0x08005280
 .igot.plt      0x20000570        0x0 /usr/bin/../lib/gcc/arm-none-eabi/14.2.1/thumb/v7-m/nofp/crtbegin.o
                0x20000570                        . = ALIGN (0x4)

.bss            0x20000570     0x2054 load address 0x08005280
                0x20000570                        _sbss = .
                0x20000570                        __bss_start__ = _sbss
 *(.bss)
 *(.bss*)
 .bss.completed.1
                0x20000570        0x1 /usr/bin/../lib/gcc/arm-none-eabi/14.2.1/thumb/v7-m/nofp/crtbegin.o
 *fill*         0x20000571        0x3 
 .bss.object.0  0x20000574       0x18 /usr/bin/../lib/gcc/arm-none-eabi/14.2.1/thumb/v7-m/nofp/crtbegin.o
 .bss.hcan      0x2000058c       0x28 CMakeFiles/stm32project2.elf.dir/Core/Src/can.c.obj
                0x2000058c                hcan
 .bss.motor_dirHandle
                0x200005b4        0x4 CMakeFiles/stm32project2.elf.dir/Core/Src/freertos.c.obj
                0x200005b4                motor_dirHandle
 .bss.motor_moveHandle
                0x200005b8        0x4 CMakeFiles/stm32project2.elf.dir/Core/Src/freertos.c.obj
                0x200005b8                motor_moveHandle
 .bss.htim2     0x200005bc       0x48 CMakeFiles/stm32project2.elf.dir/Core/Src/stm32f1xx_hal_timebase_tim.c.obj
                0x200005bc                htim2
 .bss.__sbrk_heap_end
                0x20000604        0x4 CMakeFiles/stm32project2.elf.dir/Core/Src/sysmem.c.obj
 .bss.htim4     0x20000608       0x48 CMakeFiles/stm32project2.elf.dir/Core/Src/tim.c.obj
                0x20000608                htim4
 .bss.htim3     0x20000650       0x48 CMakeFiles/stm32project2.elf.dir/Core/Src/tim.c.obj
                0x20000650                htim3
 .bss.huart1    0x20000698       0x48 CMakeFiles/stm32project2.elf.dir/Core/Src/usart.c.obj
                0x20000698                huart1
 .bss.uwTick    0x200006e0        0x4 CMakeFiles/stm32project2.elf.dir/Drivers/STM32F1xx_HAL_Driver/Src/stm32f1xx_hal.c.obj
                0x200006e0                uwTick
 .bss.Timer_Stack.0
                0x200006e4      0x400 CMakeFiles/stm32project2.elf.dir/Middlewares/Third_Party/FreeRTOS/Source/CMSIS_RTOS_V2/cmsis_os2.c.obj
 *fill*         0x20000ae4        0x4 
 .bss.Timer_TCB.1
                0x20000ae8      0x1a0 CMakeFiles/stm32project2.elf.dir/Middlewares/Third_Party/FreeRTOS/Source/CMSIS_RTOS_V2/cmsis_os2.c.obj
 .bss.Idle_Stack.2
                0x20000c88      0x200 CMakeFiles/stm32project2.elf.dir/Middlewares/Third_Party/FreeRTOS/Source/CMSIS_RTOS_V2/cmsis_os2.c.obj
 .bss.Idle_TCB.3
                0x20000e88      0x1a0 CMakeFiles/stm32project2.elf.dir/Middlewares/Third_Party/FreeRTOS/Source/CMSIS_RTOS_V2/cmsis_os2.c.obj
 .bss.KernelState
                0x20001028        0x4 CMakeFiles/stm32project2.elf.dir/Middlewares/Third_Party/FreeRTOS/Source/CMSIS_RTOS_V2/cmsis_os2.c.obj
 .bss.ulMaxPRIGROUPValue
                0x2000102c        0x4 CMakeFiles/stm32project2.elf.dir/Middlewares/Third_Party/FreeRTOS/Source/portable/GCC/ARM_CM3/port.c.obj
 .bss.ucMaxSysCallPriority
                0x20001030        0x1 CMakeFiles/stm32project2.elf.dir/Middlewares/Third_Party/FreeRTOS/Source/portable/GCC/ARM_CM3/port.c.obj
 *fill*         0x20001031        0x3 
 .bss.xBlockAllocatedBit
                0x20001034        0x4 CMakeFiles/stm32project2.elf.dir/Middlewares/Third_Party/FreeRTOS/Source/portable/MemMang/heap_4.c.obj
 .bss.xNumberOfSuccessfulFrees
                0x20001038        0x4 CMakeFiles/stm32project2.elf.dir/Middlewares/Third_Party/FreeRTOS/Source/portable/MemMang/heap_4.c.obj
 .bss.xNumberOfSuccessfulAllocations
                0x2000103c        0x4 CMakeFiles/stm32project2.elf.dir/Middlewares/Third_Party/FreeRTOS/Source/portable/MemMang/heap_4.c.obj
 .bss.xMinimumEverFreeBytesRemaining
                0x20001040        0x4 CMakeFiles/stm32project2.elf.dir/Middlewares/Third_Party/FreeRTOS/Source/portable/MemMang/heap_4.c.obj
 .bss.xFreeBytesRemaining
                0x20001044        0x4 CMakeFiles/stm32project2.elf.dir/Middlewares/Third_Party/FreeRTOS/Source/portable/MemMang/heap_4.c.obj
 .bss.pxEnd     0x20001048        0x4 CMakeFiles/stm32project2.elf.dir/Middlewares/Third_Party/FreeRTOS/Source/portable/MemMang/heap_4.c.obj
 .bss.xStart    0x2000104c        0x8 CMakeFiles/stm32project2.elf.dir/Middlewares/Third_Party/FreeRTOS/Source/portable/MemMang/heap_4.c.obj
 .bss.ucHeap    0x20001054      0xc00 CMakeFiles/stm32project2.elf.dir/Middlewares/Third_Party/FreeRTOS/Source/portable/MemMang/heap_4.c.obj
 .bss.xQueueRegistry
                0x20001c54       0x40 CMakeFiles/stm32project2.elf.dir/Middlewares/Third_Party/FreeRTOS/Source/queue.c.obj
                0x20001c54                xQueueRegistry
 .bss.uxSchedulerSuspended
                0x20001c94        0x4 CMakeFiles/stm32project2.elf.dir/Middlewares/Third_Party/FreeRTOS/Source/tasks.c.obj
 .bss.xIdleTaskHandle
                0x20001c98        0x4 CMakeFiles/stm32project2.elf.dir/Middlewares/Third_Party/FreeRTOS/Source/tasks.c.obj
 .bss.xNextTaskUnblockTime
                0x20001c9c        0x4 CMakeFiles/stm32project2.elf.dir/Middlewares/Third_Party/FreeRTOS/Source/tasks.c.obj
 .bss.uxTaskNumber
                0x20001ca0        0x4 CMakeFiles/stm32project2.elf.dir/Middlewares/Third_Party/FreeRTOS/Source/tasks.c.obj
 .bss.xNumOfOverflows
                0x20001ca4        0x4 CMakeFiles/stm32project2.elf.dir/Middlewares/Third_Party/FreeRTOS/Source/tasks.c.obj
 .bss.xYieldPending
                0x20001ca8        0x4 CMakeFiles/stm32project2.elf.dir/Middlewares/Third_Party/FreeRTOS/Source/tasks.c.obj
 .bss.xPendedTicks
                0x20001cac        0x4 CMakeFiles/stm32project2.elf.dir/Middlewares/Third_Party/FreeRTOS/Source/tasks.c.obj
 .bss.xSchedulerRunning
                0x20001cb0        0x4 CMakeFiles/stm32project2.elf.dir/Middlewares/Third_Party/FreeRTOS/Source/tasks.c.obj
 .bss.uxTopReadyPriority
                0x20001cb4        0x4 CMakeFiles/stm32project2.elf.dir/Middlewares/Third_Party/FreeRTOS/Source/tasks.c.obj
 .bss.xTickCount
                0x20001cb8        0x4 CMakeFiles/stm32project2.elf.dir/Middlewares/Third_Party/FreeRTOS/Source/tasks.c.obj
 .bss.uxCurrentNumberOfTasks
                0x20001cbc        0x4 CMakeFiles/stm32project2.elf.dir/Middlewares/Third_Party/FreeRTOS/Source/tasks.c.obj
 .bss.xSuspendedTaskList
                0x20001cc0       0x14 CMakeFiles/stm32project2.elf.dir/Middlewares/Third_Party/FreeRTOS/Source/tasks.c.obj
 .bss.uxDeletedTasksWaitingCleanUp
                0x20001cd4        0x4 CMakeFiles/stm32project2.elf.dir/Middlewares/Third_Party/FreeRTOS/Source/tasks.c.obj
 .bss.xTasksWaitingTermination
                0x20001cd8       0x14 CMakeFiles/stm32project2.elf.dir/Middlewares/Third_Party/FreeRTOS/Source/tasks.c.obj
 .bss.xPendingReadyList
                0x20001cec       0x14 CMakeFiles/stm32project2.elf.dir/Middlewares/Third_Party/FreeRTOS/Source/tasks.c.obj
 .bss.pxOverflowDelayedTaskList
                0x20001d00        0x4 CMakeFiles/stm32project2.elf.dir/Middlewares/Third_Party/FreeRTOS/Source/tasks.c.obj
 .bss.pxDelayedTaskList
                0x20001d04        0x4 CMakeFiles/stm32project2.elf.dir/Middlewares/Third_Party/FreeRTOS/Source/tasks.c.obj
 .bss.xDelayedTaskList2
                0x20001d08       0x14 CMakeFiles/stm32project2.elf.dir/Middlewares/Third_Party/FreeRTOS/Source/tasks.c.obj
 .bss.xDelayedTaskList1
                0x20001d1c       0x14 CMakeFiles/stm32project2.elf.dir/Middlewares/Third_Party/FreeRTOS/Source/tasks.c.obj
 .bss.pxReadyTasksLists
                0x20001d30      0x460 CMakeFiles/stm32project2.elf.dir/Middlewares/Third_Party/FreeRTOS/Source/tasks.c.obj
 .bss.pxCurrentTCB
                0x20002190        0x4 CMakeFiles/stm32project2.elf.dir/Middlewares/Third_Party/FreeRTOS/Source/tasks.c.obj
                0x20002190                pxCurrentTCB
 .bss.xStaticTimerQueue.0
                0x20002194       0x50 CMakeFiles/stm32project2.elf.dir/Middlewares/Third_Party/FreeRTOS/Source/timers.c.obj
 .bss.ucStaticTimerQueueStorage.1
                0x200021e4       0xa0 CMakeFiles/stm32project2.elf.dir/Middlewares/Third_Party/FreeRTOS/Source/timers.c.obj
 .bss.xLastTime.2
                0x20002284        0x4 CMakeFiles/stm32project2.elf.dir/Middlewares/Third_Party/FreeRTOS/Source/timers.c.obj
 .bss.xTimerTaskHandle
                0x20002288        0x4 CMakeFiles/stm32project2.elf.dir/Middlewares/Third_Party/FreeRTOS/Source/timers.c.obj
 .bss.xTimerQueue
                0x2000228c        0x4 CMakeFiles/stm32project2.elf.dir/Middlewares/Third_Party/FreeRTOS/Source/timers.c.obj
 .bss.pxOverflowTimerList
                0x20002290        0x4 CMakeFiles/stm32project2.elf.dir/Middlewares/Third_Party/FreeRTOS/Source/timers.c.obj
 .bss.pxCurrentTimerList
                0x20002294        0x4 CMakeFiles/stm32project2.elf.dir/Middlewares/Third_Party/FreeRTOS/Source/timers.c.obj
 .bss.xActiveTimerList2
                0x20002298       0x14 CMakeFiles/stm32project2.elf.dir/Middlewares/Third_Party/FreeRTOS/Source/timers.c.obj
 .bss.xActiveTimerList1
                0x200022ac       0x14 CMakeFiles/stm32project2.elf.dir/Middlewares/Third_Party/FreeRTOS/Source/timers.c.obj
 .bss.__sf      0x200022c0      0x138 /usr/bin/../lib/gcc/arm-none-eabi/14.2.1/../../../../arm-none-eabi/lib/thumb/v7-m/nofp/libg.a(libc_a-findfp.o)
                0x200022c0                __sf
 .bss.errno     0x200023f8        0x4 /usr/bin/../lib/gcc/arm-none-eabi/14.2.1/../../../../arm-none-eabi/lib/thumb/v7-m/nofp/libg.a(libc_a-reent.o)
                0x200023f8                errno
 .bss.__lock___malloc_recursive_mutex
                0x200023fc        0x1 /usr/bin/../lib/gcc/arm-none-eabi/14.2.1/../../../../arm-none-eabi/lib/thumb/v7-m/nofp/libg.a(libc_a-lock.o)
                0x200023fc                __lock___malloc_recursive_mutex
 *fill*         0x200023fd        0x3 
 .bss.__lock___atexit_recursive_mutex
                0x20002400        0x1 /usr/bin/../lib/gcc/arm-none-eabi/14.2.1/../../../../arm-none-eabi/lib/thumb/v7-m/nofp/libg.a(libc_a-lock.o)
                0x20002400                __lock___atexit_recursive_mutex
 *fill*         0x20002401        0x3 
 .bss.__atexit  0x20002404        0x4 /usr/bin/../lib/gcc/arm-none-eabi/14.2.1/../../../../arm-none-eabi/lib/thumb/v7-m/nofp/libg.a(libc_a-__call_atexit.o)
                0x20002404                __atexit
 .bss.__malloc_current_mallinfo
                0x20002408       0x28 /usr/bin/../lib/gcc/arm-none-eabi/14.2.1/../../../../arm-none-eabi/lib/thumb/v7-m/nofp/libg.a(libc_a-mallocr.o)
                0x20002408                __malloc_current_mallinfo
 .bss.__malloc_top_pad
                0x20002430        0x4 /usr/bin/../lib/gcc/arm-none-eabi/14.2.1/../../../../arm-none-eabi/lib/thumb/v7-m/nofp/libg.a(libc_a-mallocr.o)
                0x20002430                __malloc_top_pad
 .bss.__atexit0
                0x20002434      0x190 /usr/bin/../lib/gcc/arm-none-eabi/14.2.1/../../../../arm-none-eabi/lib/thumb/v7-m/nofp/libg.a(libc_a-__atexit.o)
                0x20002434                __atexit0
 *(COMMON)
                0x200025c4                        . = ALIGN (0x4)
                0x200025c4                        _ebss = .
                0x200025c4                        __bss_end__ = _ebss

._user_heap_stack
                0x200025c4      0x804 load address 0x08005280
                0x200025c8                        . = ALIGN (0x8)
 *fill*         0x200025c4        0x4 
                [!provide]                        PROVIDE (end = .)
                0x200025c8                        PROVIDE (_end = .)
                0x200029c8                        . = (. + _Min_Heap_Size)
 *fill*         0x200025c8      0x400 
                0x20002dc8                        . = (. + _Min_Stack_Size)
 *fill*         0x200029c8      0x400 
                0x20002dc8                        . = ALIGN (0x8)

/DISCARD/
 libc.a(*)
 libm.a(*)
 libgcc.a(*)

.ARM.attributes
                0x00000000       0x29
 *(.ARM.attributes)
 .ARM.attributes
                0x00000000       0x1d /usr/bin/../lib/gcc/arm-none-eabi/14.2.1/thumb/v7-m/nofp/crti.o
 .ARM.attributes
                0x0000001d       0x2d /usr/bin/../lib/gcc/arm-none-eabi/14.2.1/thumb/v7-m/nofp/crtbegin.o
 .ARM.attributes
                0x0000004a       0x2d CMakeFiles/stm32project2.elf.dir/Core/Src/can.c.obj
 .ARM.attributes
                0x00000077       0x2d CMakeFiles/stm32project2.elf.dir/Core/Src/freertos.c.obj
 .ARM.attributes
                0x000000a4       0x2d CMakeFiles/stm32project2.elf.dir/Core/Src/gpio.c.obj
 .ARM.attributes
                0x000000d1       0x2d CMakeFiles/stm32project2.elf.dir/Core/Src/main.c.obj
 .ARM.attributes
                0x000000fe       0x2d CMakeFiles/stm32project2.elf.dir/Core/Src/stm32f1xx_hal_msp.c.obj
 .ARM.attributes
                0x0000012b       0x2d CMakeFiles/stm32project2.elf.dir/Core/Src/stm32f1xx_hal_timebase_tim.c.obj
 .ARM.attributes
                0x00000158       0x2d CMakeFiles/stm32project2.elf.dir/Core/Src/stm32f1xx_it.c.obj
 .ARM.attributes
                0x00000185       0x2d CMakeFiles/stm32project2.elf.dir/Core/Src/sysmem.c.obj
 .ARM.attributes
                0x000001b2       0x2d CMakeFiles/stm32project2.elf.dir/Core/Src/system_stm32f1xx.c.obj
 .ARM.attributes
                0x000001df       0x2d CMakeFiles/stm32project2.elf.dir/Core/Src/tim.c.obj
 .ARM.attributes
                0x0000020c       0x2d CMakeFiles/stm32project2.elf.dir/Core/Src/usart.c.obj
 .ARM.attributes
                0x00000239       0x21 CMakeFiles/stm32project2.elf.dir/Core/Startup/startup_stm32f103zetx.s.obj
 .ARM.attributes
                0x0000025a       0x2d CMakeFiles/stm32project2.elf.dir/Drivers/STM32F1xx_HAL_Driver/Src/stm32f1xx_hal.c.obj
 .ARM.attributes
                0x00000287       0x2d CMakeFiles/stm32project2.elf.dir/Drivers/STM32F1xx_HAL_Driver/Src/stm32f1xx_hal_can.c.obj
 .ARM.attributes
                0x000002b4       0x2d CMakeFiles/stm32project2.elf.dir/Drivers/STM32F1xx_HAL_Driver/Src/stm32f1xx_hal_cortex.c.obj
 .ARM.attributes
                0x000002e1       0x2d CMakeFiles/stm32project2.elf.dir/Drivers/STM32F1xx_HAL_Driver/Src/stm32f1xx_hal_dma.c.obj
 .ARM.attributes
                0x0000030e       0x2d CMakeFiles/stm32project2.elf.dir/Drivers/STM32F1xx_HAL_Driver/Src/stm32f1xx_hal_gpio.c.obj
 .ARM.attributes
                0x0000033b       0x2d CMakeFiles/stm32project2.elf.dir/Drivers/STM32F1xx_HAL_Driver/Src/stm32f1xx_hal_rcc.c.obj
 .ARM.attributes
                0x00000368       0x2d CMakeFiles/stm32project2.elf.dir/Drivers/STM32F1xx_HAL_Driver/Src/stm32f1xx_hal_tim.c.obj
 .ARM.attributes
                0x00000395       0x2d CMakeFiles/stm32project2.elf.dir/Drivers/STM32F1xx_HAL_Driver/Src/stm32f1xx_hal_tim_ex.c.obj
 .ARM.attributes
                0x000003c2       0x2d CMakeFiles/stm32project2.elf.dir/Drivers/STM32F1xx_HAL_Driver/Src/stm32f1xx_hal_uart.c.obj
 .ARM.attributes
                0x000003ef       0x2d CMakeFiles/stm32project2.elf.dir/Middlewares/Third_Party/FreeRTOS/Source/CMSIS_RTOS_V2/cmsis_os2.c.obj
 .ARM.attributes
                0x0000041c       0x2d CMakeFiles/stm32project2.elf.dir/Middlewares/Third_Party/FreeRTOS/Source/list.c.obj
 .ARM.attributes
                0x00000449       0x2d CMakeFiles/stm32project2.elf.dir/Middlewares/Third_Party/FreeRTOS/Source/portable/GCC/ARM_CM3/port.c.obj
 .ARM.attributes
                0x00000476       0x2d CMakeFiles/stm32project2.elf.dir/Middlewares/Third_Party/FreeRTOS/Source/portable/MemMang/heap_4.c.obj
 .ARM.attributes
                0x000004a3       0x2d CMakeFiles/stm32project2.elf.dir/Middlewares/Third_Party/FreeRTOS/Source/queue.c.obj
 .ARM.attributes
                0x000004d0       0x2d CMakeFiles/stm32project2.elf.dir/Middlewares/Third_Party/FreeRTOS/Source/tasks.c.obj
 .ARM.attributes
                0x000004fd       0x2d CMakeFiles/stm32project2.elf.dir/Middlewares/Third_Party/FreeRTOS/Source/timers.c.obj
 .ARM.attributes
                0x0000052a       0x2d CMakeFiles/stm32project2.elf.dir/New/Src/i2c.c.obj
 .ARM.attributes
                0x00000557       0x2d /usr/bin/../lib/gcc/arm-none-eabi/14.2.1/../../../../arm-none-eabi/lib/thumb/v7-m/nofp/libg.a(libc_a-findfp.o)
 .ARM.attributes
                0x00000584       0x2d /usr/bin/../lib/gcc/arm-none-eabi/14.2.1/../../../../arm-none-eabi/lib/thumb/v7-m/nofp/libg.a(libc_a-memset.o)
 .ARM.attributes
                0x000005b1       0x2d /usr/bin/../lib/gcc/arm-none-eabi/14.2.1/../../../../arm-none-eabi/lib/thumb/v7-m/nofp/libg.a(libc_a-reent.o)
 .ARM.attributes
                0x000005de       0x2d /usr/bin/../lib/gcc/arm-none-eabi/14.2.1/../../../../arm-none-eabi/lib/thumb/v7-m/nofp/libg.a(libc_a-impure.o)
 .ARM.attributes
                0x0000060b       0x2d /usr/bin/../lib/gcc/arm-none-eabi/14.2.1/../../../../arm-none-eabi/lib/thumb/v7-m/nofp/libg.a(libc_a-errno.o)
 .ARM.attributes
                0x00000638       0x2d /usr/bin/../lib/gcc/arm-none-eabi/14.2.1/../../../../arm-none-eabi/lib/thumb/v7-m/nofp/libg.a(libc_a-init.o)
 .ARM.attributes
                0x00000665       0x2d /usr/bin/../lib/gcc/arm-none-eabi/14.2.1/../../../../arm-none-eabi/lib/thumb/v7-m/nofp/libg.a(libc_a-lock.o)
 .ARM.attributes
                0x00000692       0x1b /usr/bin/../lib/gcc/arm-none-eabi/14.2.1/../../../../arm-none-eabi/lib/thumb/v7-m/nofp/libg.a(libc_a-memcpy.o)
 .ARM.attributes
                0x000006ad       0x2d /usr/bin/../lib/gcc/arm-none-eabi/14.2.1/../../../../arm-none-eabi/lib/thumb/v7-m/nofp/libg.a(libc_a-__call_atexit.o)
 .ARM.attributes
                0x000006da       0x2d /usr/bin/../lib/gcc/arm-none-eabi/14.2.1/../../../../arm-none-eabi/lib/thumb/v7-m/nofp/libg.a(libc_a-atexit.o)
 .ARM.attributes
                0x00000707       0x2d /usr/bin/../lib/gcc/arm-none-eabi/14.2.1/../../../../arm-none-eabi/lib/thumb/v7-m/nofp/libg.a(libc_a-freer.o)
 .ARM.attributes
                0x00000734       0x2d /usr/bin/../lib/gcc/arm-none-eabi/14.2.1/../../../../arm-none-eabi/lib/thumb/v7-m/nofp/libg.a(libc_a-mallocr.o)
 .ARM.attributes
                0x00000761       0x2d /usr/bin/../lib/gcc/arm-none-eabi/14.2.1/../../../../arm-none-eabi/lib/thumb/v7-m/nofp/libg.a(libc_a-mlock.o)
 .ARM.attributes
                0x0000078e       0x2d /usr/bin/../lib/gcc/arm-none-eabi/14.2.1/../../../../arm-none-eabi/lib/thumb/v7-m/nofp/libg.a(libc_a-sbrkr.o)
 .ARM.attributes
                0x000007bb       0x2d /usr/bin/../lib/gcc/arm-none-eabi/14.2.1/../../../../arm-none-eabi/lib/thumb/v7-m/nofp/libg.a(libc_a-fini.o)
 .ARM.attributes
                0x000007e8       0x2d /usr/bin/../lib/gcc/arm-none-eabi/14.2.1/../../../../arm-none-eabi/lib/thumb/v7-m/nofp/libg.a(libc_a-sysconf.o)
 .ARM.attributes
                0x00000815       0x2d /usr/bin/../lib/gcc/arm-none-eabi/14.2.1/../../../../arm-none-eabi/lib/thumb/v7-m/nofp/libg.a(libc_a-__atexit.o)
 .ARM.attributes
                0x00000842       0x2d /usr/bin/../lib/gcc/arm-none-eabi/14.2.1/thumb/v7-m/nofp/crtend.o
 .ARM.attributes
                0x0000086f       0x1d /usr/bin/../lib/gcc/arm-none-eabi/14.2.1/thumb/v7-m/nofp/crtn.o
OUTPUT(stm32project2.elf elf32-littlearm)
LOAD linker stubs
LOAD /usr/bin/../lib/gcc/arm-none-eabi/14.2.1/../../../../arm-none-eabi/lib/thumb/v7-m/nofp/libc.a
LOAD /usr/bin/../lib/gcc/arm-none-eabi/14.2.1/../../../../arm-none-eabi/lib/thumb/v7-m/nofp/libm.a
LOAD /usr/bin/../lib/gcc/arm-none-eabi/14.2.1/thumb/v7-m/nofp/libgcc.a

.debug_info     0x00000000    0x221cc
 .debug_info    0x00000000      0xa14 CMakeFiles/stm32project2.elf.dir/Core/Src/can.c.obj
 .debug_info    0x00000a14      0xe02 CMakeFiles/stm32project2.elf.dir/Core/Src/freertos.c.obj
 .debug_info    0x00001816      0x423 CMakeFiles/stm32project2.elf.dir/Core/Src/gpio.c.obj
 .debug_info    0x00001c39      0x98a CMakeFiles/stm32project2.elf.dir/Core/Src/main.c.obj
 .debug_info    0x000025c3      0x3e8 CMakeFiles/stm32project2.elf.dir/Core/Src/stm32f1xx_hal_msp.c.obj
 .debug_info    0x000029ab      0xaae CMakeFiles/stm32project2.elf.dir/Core/Src/stm32f1xx_hal_timebase_tim.c.obj
 .debug_info    0x00003459      0xd2c CMakeFiles/stm32project2.elf.dir/Core/Src/stm32f1xx_it.c.obj
 .debug_info    0x00004185      0x171 CMakeFiles/stm32project2.elf.dir/Core/Src/sysmem.c.obj
 .debug_info    0x000042f6      0x22d CMakeFiles/stm32project2.elf.dir/Core/Src/system_stm32f1xx.c.obj
 .debug_info    0x00004523      0xd04 CMakeFiles/stm32project2.elf.dir/Core/Src/tim.c.obj
 .debug_info    0x00005227      0xa4c CMakeFiles/stm32project2.elf.dir/Core/Src/usart.c.obj
 .debug_info    0x00005c73       0x30 CMakeFiles/stm32project2.elf.dir/Core/Startup/startup_stm32f103zetx.s.obj
 .debug_info    0x00005ca3      0x808 CMakeFiles/stm32project2.elf.dir/Drivers/STM32F1xx_HAL_Driver/Src/stm32f1xx_hal.c.obj
 .debug_info    0x000064ab     0x11b7 CMakeFiles/stm32project2.elf.dir/Drivers/STM32F1xx_HAL_Driver/Src/stm32f1xx_hal_can.c.obj
 .debug_info    0x00007662      0xd3f CMakeFiles/stm32project2.elf.dir/Drivers/STM32F1xx_HAL_Driver/Src/stm32f1xx_hal_cortex.c.obj
 .debug_info    0x000083a1      0x7f2 CMakeFiles/stm32project2.elf.dir/Drivers/STM32F1xx_HAL_Driver/Src/stm32f1xx_hal_dma.c.obj
 .debug_info    0x00008b93      0x604 CMakeFiles/stm32project2.elf.dir/Drivers/STM32F1xx_HAL_Driver/Src/stm32f1xx_hal_gpio.c.obj
 .debug_info    0x00009197      0x9c7 CMakeFiles/stm32project2.elf.dir/Drivers/STM32F1xx_HAL_Driver/Src/stm32f1xx_hal_rcc.c.obj
 .debug_info    0x00009b5e     0x3c0f CMakeFiles/stm32project2.elf.dir/Drivers/STM32F1xx_HAL_Driver/Src/stm32f1xx_hal_tim.c.obj
 .debug_info    0x0000d76d     0x1a9e CMakeFiles/stm32project2.elf.dir/Drivers/STM32F1xx_HAL_Driver/Src/stm32f1xx_hal_tim_ex.c.obj
 .debug_info    0x0000f20b     0x3f85 CMakeFiles/stm32project2.elf.dir/Drivers/STM32F1xx_HAL_Driver/Src/stm32f1xx_hal_uart.c.obj
 .debug_info    0x00013190     0x5492 CMakeFiles/stm32project2.elf.dir/Middlewares/Third_Party/FreeRTOS/Source/CMSIS_RTOS_V2/cmsis_os2.c.obj
 .debug_info    0x00018622      0x2bf CMakeFiles/stm32project2.elf.dir/Middlewares/Third_Party/FreeRTOS/Source/list.c.obj
 .debug_info    0x000188e1      0x505 CMakeFiles/stm32project2.elf.dir/Middlewares/Third_Party/FreeRTOS/Source/portable/GCC/ARM_CM3/port.c.obj
 .debug_info    0x00018de6      0x593 CMakeFiles/stm32project2.elf.dir/Middlewares/Third_Party/FreeRTOS/Source/portable/MemMang/heap_4.c.obj
 .debug_info    0x00019379     0x27a8 CMakeFiles/stm32project2.elf.dir/Middlewares/Third_Party/FreeRTOS/Source/queue.c.obj
 .debug_info    0x0001bb21     0x37d5 CMakeFiles/stm32project2.elf.dir/Middlewares/Third_Party/FreeRTOS/Source/tasks.c.obj
 .debug_info    0x0001f2f6     0x2215 CMakeFiles/stm32project2.elf.dir/Middlewares/Third_Party/FreeRTOS/Source/timers.c.obj
 .debug_info    0x0002150b      0xcc1 CMakeFiles/stm32project2.elf.dir/New/Src/i2c.c.obj

.debug_abbrev   0x00000000     0x4572
 .debug_abbrev  0x00000000      0x252 CMakeFiles/stm32project2.elf.dir/Core/Src/can.c.obj
 .debug_abbrev  0x00000252      0x221 CMakeFiles/stm32project2.elf.dir/Core/Src/freertos.c.obj
 .debug_abbrev  0x00000473      0x151 CMakeFiles/stm32project2.elf.dir/Core/Src/gpio.c.obj
 .debug_abbrev  0x000005c4      0x249 CMakeFiles/stm32project2.elf.dir/Core/Src/main.c.obj
 .debug_abbrev  0x0000080d      0x137 CMakeFiles/stm32project2.elf.dir/Core/Src/stm32f1xx_hal_msp.c.obj
 .debug_abbrev  0x00000944      0x231 CMakeFiles/stm32project2.elf.dir/Core/Src/stm32f1xx_hal_timebase_tim.c.obj
 .debug_abbrev  0x00000b75      0x1d4 CMakeFiles/stm32project2.elf.dir/Core/Src/stm32f1xx_it.c.obj
 .debug_abbrev  0x00000d49       0xea CMakeFiles/stm32project2.elf.dir/Core/Src/sysmem.c.obj
 .debug_abbrev  0x00000e33      0x143 CMakeFiles/stm32project2.elf.dir/Core/Src/system_stm32f1xx.c.obj
 .debug_abbrev  0x00000f76      0x285 CMakeFiles/stm32project2.elf.dir/Core/Src/tim.c.obj
 .debug_abbrev  0x000011fb      0x223 CMakeFiles/stm32project2.elf.dir/Core/Src/usart.c.obj
 .debug_abbrev  0x0000141e       0x24 CMakeFiles/stm32project2.elf.dir/Core/Startup/startup_stm32f103zetx.s.obj
 .debug_abbrev  0x00001442      0x22d CMakeFiles/stm32project2.elf.dir/Drivers/STM32F1xx_HAL_Driver/Src/stm32f1xx_hal.c.obj
 .debug_abbrev  0x0000166f      0x262 CMakeFiles/stm32project2.elf.dir/Drivers/STM32F1xx_HAL_Driver/Src/stm32f1xx_hal_can.c.obj
 .debug_abbrev  0x000018d1      0x36d CMakeFiles/stm32project2.elf.dir/Drivers/STM32F1xx_HAL_Driver/Src/stm32f1xx_hal_cortex.c.obj
 .debug_abbrev  0x00001c3e      0x244 CMakeFiles/stm32project2.elf.dir/Drivers/STM32F1xx_HAL_Driver/Src/stm32f1xx_hal_dma.c.obj
 .debug_abbrev  0x00001e82      0x1f7 CMakeFiles/stm32project2.elf.dir/Drivers/STM32F1xx_HAL_Driver/Src/stm32f1xx_hal_gpio.c.obj
 .debug_abbrev  0x00002079      0x2a0 CMakeFiles/stm32project2.elf.dir/Drivers/STM32F1xx_HAL_Driver/Src/stm32f1xx_hal_rcc.c.obj
 .debug_abbrev  0x00002319      0x270 CMakeFiles/stm32project2.elf.dir/Drivers/STM32F1xx_HAL_Driver/Src/stm32f1xx_hal_tim.c.obj
 .debug_abbrev  0x00002589      0x26e CMakeFiles/stm32project2.elf.dir/Drivers/STM32F1xx_HAL_Driver/Src/stm32f1xx_hal_tim_ex.c.obj
 .debug_abbrev  0x000027f7      0x31c CMakeFiles/stm32project2.elf.dir/Drivers/STM32F1xx_HAL_Driver/Src/stm32f1xx_hal_uart.c.obj
 .debug_abbrev  0x00002b13      0x602 CMakeFiles/stm32project2.elf.dir/Middlewares/Third_Party/FreeRTOS/Source/CMSIS_RTOS_V2/cmsis_os2.c.obj
 .debug_abbrev  0x00003115      0x10a CMakeFiles/stm32project2.elf.dir/Middlewares/Third_Party/FreeRTOS/Source/list.c.obj
 .debug_abbrev  0x0000321f      0x2a4 CMakeFiles/stm32project2.elf.dir/Middlewares/Third_Party/FreeRTOS/Source/portable/GCC/ARM_CM3/port.c.obj
 .debug_abbrev  0x000034c3      0x263 CMakeFiles/stm32project2.elf.dir/Middlewares/Third_Party/FreeRTOS/Source/portable/MemMang/heap_4.c.obj
 .debug_abbrev  0x00003726      0x3ea CMakeFiles/stm32project2.elf.dir/Middlewares/Third_Party/FreeRTOS/Source/queue.c.obj
 .debug_abbrev  0x00003b10      0x45f CMakeFiles/stm32project2.elf.dir/Middlewares/Third_Party/FreeRTOS/Source/tasks.c.obj
 .debug_abbrev  0x00003f6f      0x3c7 CMakeFiles/stm32project2.elf.dir/Middlewares/Third_Party/FreeRTOS/Source/timers.c.obj
 .debug_abbrev  0x00004336      0x23c CMakeFiles/stm32project2.elf.dir/New/Src/i2c.c.obj

.debug_loclists
                0x00000000    0x10b60
 .debug_loclists
                0x00000000       0xa7 CMakeFiles/stm32project2.elf.dir/Core/Src/can.c.obj
 .debug_loclists
                0x000000a7       0x92 CMakeFiles/stm32project2.elf.dir/Core/Src/freertos.c.obj
 .debug_loclists
                0x00000139       0x40 CMakeFiles/stm32project2.elf.dir/Core/Src/main.c.obj
 .debug_loclists
                0x00000179       0x17 CMakeFiles/stm32project2.elf.dir/Core/Src/stm32f1xx_hal_msp.c.obj
 .debug_loclists
                0x00000190       0xb8 CMakeFiles/stm32project2.elf.dir/Core/Src/stm32f1xx_hal_timebase_tim.c.obj
 .debug_loclists
                0x00000248       0x52 CMakeFiles/stm32project2.elf.dir/Core/Src/sysmem.c.obj
 .debug_loclists
                0x0000029a       0xb7 CMakeFiles/stm32project2.elf.dir/Core/Src/system_stm32f1xx.c.obj
 .debug_loclists
                0x00000351       0x72 CMakeFiles/stm32project2.elf.dir/Core/Src/tim.c.obj
 .debug_loclists
                0x000003c3       0x75 CMakeFiles/stm32project2.elf.dir/Core/Src/usart.c.obj
 .debug_loclists
                0x00000438       0xe1 CMakeFiles/stm32project2.elf.dir/Drivers/STM32F1xx_HAL_Driver/Src/stm32f1xx_hal.c.obj
 .debug_loclists
                0x00000519      0xa1a CMakeFiles/stm32project2.elf.dir/Drivers/STM32F1xx_HAL_Driver/Src/stm32f1xx_hal_can.c.obj
 .debug_loclists
                0x00000f33      0x530 CMakeFiles/stm32project2.elf.dir/Drivers/STM32F1xx_HAL_Driver/Src/stm32f1xx_hal_cortex.c.obj
 .debug_loclists
                0x00001463      0x577 CMakeFiles/stm32project2.elf.dir/Drivers/STM32F1xx_HAL_Driver/Src/stm32f1xx_hal_dma.c.obj
 .debug_loclists
                0x000019da      0x302 CMakeFiles/stm32project2.elf.dir/Drivers/STM32F1xx_HAL_Driver/Src/stm32f1xx_hal_gpio.c.obj
 .debug_loclists
                0x00001cdc      0x42e CMakeFiles/stm32project2.elf.dir/Drivers/STM32F1xx_HAL_Driver/Src/stm32f1xx_hal_rcc.c.obj
 .debug_loclists
                0x0000210a     0x37b9 CMakeFiles/stm32project2.elf.dir/Drivers/STM32F1xx_HAL_Driver/Src/stm32f1xx_hal_tim.c.obj
 .debug_loclists
                0x000058c3     0x13df CMakeFiles/stm32project2.elf.dir/Drivers/STM32F1xx_HAL_Driver/Src/stm32f1xx_hal_tim_ex.c.obj
 .debug_loclists
                0x00006ca2     0x2cdc CMakeFiles/stm32project2.elf.dir/Drivers/STM32F1xx_HAL_Driver/Src/stm32f1xx_hal_uart.c.obj
 .debug_loclists
                0x0000997e     0x38ec CMakeFiles/stm32project2.elf.dir/Middlewares/Third_Party/FreeRTOS/Source/CMSIS_RTOS_V2/cmsis_os2.c.obj
 .debug_loclists
                0x0000d26a       0x75 CMakeFiles/stm32project2.elf.dir/Middlewares/Third_Party/FreeRTOS/Source/list.c.obj
 .debug_loclists
                0x0000d2df       0x98 CMakeFiles/stm32project2.elf.dir/Middlewares/Third_Party/FreeRTOS/Source/portable/GCC/ARM_CM3/port.c.obj
 .debug_loclists
                0x0000d377      0x2b7 CMakeFiles/stm32project2.elf.dir/Middlewares/Third_Party/FreeRTOS/Source/portable/MemMang/heap_4.c.obj
 .debug_loclists
                0x0000d62e     0x1132 CMakeFiles/stm32project2.elf.dir/Middlewares/Third_Party/FreeRTOS/Source/queue.c.obj
 .debug_loclists
                0x0000e760     0x1745 CMakeFiles/stm32project2.elf.dir/Middlewares/Third_Party/FreeRTOS/Source/tasks.c.obj
 .debug_loclists
                0x0000fea5      0xbb1 CMakeFiles/stm32project2.elf.dir/Middlewares/Third_Party/FreeRTOS/Source/timers.c.obj
 .debug_loclists
                0x00010a56      0x10a CMakeFiles/stm32project2.elf.dir/New/Src/i2c.c.obj

.debug_aranges  0x00000000     0x1638
 .debug_aranges
                0x00000000       0x30 CMakeFiles/stm32project2.elf.dir/Core/Src/can.c.obj
 .debug_aranges
                0x00000030       0x48 CMakeFiles/stm32project2.elf.dir/Core/Src/freertos.c.obj
 .debug_aranges
                0x00000078       0x20 CMakeFiles/stm32project2.elf.dir/Core/Src/gpio.c.obj
 .debug_aranges
                0x00000098       0x38 CMakeFiles/stm32project2.elf.dir/Core/Src/main.c.obj
 .debug_aranges
                0x000000d0       0x20 CMakeFiles/stm32project2.elf.dir/Core/Src/stm32f1xx_hal_msp.c.obj
 .debug_aranges
                0x000000f0       0x30 CMakeFiles/stm32project2.elf.dir/Core/Src/stm32f1xx_hal_timebase_tim.c.obj
 .debug_aranges
                0x00000120       0x60 CMakeFiles/stm32project2.elf.dir/Core/Src/stm32f1xx_it.c.obj
 .debug_aranges
                0x00000180       0x20 CMakeFiles/stm32project2.elf.dir/Core/Src/sysmem.c.obj
 .debug_aranges
                0x000001a0       0x28 CMakeFiles/stm32project2.elf.dir/Core/Src/system_stm32f1xx.c.obj
 .debug_aranges
                0x000001c8       0x40 CMakeFiles/stm32project2.elf.dir/Core/Src/tim.c.obj
 .debug_aranges
                0x00000208       0x30 CMakeFiles/stm32project2.elf.dir/Core/Src/usart.c.obj
 .debug_aranges
                0x00000238       0x28 CMakeFiles/stm32project2.elf.dir/Core/Startup/startup_stm32f103zetx.s.obj
 .debug_aranges
                0x00000260       0xe0 CMakeFiles/stm32project2.elf.dir/Drivers/STM32F1xx_HAL_Driver/Src/stm32f1xx_hal.c.obj
 .debug_aranges
                0x00000340      0x138 CMakeFiles/stm32project2.elf.dir/Drivers/STM32F1xx_HAL_Driver/Src/stm32f1xx_hal_can.c.obj
 .debug_aranges
                0x00000478       0xc0 CMakeFiles/stm32project2.elf.dir/Drivers/STM32F1xx_HAL_Driver/Src/stm32f1xx_hal_cortex.c.obj
 .debug_aranges
                0x00000538       0x80 CMakeFiles/stm32project2.elf.dir/Drivers/STM32F1xx_HAL_Driver/Src/stm32f1xx_hal_dma.c.obj
 .debug_aranges
                0x000005b8       0x58 CMakeFiles/stm32project2.elf.dir/Drivers/STM32F1xx_HAL_Driver/Src/stm32f1xx_hal_gpio.c.obj
 .debug_aranges
                0x00000610       0x90 CMakeFiles/stm32project2.elf.dir/Drivers/STM32F1xx_HAL_Driver/Src/stm32f1xx_hal_rcc.c.obj
 .debug_aranges
                0x000006a0      0x3d0 CMakeFiles/stm32project2.elf.dir/Drivers/STM32F1xx_HAL_Driver/Src/stm32f1xx_hal_tim.c.obj
 .debug_aranges
                0x00000a70      0x168 CMakeFiles/stm32project2.elf.dir/Drivers/STM32F1xx_HAL_Driver/Src/stm32f1xx_hal_tim_ex.c.obj
 .debug_aranges
                0x00000bd8      0x208 CMakeFiles/stm32project2.elf.dir/Drivers/STM32F1xx_HAL_Driver/Src/stm32f1xx_hal_uart.c.obj
 .debug_aranges
                0x00000de0      0x2a0 CMakeFiles/stm32project2.elf.dir/Middlewares/Third_Party/FreeRTOS/Source/CMSIS_RTOS_V2/cmsis_os2.c.obj
 .debug_aranges
                0x00001080       0x40 CMakeFiles/stm32project2.elf.dir/Middlewares/Third_Party/FreeRTOS/Source/list.c.obj
 .debug_aranges
                0x000010c0       0x78 CMakeFiles/stm32project2.elf.dir/Middlewares/Third_Party/FreeRTOS/Source/portable/GCC/ARM_CM3/port.c.obj
 .debug_aranges
                0x00001138       0x58 CMakeFiles/stm32project2.elf.dir/Middlewares/Third_Party/FreeRTOS/Source/portable/MemMang/heap_4.c.obj
 .debug_aranges
                0x00001190      0x158 CMakeFiles/stm32project2.elf.dir/Middlewares/Third_Party/FreeRTOS/Source/queue.c.obj
 .debug_aranges
                0x000012e8      0x208 CMakeFiles/stm32project2.elf.dir/Middlewares/Third_Party/FreeRTOS/Source/tasks.c.obj
 .debug_aranges
                0x000014f0       0xf0 CMakeFiles/stm32project2.elf.dir/Middlewares/Third_Party/FreeRTOS/Source/timers.c.obj
 .debug_aranges
                0x000015e0       0x58 CMakeFiles/stm32project2.elf.dir/New/Src/i2c.c.obj

.debug_rnglists
                0x00000000     0x11d8
 .debug_rnglists
                0x00000000       0x20 CMakeFiles/stm32project2.elf.dir/Core/Src/can.c.obj
 .debug_rnglists
                0x00000020       0x32 CMakeFiles/stm32project2.elf.dir/Core/Src/freertos.c.obj
 .debug_rnglists
                0x00000052       0x14 CMakeFiles/stm32project2.elf.dir/Core/Src/gpio.c.obj
 .debug_rnglists
                0x00000066       0x25 CMakeFiles/stm32project2.elf.dir/Core/Src/main.c.obj
 .debug_rnglists
                0x0000008b       0x13 CMakeFiles/stm32project2.elf.dir/Core/Src/stm32f1xx_hal_msp.c.obj
 .debug_rnglists
                0x0000009e       0x20 CMakeFiles/stm32project2.elf.dir/Core/Src/stm32f1xx_hal_timebase_tim.c.obj
 .debug_rnglists
                0x000000be       0x43 CMakeFiles/stm32project2.elf.dir/Core/Src/stm32f1xx_it.c.obj
 .debug_rnglists
                0x00000101       0x13 CMakeFiles/stm32project2.elf.dir/Core/Src/sysmem.c.obj
 .debug_rnglists
                0x00000114       0x1a CMakeFiles/stm32project2.elf.dir/Core/Src/system_stm32f1xx.c.obj
 .debug_rnglists
                0x0000012e       0x2c CMakeFiles/stm32project2.elf.dir/Core/Src/tim.c.obj
 .debug_rnglists
                0x0000015a       0x20 CMakeFiles/stm32project2.elf.dir/Core/Src/usart.c.obj
 .debug_rnglists
                0x0000017a       0x19 CMakeFiles/stm32project2.elf.dir/Core/Startup/startup_stm32f103zetx.s.obj
 .debug_rnglists
                0x00000193       0xa3 CMakeFiles/stm32project2.elf.dir/Drivers/STM32F1xx_HAL_Driver/Src/stm32f1xx_hal.c.obj
 .debug_rnglists
                0x00000236       0xea CMakeFiles/stm32project2.elf.dir/Drivers/STM32F1xx_HAL_Driver/Src/stm32f1xx_hal_can.c.obj
 .debug_rnglists
                0x00000320       0x8b CMakeFiles/stm32project2.elf.dir/Drivers/STM32F1xx_HAL_Driver/Src/stm32f1xx_hal_cortex.c.obj
 .debug_rnglists
                0x000003ab       0x60 CMakeFiles/stm32project2.elf.dir/Drivers/STM32F1xx_HAL_Driver/Src/stm32f1xx_hal_dma.c.obj
 .debug_rnglists
                0x0000040b       0x3f CMakeFiles/stm32project2.elf.dir/Drivers/STM32F1xx_HAL_Driver/Src/stm32f1xx_hal_gpio.c.obj
 .debug_rnglists
                0x0000044a       0x7d CMakeFiles/stm32project2.elf.dir/Drivers/STM32F1xx_HAL_Driver/Src/stm32f1xx_hal_rcc.c.obj
 .debug_rnglists
                0x000004c7      0x301 CMakeFiles/stm32project2.elf.dir/Drivers/STM32F1xx_HAL_Driver/Src/stm32f1xx_hal_tim.c.obj
 .debug_rnglists